
273                 await xrAnnotationRef.current.setupXRSession({
                                                  ~~~~~~~~~~~~~~

ai-platforms/annotateai/src/collaboration/G3DXRCollaboration.tsx:294:54 - error TS2339: Property 'setupDesktopMode' does not exist on type 'G3DCollaborationEngine'.

294                 await collaborationEngineRef.current.setupDesktopMode({
                                                         ~~~~~~~~~~~~~~~~

ai-platforms/annotateai/src/collaboration/G3DXRCollaboration.tsx:413:41 - error TS2341: Property 'renderFrame' is private and only accessible within class 'G3DXRAnnotation'.

413                 xrAnnotationRef.current.renderFrame(frame, {
                                            ~~~~~~~~~~~

ai-platforms/annotateai/src/collaboration/G3DXRCollaboration.tsx:751:47 - error TS2341: Property 'cleanup' is private and only accessible within class 'G3DXRAnnotation'.

751                 await xrAnnotationRef.current.cleanup();
                                                  ~~~~~~~

ai-platforms/annotateai/src/collaboration/G3DXRCollaboration.tsx:754:54 - error TS2339: Property 'cleanup' does not exist on type 'G3DCollaborationEngine'.

754                 await collaborationEngineRef.current.cleanup();
                                                         ~~~~~~~

ai-platforms/annotateai/src/collaboration/G3DXRCollaboration.tsx:849:20 - error TS2322: Type '{ children: string; jsx: true; }' is not assignable to type 'DetailedHTMLProps<StyleHTMLAttributes<HTMLStyleElement>, HTMLStyleElement>'.
  Property 'jsx' does not exist on type 'DetailedHTMLProps<StyleHTMLAttributes<HTMLStyleElement>, HTMLStyleElement>'.

849             <style jsx>{`
                       ~~~

ai-platforms/annotateai/src/components/ai-models/G3DAnomalyDetection.tsx:241:67 - error TS2554: Expected 1 arguments, but got 2.

241         const renderer = new G3DNativeRenderer(canvasRef.current, { antialias: true, alpha: true });
                                                                      ~~~~~~~~~~~~~~~~~~~~~~~~~~~~~~~~

ai-platforms/annotateai/src/components/ai-models/G3DAnomalyDetection.tsx:244:108 - error TS2554: Expected 1 arguments, but got 2.

244         const scene = new G3DSceneManager(rendererRef.current || new G3DNativeRenderer(canvasRef.current!, { antialias: true, alpha: true }));
                                                                                                               ~~~~~~~~~~~~~~~~~~~~~~~~~~~~~~~~

ai-platforms/annotateai/src/components/ai-models/G3DAnomalyDetection.tsx:423:77 - error TS2345: Argument of type 'G3DInferenceResult' is not assignable to parameter of type 'Float32Array<ArrayBufferLike>'.
  Type 'G3DInferenceResult' is missing the following properties from type 'Float32Array<ArrayBufferLike>': BYTES_PER_ELEMENT, buffer, byteLength, byteOffset, and 25 more.

423             const reconstructionError = calculateReconstructionError(input, reconstructed);
                                                                                ~~~~~~~~~~~~~

ai-platforms/annotateai/src/components/ai-models/G3DAnomalyDetection.tsx:449:59 - error TS2345: Argument of type 'G3DInferenceResult' is not assignable to parameter of type 'Float32Array<ArrayBufferLike>'.
  Type 'G3DInferenceResult' is missing the following properties from type 'Float32Array<ArrayBufferLike>': BYTES_PER_ELEMENT, buffer, byteLength, byteOffset, and 25 more.

449             const anomalyRegions = await findGANAnomalies(discriminatorScores, modelConfig.anomalyThreshold);
                                                              ~~~~~~~~~~~~~~~~~~~

ai-platforms/annotateai/src/components/ai-models/G3DAnomalyDetection.tsx:469:48 - error TS2339: Property 'extractFeatures' does not exist on type 'G3DModelRunner'.

469             const features = await modelRunner.extractFeatures(model.featureId, input);
                                                   ~~~~~~~~~~~~~~~

ai-platforms/annotateai/src/components/ai-models/G3DAnomalyDetection.tsx:507:17 - error TS2740: Type 'G3DInferenceResult' is missing the following properties from type 'Float32Array<ArrayBufferLike>': BYTES_PER_ELEMENT, buffer, byteLength, byteOffset, and 25 more.

507                 anomaly.localization.heatmap = heatmap;
                    ~~~~~~~~~~~~~~~~~~~~~~~~~~~~

ai-platforms/annotateai/src/components/ai-models/G3DAnomalyDetection.tsx:512:21 - error TS2740: Type 'G3DInferenceResult' is missing the following properties from type 'Float32Array<ArrayBufferLike>': BYTES_PER_ELEMENT, buffer, byteLength, byteOffset, and 25 more.

512                     anomaly.localization.gradcam = gradcam;
                        ~~~~~~~~~~~~~~~~~~~~~~~~~~~~

ai-platforms/annotateai/src/components/ai-models/G3DAnomalyDetection.tsx:518:21 - error TS2740: Type 'G3DInferenceResult' is missing the following properties from type 'Float32Array<ArrayBufferLike>': BYTES_PER_ELEMENT, buffer, byteLength, byteOffset, and 25 more.

518                     anomaly.localization.attention = attention;
                        ~~~~~~~~~~~~~~~~~~~~~~~~~~~~~~

ai-platforms/annotateai/src/components/ai-models/G3DAnomalyDetection.tsx:524:21 - error TS2740: Type 'G3DInferenceResult' is missing the following properties from type 'Float32Array<ArrayBufferLike>': BYTES_PER_ELEMENT, buffer, byteLength, byteOffset, and 25 more.

524                     anomaly.localization.saliency = saliency;
                        ~~~~~~~~~~~~~~~~~~~~~~~~~~~~~

ai-platforms/annotateai/src/components/ai-models/G3DAnomalyDetection.tsx:555:59 - error TS2345: Argument of type 'G3DInferenceResult' is not assignable to parameter of type 'Float32Array<ArrayBufferLike>'.
  Type 'G3DInferenceResult' is missing the following properties from type 'Float32Array<ArrayBufferLike>': BYTES_PER_ELEMENT, buffer, byteLength, byteOffset, and 25 more.

555                     anomaly.type = await parseAnomalyType(classification);
                                                              ~~~~~~~~~~~~~~

ai-platforms/annotateai/src/components/ai-models/G3DAnomalyDetection.tsx:556:67 - error TS2345: Argument of type 'G3DInferenceResult' is not assignable to parameter of type 'Float32Array<ArrayBufferLike>'.
  Type 'G3DInferenceResult' is missing the following properties from type 'Float32Array<ArrayBufferLike>': BYTES_PER_ELEMENT, buffer, byteLength, byteOffset, and 25 more.

556                     anomaly.category = await parseAnomalyCategory(classification);
                                                                      ~~~~~~~~~~~~~~

ai-platforms/annotateai/src/components/ai-models/G3DAnomalyDetection.tsx:733:54 - error TS2339: Property 'getMemoryUsage' does not exist on type 'G3DModelRunner'.

733                 memoryUsage: modelRunnerRef.current?.getMemoryUsage() || 0,
                                                         ~~~~~~~~~~~~~~

ai-platforms/annotateai/src/components/ai-models/G3DAnomalyDetection.tsx:851:30 - error TS2339: Property 'cleanup' does not exist on type 'G3DNativeRenderer'.

851         rendererRef.current?.cleanup();
                                 ~~~~~~~

ai-platforms/annotateai/src/components/ai-models/G3DClassificationModel.tsx:250:67 - error TS2554: Expected 1 arguments, but got 2.

250         const renderer = new G3DNativeRenderer(canvasRef.current, { antialias: true, alpha: true });
                                                                      ~~~~~~~~~~~~~~~~~~~~~~~~~~~~~~~~

ai-platforms/annotateai/src/components/ai-models/G3DClassificationModel.tsx:253:108 - error TS2554: Expected 1 arguments, but got 2.

253         const scene = new G3DSceneManager(rendererRef.current || new G3DNativeRenderer(canvasRef.current!, { antialias: true, alpha: true }));
                                                                                                               ~~~~~~~~~~~~~~~~~~~~~~~~~~~~~~~~

ai-platforms/annotateai/src/components/ai-models/G3DClassificationModel.tsx:451:34 - error TS2339: Property 'extractFeatures' does not exist on type 'G3DModelRunner'.

451         return await modelRunner.extractFeatures(model.id, input);
                                     ~~~~~~~~~~~~~~~

ai-platforms/annotateai/src/components/ai-models/G3DClassificationModel.tsx:662:54 - error TS2339: Property 'getMemoryUsage' does not exist on type 'G3DModelRunner'.

662                 memoryUsage: modelRunnerRef.current?.getMemoryUsage() || 0,
                                                         ~~~~~~~~~~~~~~

ai-platforms/annotateai/src/components/ai-models/G3DClassificationModel.tsx:682:37 - error TS2341: Property 'render' is private and only accessible within class 'G3DNativeRenderer'.

682                 rendererRef.current.render(sceneRef.current);
                                        ~~~~~~

ai-platforms/annotateai/src/components/ai-models/G3DClassificationModel.tsx:682:44 - error TS2554: Expected 0 arguments, but got 1.

682                 rendererRef.current.render(sceneRef.current);
                                               ~~~~~~~~~~~~~~~~

ai-platforms/annotateai/src/components/ai-models/G3DClassificationModel.tsx:691:30 - error TS2339: Property 'cleanup' does not exist on type 'G3DNativeRenderer'.

691         rendererRef.current?.cleanup();
                                 ~~~~~~~

ai-platforms/annotateai/src/components/ai-models/G3DFaceRecognition.tsx:353:67 - error TS2554: Expected 1 arguments, but got 2.

353         const renderer = new G3DNativeRenderer(canvasRef.current, { antialias: true, alpha: true });
                                                                      ~~~~~~~~~~~~~~~~~~~~~~~~~~~~~~~~

ai-platforms/annotateai/src/components/ai-models/G3DFaceRecognition.tsx:356:108 - error TS2554: Expected 1 arguments, but got 2.

356         const scene = new G3DSceneManager(rendererRef.current || new G3DNativeRenderer(canvasRef.current!, { antialias: true, alpha: true }));
                                                                                                               ~~~~~~~~~~~~~~~~~~~~~~~~~~~~~~~~

ai-platforms/annotateai/src/components/ai-models/G3DFaceRecognition.tsx:532:52 - error TS2339: Property 'length' does not exist on type 'G3DInferenceResult'.

532         for (let i = 0; i < Math.min(rawDetections.length / 5, config.maxFaces); i++) {
                                                       ~~~~~~

ai-platforms/annotateai/src/components/ai-models/G3DFaceRecognition.tsx:578:51 - error TS2345: Argument of type 'G3DInferenceResult' is not assignable to parameter of type 'Float32Array<ArrayBufferLike>'.
  Type 'G3DInferenceResult' is missing the following properties from type 'Float32Array<ArrayBufferLike>': BYTES_PER_ELEMENT, buffer, byteLength, byteOffset, and 25 more.

578             face.landmarks = await parseLandmarks(landmarks);
                                                      ~~~~~~~~~

ai-platforms/annotateai/src/components/ai-models/G3DFaceRecognition.tsx:602:59 - error TS2345: Argument of type 'G3DInferenceResult' is not assignable to parameter of type 'Float32Array<ArrayBufferLike>'.
  Type 'G3DInferenceResult' is missing the following properties from type 'Float32Array<ArrayBufferLike>': BYTES_PER_ELEMENT, buffer, byteLength, byteOffset, and 25 more.

602                 face.landmarks3D = await parse3DLandmarks(landmarks3D);
                                                              ~~~~~~~~~~~

ai-platforms/annotateai/src/components/ai-models/G3DFaceRecognition.tsx:623:64 - error TS2345: Argument of type 'G3DInferenceResult' is not assignable to parameter of type 'Float32Array<ArrayBufferLike>'.
  Type 'G3DInferenceResult' is missing the following properties from type 'Float32Array<ArrayBufferLike>': BYTES_PER_ELEMENT, buffer, byteLength, byteOffset, and 25 more.

623                 face.attributes.age = await parseAgeEstimation(ageGender);
                                                                   ~~~~~~~~~

ai-platforms/annotateai/src/components/ai-models/G3DFaceRecognition.tsx:624:74 - error TS2345: Argument of type 'G3DInferenceResult' is not assignable to parameter of type 'Float32Array<ArrayBufferLike>'.
  Type 'G3DInferenceResult' is missing the following properties from type 'Float32Array<ArrayBufferLike>': BYTES_PER_ELEMENT, buffer, byteLength, byteOffset, and 25 more.

624                 face.attributes.gender = await parseGenderClassification(ageGender);
                                                                             ~~~~~~~~~

ai-platforms/annotateai/src/components/ai-models/G3DFaceRecognition.tsx:630:76 - error TS2345: Argument of type 'G3DInferenceResult' is not assignable to parameter of type 'Float32Array<ArrayBufferLike>'.
  Type 'G3DInferenceResult' is missing the following properties from type 'Float32Array<ArrayBufferLike>': BYTES_PER_ELEMENT, buffer, byteLength, byteOffset, and 25 more.

630                 face.attributes.emotion = await parseEmotionClassification(emotions);
                                                                               ~~~~~~~~

ai-platforms/annotateai/src/components/ai-models/G3DFaceRecognition.tsx:646:56 - error TS2345: Argument of type 'ImageData' is not assignable to parameter of type 'Float32Array<ArrayBufferLike>'.
  Type 'ImageData' is missing the following properties from type 'Float32Array<ArrayBufferLike>': BYTES_PER_ELEMENT, buffer, byteLength, byteOffset, and 27 more.

646             const faceRegion = await extractFaceRegion(currentImage!, face.bbox);
                                                           ~~~~~~~~~~~~~

ai-platforms/annotateai/src/components/ai-models/G3DFaceRecognition.tsx:647:49 - error TS2339: Property 'extractFeatures' does not exist on type 'G3DModelRunner'.

647             const embedding = await modelRunner.extractFeatures('recognition', faceRegion);
                                                    ~~~~~~~~~~~~~~~

ai-platforms/annotateai/src/components/ai-models/G3DFaceRecognition.tsx:863:54 - error TS2339: Property 'getMemoryUsage' does not exist on type 'G3DModelRunner'.

863                 memoryUsage: modelRunnerRef.current?.getMemoryUsage() || 0,
                                                         ~~~~~~~~~~~~~~

ai-platforms/annotateai/src/components/ai-models/G3DFaceRecognition.tsx:974:30 - error TS2339: Property 'cleanup' does not exist on type 'G3DNativeRenderer'.

974         rendererRef.current?.cleanup();
                                 ~~~~~~~

ai-platforms/annotateai/src/components/ai-models/G3DImageClassificationModel.tsx:162:67 - error TS2554: Expected 1 arguments, but got 2.

162         const renderer = new G3DNativeRenderer(canvasRef.current, { antialias: true, alpha: true });
                                                                      ~~~~~~~~~~~~~~~~~~~~~~~~~~~~~~~~

ai-platforms/annotateai/src/components/ai-models/G3DImageClassificationModel.tsx:165:108 - error TS2554: Expected 1 arguments, but got 2.

165         const scene = new G3DSceneManager(rendererRef.current || new G3DNativeRenderer(canvasRef.current!, { antialias: true, alpha: true }));
                                                                                                               ~~~~~~~~~~~~~~~~~~~~~~~~~~~~~~~~

ai-platforms/annotateai/src/components/ai-models/G3DImageClassificationModel.tsx:344:38 - error TS2345: Argument of type 'G3DInferenceResult' is not assignable to parameter of type 'Float32Array<ArrayBufferLike>'.
  Type 'G3DInferenceResult' is missing the following properties from type 'Float32Array<ArrayBufferLike>': BYTES_PER_ELEMENT, buffer, byteLength, byteOffset, and 25 more.

344                 spatialFeatures.push(features);
                                         ~~~~~~~~

ai-platforms/annotateai/src/components/ai-models/G3DImageClassificationModel.tsx:367:13 - error TS2322: Type 'G3DInferenceResult | Float32Array<ArrayBuffer>' is not assignable to type 'Float32Array<ArrayBufferLike>'.
  Type 'G3DInferenceResult' is missing the following properties from type 'Float32Array<ArrayBufferLike>': BYTES_PER_ELEMENT, buffer, byteLength, byteOffset, and 25 more.

367             globalFeatures,
                ~~~~~~~~~~~~~~

  ai-platforms/annotateai/src/components/ai-models/G3DImageClassificationModel.tsx:63:5
    63     globalFeatures: Float32Array;
           ~~~~~~~~~~~~~~
    The expected type comes from property 'globalFeatures' which is declared here on type 'ImageFeatures'

ai-platforms/annotateai/src/components/ai-models/G3DImageClassificationModel.tsx:579:30 - error TS2339: Property 'cleanup' does not exist on type 'G3DNativeRenderer'.

579         rendererRef.current?.cleanup();
                                 ~~~~~~~

ai-platforms/annotateai/src/components/ai-models/G3DInstanceSegmentation.tsx:234:67 - error TS2554: Expected 1 arguments, but got 2.

234         const renderer = new G3DNativeRenderer(canvasRef.current, { antialias: true, alpha: true });
                                                                      ~~~~~~~~~~~~~~~~~~~~~~~~~~~~~~~~

ai-platforms/annotateai/src/components/ai-models/G3DInstanceSegmentation.tsx:237:108 - error TS2554: Expected 1 arguments, but got 2.

237         const scene = new G3DSceneManager(rendererRef.current || new G3DNativeRenderer(canvasRef.current!, { antialias: true, alpha: true }));
                                                                                                               ~~~~~~~~~~~~~~~~~~~~~~~~~~~~~~~~

ai-platforms/annotateai/src/components/ai-models/G3DInstanceSegmentation.tsx:555:9 - error TS2322: Type '"multiply" | "screen" | "alpha"' is not assignable to type 'GlobalCompositeOperation'.
  Type '"alpha"' is not assignable to type 'GlobalCompositeOperation'.

555         ctx.globalCompositeOperation = visualization.overlayMode;
            ~~~~~~~~~~~~~~~~~~~~~~~~~~~~

ai-platforms/annotateai/src/components/ai-models/G3DInstanceSegmentation.tsx:650:54 - error TS2339: Property 'getMemoryUsage' does not exist on type 'G3DModelRunner'.

650                 memoryUsage: modelRunnerRef.current?.getMemoryUsage() || 0,
                                                         ~~~~~~~~~~~~~~

ai-platforms/annotateai/src/components/ai-models/G3DInstanceSegmentation.tsx:670:37 - error TS2341: Property 'render' is private and only accessible within class 'G3DNativeRenderer'.

670                 rendererRef.current.render(sceneRef.current);
                                        ~~~~~~

ai-platforms/annotateai/src/components/ai-models/G3DInstanceSegmentation.tsx:670:44 - error TS2554: Expected 0 arguments, but got 1.

670                 rendererRef.current.render(sceneRef.current);
                                               ~~~~~~~~~~~~~~~~

ai-platforms/annotateai/src/components/ai-models/G3DInstanceSegmentation.tsx:679:30 - error TS2339: Property 'cleanup' does not exist on type 'G3DNativeRenderer'.

679         rendererRef.current?.cleanup();
                                 ~~~~~~~

ai-platforms/annotateai/src/components/ai-models/G3DKeypointDetectionModel.tsx:309:67 - error TS2554: Expected 1 arguments, but got 2.

309         const renderer = new G3DNativeRenderer(canvasRef.current, { antialias: true, alpha: true });
                                                                      ~~~~~~~~~~~~~~~~~~~~~~~~~~~~~~~~

ai-platforms/annotateai/src/components/ai-models/G3DKeypointDetectionModel.tsx:312:108 - error TS2554: Expected 1 arguments, but got 2.

312         const scene = new G3DSceneManager(rendererRef.current || new G3DNativeRenderer(canvasRef.current!, { antialias: true, alpha: true }));
                                                                                                               ~~~~~~~~~~~~~~~~~~~~~~~~~~~~~~~~

ai-platforms/annotateai/src/components/ai-models/G3DKeypointDetectionModel.tsx:474:49 - error TS2339: Property 'length' does not exist on type 'G3DInferenceResult'.

474         const numPoses = Math.min(rawDetections.length / (modelConfig.keypointCount * 3 + 5), config.maxPoses);
                                                    ~~~~~~

ai-platforms/annotateai/src/components/ai-models/G3DKeypointDetectionModel.tsx:689:21 - error TS2322: Type 'number[]' is not assignable to type '[number, number, number]'.
  Target requires 3 element(s) but source may have fewer.

689                     acceleration,
                        ~~~~~~~~~~~~

  ai-platforms/annotateai/src/components/ai-models/G3DKeypointDetectionModel.tsx:205:5
    205     acceleration: [number, number, number];
            ~~~~~~~~~~~~
    The expected type comes from property 'acceleration' which is declared here on type 'TrackingInfo'

ai-platforms/annotateai/src/components/ai-models/G3DKeypointDetectionModel.tsx:843:54 - error TS2339: Property 'getMemoryUsage' does not exist on type 'G3DModelRunner'.

843                 memoryUsage: modelRunnerRef.current?.getMemoryUsage() || 0,
                                                         ~~~~~~~~~~~~~~

ai-platforms/annotateai/src/components/ai-models/G3DKeypointDetectionModel.tsx:973:30 - error TS2339: Property 'cleanup' does not exist on type 'G3DNativeRenderer'.

973         rendererRef.current?.cleanup();
                                 ~~~~~~~

ai-platforms/annotateai/src/components/ai-models/G3DObjectDetectionModel.tsx:386:67 - error TS2554: Expected 1 arguments, but got 2.

386         const renderer = new G3DNativeRenderer(canvasRef.current, { antialias: true, alpha: true });
                                                                      ~~~~~~~~~~~~~~~~~~~~~~~~~~~~~~~~

ai-platforms/annotateai/src/components/ai-models/G3DObjectDetectionModel.tsx:389:108 - error TS2554: Expected 1 arguments, but got 2.

389         const scene = new G3DSceneManager(rendererRef.current || new G3DNativeRenderer(canvasRef.current!, { antialias: true, alpha: true }));
                                                                                                               ~~~~~~~~~~~~~~~~~~~~~~~~~~~~~~~~

ai-platforms/annotateai/src/components/ai-models/G3DObjectDetectionModel.tsx:407:49 - error TS2322: Type 'string' is not assignable to type 'DeviceConfig'.

407         const compute = new G3DComputeShaders({ device: 'gpu', shaderVersion: 'webgl2' });
                                                    ~~~~~~

  ai-platforms/annotateai/src/g3d-ai/G3DComputeShaders.ts:9:5
    9     device: DeviceConfig;
          ~~~~~~
    The expected type comes from property 'device' which is declared here on type 'ComputeShaderConfig'

ai-platforms/annotateai/src/components/ai-models/G3DObjectDetectionModel.tsx:470:76 - error TS2554: Expected 1 arguments, but got 2.

470         const modelData = await modelRunnerRef.current.loadModel(model.id, {
                                                                               ~
471             modelPath: model.modelPath,
    ~~~~~~~~~~~~~~~~~~~~~~~~~~~~~~~~~~~~~~~
... 
477             nmsThreshold: model.nmsThreshold
    ~~~~~~~~~~~~~~~~~~~~~~~~~~~~~~~~~~~~~~~~~~~~
478         });
    ~~~~~~~~~

ai-platforms/annotateai/src/components/ai-models/G3DObjectDetectionModel.tsx:481:13 - error TS2698: Spread types may only be created from object types.

481             ...modelData,
                ~~~~~~~~~~~~

ai-platforms/annotateai/src/components/ai-models/G3DObjectDetectionModel.tsx:492:76 - error TS2554: Expected 1 arguments, but got 2.

492         const modelData = await modelRunnerRef.current.loadModel(model.id, {
                                                                               ~
493             modelPath: model.modelPath,
    ~~~~~~~~~~~~~~~~~~~~~~~~~~~~~~~~~~~~~~~
... 
498             rpnConfig: model.architecture
    ~~~~~~~~~~~~~~~~~~~~~~~~~~~~~~~~~~~~~~~~~
499         });
    ~~~~~~~~~

ai-platforms/annotateai/src/components/ai-models/G3DObjectDetectionModel.tsx:502:13 - error TS2698: Spread types may only be created from object types.

502             ...modelData,
                ~~~~~~~~~~~~

ai-platforms/annotateai/src/components/ai-models/G3DObjectDetectionModel.tsx:581:36 - error TS2339: Property 'normalize' does not exist on type 'G3DComputeShaders'.

581             tensor = await compute.normalize(tensor, config.mean, config.std);
                                       ~~~~~~~~~

ai-platforms/annotateai/src/components/ai-models/G3DObjectDetectionModel.tsx:586:36 - error TS2339: Property 'resize' does not exist on type 'G3DComputeShaders'.

586             tensor = await compute.resize(tensor, config.resize);
                                       ~~~~~~

ai-platforms/annotateai/src/components/ai-models/G3DObjectDetectionModel.tsx:605:48 - error TS2339: Property 'runInference' does not exist on type 'G3DGPUCompute'.

605             return await gpuComputeRef.current.runInference(model.id, input);
                                                   ~~~~~~~~~~~~

ai-platforms/annotateai/src/components/ai-models/G3DObjectDetectionModel.tsx:769:46 - error TS2339: Property 'trainModel' does not exist on type 'G3DModelRunner'.

769             const result = await modelRunner.trainModel(modelId, trainingPipeline, {
                                                 ~~~~~~~~~~

ai-platforms/annotateai/src/components/ai-models/G3DObjectDetectionModel.tsx:811:54 - error TS2339: Property 'getMemoryUsage' does not exist on type 'G3DModelRunner'.

811                 memoryUsage: modelRunnerRef.current?.getMemoryUsage() || 0,
                                                         ~~~~~~~~~~~~~~

ai-platforms/annotateai/src/components/ai-models/G3DObjectDetectionModel.tsx:834:37 - error TS2341: Property 'render' is private and only accessible within class 'G3DNativeRenderer'.

834                 rendererRef.current.render(sceneRef.current);
                                        ~~~~~~

ai-platforms/annotateai/src/components/ai-models/G3DObjectDetectionModel.tsx:834:44 - error TS2554: Expected 0 arguments, but got 1.

834                 rendererRef.current.render(sceneRef.current);
                                               ~~~~~~~~~~~~~~~~

ai-platforms/annotateai/src/components/ai-models/G3DObjectDetectionModel.tsx:843:30 - error TS2339: Property 'cleanup' does not exist on type 'G3DNativeRenderer'.

843         rendererRef.current?.cleanup();
                                 ~~~~~~~

ai-platforms/annotateai/src/components/ai-models/G3DOpticalFlow.tsx:322:67 - error TS2554: Expected 1 arguments, but got 2.

322         const renderer = new G3DNativeRenderer(canvasRef.current, { antialias: true, alpha: true });
                                                                      ~~~~~~~~~~~~~~~~~~~~~~~~~~~~~~~~

ai-platforms/annotateai/src/components/ai-models/G3DOpticalFlow.tsx:325:108 - error TS2554: Expected 1 arguments, but got 2.

325         const scene = new G3DSceneManager(rendererRef.current || new G3DNativeRenderer(canvasRef.current!, { antialias: true, alpha: true }));
                                                                                                               ~~~~~~~~~~~~~~~~~~~~~~~~~~~~~~~~

ai-platforms/annotateai/src/components/ai-models/G3DOpticalFlow.tsx:941:54 - error TS2339: Property 'getMemoryUsage' does not exist on type 'G3DModelRunner'.

941                 memoryUsage: modelRunnerRef.current?.getMemoryUsage() || 0,
                                                         ~~~~~~~~~~~~~~

ai-platforms/annotateai/src/components/ai-models/G3DOpticalFlow.tsx:1050:30 - error TS2339: Property 'cleanup' does not exist on type 'G3DNativeRenderer'.

1050         rendererRef.current?.cleanup();
                                  ~~~~~~~

ai-platforms/annotateai/src/components/ai-models/G3DPointCloudAI.tsx:252:67 - error TS2554: Expected 1 arguments, but got 2.

252         const renderer = new G3DNativeRenderer(canvasRef.current, { antialias: true, alpha: true });
                                                                      ~~~~~~~~~~~~~~~~~~~~~~~~~~~~~~~~

ai-platforms/annotateai/src/components/ai-models/G3DPointCloudAI.tsx:255:108 - error TS2554: Expected 1 arguments, but got 2.

255         const scene = new G3DSceneManager(rendererRef.current || new G3DNativeRenderer(canvasRef.current!, { antialias: true, alpha: true }));
                                                                                                               ~~~~~~~~~~~~~~~~~~~~~~~~~~~~~~~~

ai-platforms/annotateai/src/components/ai-models/G3DPointCloudAI.tsx:520:32 - error TS2339: Property 'createPointCloudGeometry' does not exist on type 'G3DSceneManager'.

520         const geometry = scene.createPointCloudGeometry(data.points);
                                   ~~~~~~~~~~~~~~~~~~~~~~~~

ai-platforms/annotateai/src/components/ai-models/G3DPointCloudAI.tsx:529:15 - error TS2339: Property 'add' does not exist on type 'G3DSceneManager'.

529         scene.add(geometry);
                  ~~~

ai-platforms/annotateai/src/components/ai-models/G3DPointCloudAI.tsx:538:35 - error TS2339: Property 'createBoxGeometry' does not exist on type 'G3DSceneManager'.

538         const boxGeometry = scene.createBoxGeometry(bbox.size);
                                      ~~~~~~~~~~~~~~~~~

ai-platforms/annotateai/src/components/ai-models/G3DPointCloudAI.tsx:544:15 - error TS2339: Property 'add' does not exist on type 'G3DSceneManager'.

544         scene.add(boxGeometry);
                  ~~~

ai-platforms/annotateai/src/components/ai-models/G3DPointCloudAI.tsx:547:29 - error TS2339: Property 'createTextLabel' does not exist on type 'G3DSceneManager'.

547         const label = scene.createTextLabel(className, bbox.center);
                                ~~~~~~~~~~~~~~~

ai-platforms/annotateai/src/components/ai-models/G3DPointCloudAI.tsx:548:15 - error TS2339: Property 'add' does not exist on type 'G3DSceneManager'.

548         scene.add(label);
                  ~~~

ai-platforms/annotateai/src/components/ai-models/G3DPointCloudAI.tsx:554:43 - error TS2339: Property 'createPointCloudGeometry' does not exist on type 'G3DSceneManager'.

554             const segmentGeometry = scene.createPointCloudGeometry(segment.points);
                                              ~~~~~~~~~~~~~~~~~~~~~~~~

ai-platforms/annotateai/src/components/ai-models/G3DPointCloudAI.tsx:556:19 - error TS2339: Property 'add' does not exist on type 'G3DSceneManager'.

556             scene.add(segmentGeometry);
                      ~~~

ai-platforms/annotateai/src/components/ai-models/G3DPointCloudAI.tsx:750:30 - error TS2339: Property 'cleanup' does not exist on type 'G3DNativeRenderer'.

750         rendererRef.current?.cleanup();
                                 ~~~~~~~

ai-platforms/annotateai/src/components/ai-models/G3DPoseEstimation.tsx:360:67 - error TS2554: Expected 1 arguments, but got 2.

360         const renderer = new G3DNativeRenderer(canvasRef.current, { antialias: true, alpha: true });
                                                                      ~~~~~~~~~~~~~~~~~~~~~~~~~~~~~~~~

ai-platforms/annotateai/src/components/ai-models/G3DPoseEstimation.tsx:363:108 - error TS2554: Expected 1 arguments, but got 2.

363         const scene = new G3DSceneManager(rendererRef.current || new G3DNativeRenderer(canvasRef.current!, { antialias: true, alpha: true }));
                                                                                                               ~~~~~~~~~~~~~~~~~~~~~~~~~~~~~~~~

ai-platforms/annotateai/src/components/ai-models/G3DPoseEstimation.tsx:875:54 - error TS2339: Property 'getMemoryUsage' does not exist on type 'G3DModelRunner'.

875                 memoryUsage: modelRunnerRef.current?.getMemoryUsage() || 0,
                                                         ~~~~~~~~~~~~~~

ai-platforms/annotateai/src/components/ai-models/G3DPoseEstimation.tsx:903:37 - error TS2341: Property 'render' is private and only accessible within class 'G3DNativeRenderer'.

903                 rendererRef.current.render(sceneRef.current);
                                        ~~~~~~

ai-platforms/annotateai/src/components/ai-models/G3DPoseEstimation.tsx:903:44 - error TS2554: Expected 0 arguments, but got 1.

903                 rendererRef.current.render(sceneRef.current);
                                               ~~~~~~~~~~~~~~~~

ai-platforms/annotateai/src/components/ai-models/G3DPoseEstimation.tsx:912:30 - error TS2339: Property 'cleanup' does not exist on type 'G3DNativeRenderer'.

912         rendererRef.current?.cleanup();
                                 ~~~~~~~

ai-platforms/annotateai/src/components/ai-models/G3DTextDetection.tsx:280:67 - error TS2554: Expected 1 arguments, but got 2.

280         const renderer = new G3DNativeRenderer(canvasRef.current, { antialias: true, alpha: true });
                                                                      ~~~~~~~~~~~~~~~~~~~~~~~~~~~~~~~~

ai-platforms/annotateai/src/components/ai-models/G3DTextDetection.tsx:283:108 - error TS2554: Expected 1 arguments, but got 2.

283         const scene = new G3DSceneManager(rendererRef.current || new G3DNativeRenderer(canvasRef.current!, { antialias: true, alpha: true }));
                                                                                                               ~~~~~~~~~~~~~~~~~~~~~~~~~~~~~~~~

ai-platforms/annotateai/src/components/ai-models/G3DTextDetection.tsx:466:56 - error TS2339: Property 'length' does not exist on type 'G3DInferenceResult'.

466             for (let i = 0; i < Math.min(rawDetections.length / 9, config.maxRegions); i++) {
                                                           ~~~~~~

ai-platforms/annotateai/src/components/ai-models/G3DTextDetection.tsx:501:56 - error TS2339: Property 'length' does not exist on type 'G3DInferenceResult'.

501             for (let i = 0; i < Math.min(rawDetections.length / 5, config.maxRegions); i++) {
                                                           ~~~~~~

ai-platforms/annotateai/src/components/ai-models/G3DTextDetection.tsx:554:60 - error TS2345: Argument of type 'G3DInferenceResult' is not assignable to parameter of type 'Float32Array<ArrayBufferLike>'.
  Type 'G3DInferenceResult' is missing the following properties from type 'Float32Array<ArrayBufferLike>': BYTES_PER_ELEMENT, buffer, byteLength, byteOffset, and 25 more.

554                 region.text = await parseRecognitionResult(recognitionResult);
                                                               ~~~~~~~~~~~~~~~~~

ai-platforms/annotateai/src/components/ai-models/G3DTextDetection.tsx:558:58 - error TS2339: Property 'extractFeatures' does not exist on type 'G3DModelRunner'.

558                     region.embedding = await modelRunner.extractFeatures(model.embeddingId, textRegionData);
                                                             ~~~~~~~~~~~~~~~

ai-platforms/annotateai/src/components/ai-models/G3DTextDetection.tsx:736:54 - error TS2339: Property 'getMemoryUsage' does not exist on type 'G3DModelRunner'.

736                 memoryUsage: modelRunnerRef.current?.getMemoryUsage() || 0,
                                                         ~~~~~~~~~~~~~~

ai-platforms/annotateai/src/components/ai-models/G3DTextDetection.tsx:862:30 - error TS2339: Property 'cleanup' does not exist on type 'G3DNativeRenderer'.

862         rendererRef.current?.cleanup();
                                 ~~~~~~~

ai-platforms/annotateai/src/components/ai-models/G3DTimeSeriesAnalysis.tsx:310:67 - error TS2554: Expected 1 arguments, but got 2.

310         const renderer = new G3DNativeRenderer(canvasRef.current, { antialias: true, alpha: true });
                                                                      ~~~~~~~~~~~~~~~~~~~~~~~~~~~~~~~~

ai-platforms/annotateai/src/components/ai-models/G3DTimeSeriesAnalysis.tsx:313:108 - error TS2554: Expected 1 arguments, but got 2.

313         const scene = new G3DSceneManager(rendererRef.current || new G3DNativeRenderer(canvasRef.current!, { antialias: true, alpha: true }));
                                                                                                               ~~~~~~~~~~~~~~~~~~~~~~~~~~~~~~~~

ai-platforms/annotateai/src/components/ai-models/G3DTimeSeriesAnalysis.tsx:486:49 - error TS2345: Argument of type 'G3DInferenceResult' is not assignable to parameter of type 'Float32Array<ArrayBufferLike>'.
  Type 'G3DInferenceResult' is missing the following properties from type 'Float32Array<ArrayBufferLike>': BYTES_PER_ELEMENT, buffer, byteLength, byteOffset, and 25 more.

486         const trends = await parseTrendPatterns(trendFeatures, data.timestamps);
                                                    ~~~~~~~~~~~~~

ai-platforms/annotateai/src/components/ai-models/G3DTimeSeriesAnalysis.tsx:492:58 - error TS2345: Argument of type 'G3DInferenceResult' is not assignable to parameter of type 'Float32Array<ArrayBufferLike>'.
  Type 'G3DInferenceResult' is missing the following properties from type 'Float32Array<ArrayBufferLike>': BYTES_PER_ELEMENT, buffer, byteLength, byteOffset, and 25 more.

492             const seasonal = await parseSeasonalPatterns(seasonalFeatures, data.timestamps);
                                                             ~~~~~~~~~~~~~~~~

ai-platforms/annotateai/src/components/ai-models/G3DTimeSeriesAnalysis.tsx:499:53 - error TS2345: Argument of type 'G3DInferenceResult' is not assignable to parameter of type 'Float32Array<ArrayBufferLike>'.
  Type 'G3DInferenceResult' is missing the following properties from type 'Float32Array<ArrayBufferLike>': BYTES_PER_ELEMENT, buffer, byteLength, byteOffset, and 25 more.

499             const cycles = await parseCyclePatterns(cycleFeatures, data.timestamps);
                                                        ~~~~~~~~~~~~~

ai-platforms/annotateai/src/components/ai-models/G3DTimeSeriesAnalysis.tsx:506:65 - error TS2345: Argument of type 'G3DInferenceResult' is not assignable to parameter of type 'Float32Array<ArrayBufferLike>'.
  Type 'G3DInferenceResult' is missing the following properties from type 'Float32Array<ArrayBufferLike>': BYTES_PER_ELEMENT, buffer, byteLength, byteOffset, and 25 more.

506             const changepoints = await parseChangepointPatterns(changepointFeatures, data.timestamps);
                                                                    ~~~~~~~~~~~~~~~~~~~

ai-platforms/annotateai/src/components/ai-models/G3DTimeSeriesAnalysis.tsx:532:54 - error TS2345: Argument of type 'G3DInferenceResult' is not assignable to parameter of type 'Float32Array<ArrayBufferLike>'.
  Type 'G3DInferenceResult' is missing the following properties from type 'Float32Array<ArrayBufferLike>': BYTES_PER_ELEMENT, buffer, byteLength, byteOffset, and 25 more.

532             await generateDefaultConfidenceIntervals(predictions);
                                                         ~~~~~~~~~~~

ai-platforms/annotateai/src/components/ai-models/G3DTimeSeriesAnalysis.tsx:563:55 - error TS2345: Argument of type 'G3DInferenceResult' is not assignable to parameter of type 'Float32Array<ArrayBufferLike>'.
  Type 'G3DInferenceResult' is missing the following properties from type 'Float32Array<ArrayBufferLike>': BYTES_PER_ELEMENT, buffer, byteLength, byteOffset, and 25 more.

563             accuracy: await calculateForecastAccuracy(predictions, []), // Would use ground truth
                                                          ~~~~~~~~~~~

ai-platforms/annotateai/src/components/ai-models/G3DTimeSeriesAnalysis.tsx:764:54 - error TS2339: Property 'getMemoryUsage' does not exist on type 'G3DModelRunner'.

764                 memoryUsage: modelRunnerRef.current?.getMemoryUsage() || 0,
                                                         ~~~~~~~~~~~~~~

ai-platforms/annotateai/src/components/ai-models/G3DTimeSeriesAnalysis.tsx:856:30 - error TS2339: Property 'cleanup' does not exist on type 'G3DNativeRenderer'.

856         rendererRef.current?.cleanup();
                                 ~~~~~~~

ai-platforms/annotateai/src/components/ai-models/G3DVideoTrackingModel.tsx:170:67 - error TS2554: Expected 1 arguments, but got 2.

170         const renderer = new G3DNativeRenderer(canvasRef.current, { antialias: true, alpha: true });
                                                                      ~~~~~~~~~~~~~~~~~~~~~~~~~~~~~~~~

ai-platforms/annotateai/src/components/ai-models/G3DVideoTrackingModel.tsx:173:108 - error TS2554: Expected 1 arguments, but got 2.

173         const scene = new G3DSceneManager(rendererRef.current || new G3DNativeRenderer(canvasRef.current!, { antialias: true, alpha: true }));
                                                                                                               ~~~~~~~~~~~~~~~~~~~~~~~~~~~~~~~~

ai-platforms/annotateai/src/components/ai-models/G3DVideoTrackingModel.tsx:682:30 - error TS2339: Property 'cleanup' does not exist on type 'G3DNativeRenderer'.

682         rendererRef.current?.cleanup();
                                 ~~~~~~~

ai-platforms/annotateai/src/components/ai/annotation/G3DObjectDetectionModel.ts:415:60 - error TS2554: Expected 2 arguments, but got 1.

415         const preprocessShader = await this.computeShaders.createComputeShader(`
                                                               ~~~~~~~~~~~~~~~~~~~

  ai-platforms/annotateai/src/g3d-ai/G3DComputeShaders.ts:1054:45
    1054     async createComputeShader(name: string, source: string): Promise<void> {
                                                     ~~~~~~~~~~~~~~
    An argument for 'source' was not provided.

ai-platforms/annotateai/src/components/ai/annotation/G3DObjectDetectionModel.ts:473:56 - error TS2554: Expected 3-4 arguments, but got 1.

473         const outputBuffer = await this.computeShaders.createBuffer({
                                                           ~~~~~~~~~~~~

  ai-platforms/annotateai/src/g3d-ai/G3DComputeShaders.ts:236:9
    236         size: number,
                ~~~~~~~~~~~~
    An argument for 'size' was not provided.

ai-platforms/annotateai/src/components/ai/annotation/G3DObjectDetectionModel.ts:479:44 - error TS2345: Argument of type 'void' is not assignable to parameter of type 'string'.

479         await this.computeShaders.dispatch(preprocessShader, {
                                               ~~~~~~~~~~~~~~~~

ai-platforms/annotateai/src/components/ai/annotation/G3DObjectDetectionModel.ts:506:9 - error TS2740: Type 'ComputeBuffer' is missing the following properties from type 'GPUBuffer': __brand, mapState, mapAsync, getMappedRange, and 3 more.

506         return outputBuffer;
            ~~~~~~

ai-platforms/annotateai/src/components/ai/annotation/G3DObjectDetectionModel.ts:517:61 - error TS2345: Argument of type 'CompiledModel' is not assignable to parameter of type 'string'.

517         const outputs = await this.modelRunner.runInference(compiledModel, {
                                                                ~~~~~~~~~~~~~

ai-platforms/annotateai/src/components/annotation/G3D3DObjectAnnotation.tsx:414:13 - error TS2448: Block-scoped variable 'generateId' used before its declaration.

414         id: generateId(),
                ~~~~~~~~~~

  ai-platforms/annotateai/src/components/annotation/G3D3DObjectAnnotation.tsx:1124:11
    1124     const generateId = (): string => {
                   ~~~~~~~~~~
    'generateId' is declared here.

ai-platforms/annotateai/src/components/annotation/G3D3DObjectAnnotation.tsx:506:76 - error TS2554: Expected 1 arguments, but got 2.

506                 const renderer = new G3DNativeRenderer(canvasRef.current!, { antialias: true, alpha: true });
                                                                               ~~~~~~~~~~~~~~~~~~~~~~~~~~~~~~~~

ai-platforms/annotateai/src/components/annotation/G3D3DObjectAnnotation.tsx:509:116 - error TS2554: Expected 1 arguments, but got 2.

509                 const scene = new G3DSceneManager(rendererRef.current || new G3DNativeRenderer(canvasRef.current!, { antialias: true, alpha: true }));
                                                                                                                       ~~~~~~~~~~~~~~~~~~~~~~~~~~~~~~~~

ai-platforms/annotateai/src/components/annotation/G3D3DObjectAnnotation.tsx:518:57 - error TS2322: Type 'string' is not assignable to type 'DeviceConfig'.

518                 const compute = new G3DComputeShaders({ device: 'gpu', shaderVersion: 'webgl2' });
                                                            ~~~~~~

  ai-platforms/annotateai/src/g3d-ai/G3DComputeShaders.ts:9:5
    9     device: DeviceConfig;
          ~~~~~~
    The expected type comes from property 'device' which is declared here on type 'ComputeShaderConfig'

ai-platforms/annotateai/src/components/annotation/G3D3DObjectAnnotation.tsx:528:35 - error TS2339: Property 'init' does not exist on type 'G3DPhysicsIntegration'.

528                     await physics.init();
                                      ~~~~

ai-platforms/annotateai/src/components/annotation/G3D3DObjectAnnotation.tsx:532:85 - error TS2353: Object literal may only specify known properties, and 'enableLOD' does not exist in type 'PointCloudConfig'.

532                 const pointCloud = new G3DPointCloudProcessor({ maxPoints: 1000000, enableLOD: true });
                                                                                        ~~~~~~~~~

ai-platforms/annotateai/src/components/annotation/G3D3DObjectAnnotation.tsx:533:34 - error TS2339: Property 'init' does not exist on type 'G3DPointCloudProcessor'.

533                 await pointCloud.init();
                                     ~~~~

ai-platforms/annotateai/src/components/annotation/G3D3DObjectAnnotation.tsx:566:30 - error TS2339: Property 'createCamera' does not exist on type 'G3DSceneManager'.

566         const camera = scene.createCamera('perspective', {
                                 ~~~~~~~~~~~~

ai-platforms/annotateai/src/components/annotation/G3D3DObjectAnnotation.tsx:583:15 - error TS2339: Property 'setActiveCamera' does not exist on type 'G3DSceneManager'.

583         scene.setActiveCamera(camera);
                  ~~~~~~~~~~~~~~~

ai-platforms/annotateai/src/components/annotation/G3D3DObjectAnnotation.tsx:603:36 - error TS2339: Property 'createLight' does not exist on type 'G3DSceneManager'.

603         const ambientLight = scene.createLight('ambient', {
                                       ~~~~~~~~~~~

ai-platforms/annotateai/src/components/annotation/G3D3DObjectAnnotation.tsx:607:15 - error TS2339: Property 'add' does not exist on type 'G3DSceneManager'.

607         scene.add(ambientLight);
                  ~~~

ai-platforms/annotateai/src/components/annotation/G3D3DObjectAnnotation.tsx:611:33 - error TS2339: Property 'createLight' does not exist on type 'G3DSceneManager'.

611             const light = scene.createLight('directional', {
                                    ~~~~~~~~~~~

ai-platforms/annotateai/src/components/annotation/G3D3DObjectAnnotation.tsx:617:19 - error TS2339: Property 'add' does not exist on type 'G3DSceneManager'.

617             scene.add(light);
                      ~~~

ai-platforms/annotateai/src/components/annotation/G3D3DObjectAnnotation.tsx:622:33 - error TS2339: Property 'createLight' does not exist on type 'G3DSceneManager'.

622             const light = scene.createLight('point', {
                                    ~~~~~~~~~~~

ai-platforms/annotateai/src/components/annotation/G3D3DObjectAnnotation.tsx:629:19 - error TS2339: Property 'add' does not exist on type 'G3DSceneManager'.

629             scene.add(light);
                      ~~~

ai-platforms/annotateai/src/components/annotation/G3D3DObjectAnnotation.tsx:644:51 - error TS2554: Expected 2-5 arguments, but got 1.

644             const groundGeometry = await geometry.createPlane({
                                                      ~~~~~~~~~~~

  ai-platforms/annotateai/src/g3d-integration/G3DGeometryProcessor.ts:213:32
    213     createPlane(width: number, height: number, widthSegments: number = 1, heightSegments: number = 1, options?: G3DGeometryOptions): G3DGeometry {
                                       ~~~~~~~~~~~~~~
    An argument for 'height' was not provided.

ai-platforms/annotateai/src/components/annotation/G3D3DObjectAnnotation.tsx:650:52 - error TS2551: Property 'createMaterial' does not exist on type 'G3DMaterialSystem'. Did you mean 'createPBRMaterial'?

650             const groundMaterial = await materials.createMaterial({
                                                       ~~~~~~~~~~~~~~

  ai-platforms/annotateai/src/g3d-integration/G3DMaterialSystem.ts:516:5
    516     createPBRMaterial(name: string, params?: Partial<G3DPBRMaterial>): G3DPBRMaterial {
            ~~~~~~~~~~~~~~~~~
    'createPBRMaterial' is declared here.

ai-platforms/annotateai/src/components/annotation/G3D3DObjectAnnotation.tsx:657:44 - error TS2339: Property 'createMesh' does not exist on type 'G3DSceneManager'.

657             const groundMesh = await scene.createMesh('ground', groundGeometry, groundMaterial);
                                               ~~~~~~~~~~

ai-platforms/annotateai/src/components/annotation/G3D3DObjectAnnotation.tsx:659:19 - error TS2339: Property 'add' does not exist on type 'G3DSceneManager'.

659             scene.add(groundMesh);
                      ~~~

ai-platforms/annotateai/src/components/annotation/G3D3DObjectAnnotation.tsx:663:42 - error TS2339: Property 'addStaticPlane' does not exist on type 'G3DPhysicsIntegration'.

663                 await physicsRef.current.addStaticPlane({
                                             ~~~~~~~~~~~~~~

ai-platforms/annotateai/src/components/annotation/G3D3DObjectAnnotation.tsx:672:19 - error TS2339: Property 'setFog' does not exist on type 'G3DSceneManager'.

672             scene.setFog({
                      ~~~~~~

ai-platforms/annotateai/src/components/annotation/G3D3DObjectAnnotation.tsx:691:15 - error TS2339: Property 'add' does not exist on type 'G3DSceneManager'.

691         scene.add(axesHelper);
                  ~~~

ai-platforms/annotateai/src/components/annotation/G3D3DObjectAnnotation.tsx:695:15 - error TS2339: Property 'add' does not exist on type 'G3DSceneManager'.

695         scene.add(gridHelper);
                  ~~~

ai-platforms/annotateai/src/components/annotation/G3D3DObjectAnnotation.tsx:707:46 - error TS2551: Property 'createLine' does not exist on type 'G3DGeometryProcessor'. Did you mean 'createPlane'?

707         const xAxisGeometry = await geometry.createLine([
                                                 ~~~~~~~~~~

  ai-platforms/annotateai/src/g3d-integration/G3DGeometryProcessor.ts:213:5
    213     createPlane(width: number, height: number, widthSegments: number = 1, heightSegments: number = 1, options?: G3DGeometryOptions): G3DGeometry {
            ~~~~~~~~~~~
    'createPlane' is declared here.

ai-platforms/annotateai/src/components/annotation/G3D3DObjectAnnotation.tsx:711:47 - error TS2551: Property 'createMaterial' does not exist on type 'G3DMaterialSystem'. Did you mean 'createPBRMaterial'?

711         const xAxisMaterial = await materials.createMaterial({
                                                  ~~~~~~~~~~~~~~

  ai-platforms/annotateai/src/g3d-integration/G3DMaterialSystem.ts:516:5
    516     createPBRMaterial(name: string, params?: Partial<G3DPBRMaterial>): G3DPBRMaterial {
            ~~~~~~~~~~~~~~~~~
    'createPBRMaterial' is declared here.

ai-platforms/annotateai/src/components/annotation/G3D3DObjectAnnotation.tsx:715:35 - error TS2339: Property 'createMesh' does not exist on type 'G3DSceneManager'.

715         const xAxis = await scene.createMesh('x-axis', xAxisGeometry, xAxisMaterial);
                                      ~~~~~~~~~~

ai-platforms/annotateai/src/components/annotation/G3D3DObjectAnnotation.tsx:718:46 - error TS2551: Property 'createLine' does not exist on type 'G3DGeometryProcessor'. Did you mean 'createPlane'?

718         const yAxisGeometry = await geometry.createLine([
                                                 ~~~~~~~~~~

  ai-platforms/annotateai/src/g3d-integration/G3DGeometryProcessor.ts:213:5
    213     createPlane(width: number, height: number, widthSegments: number = 1, heightSegments: number = 1, options?: G3DGeometryOptions): G3DGeometry {
            ~~~~~~~~~~~
    'createPlane' is declared here.

ai-platforms/annotateai/src/components/annotation/G3D3DObjectAnnotation.tsx:722:47 - error TS2551: Property 'createMaterial' does not exist on type 'G3DMaterialSystem'. Did you mean 'createPBRMaterial'?

722         const yAxisMaterial = await materials.createMaterial({
                                                  ~~~~~~~~~~~~~~

  ai-platforms/annotateai/src/g3d-integration/G3DMaterialSystem.ts:516:5
    516     createPBRMaterial(name: string, params?: Partial<G3DPBRMaterial>): G3DPBRMaterial {
            ~~~~~~~~~~~~~~~~~
    'createPBRMaterial' is declared here.

ai-platforms/annotateai/src/components/annotation/G3D3DObjectAnnotation.tsx:726:35 - error TS2339: Property 'createMesh' does not exist on type 'G3DSceneManager'.

726         const yAxis = await scene.createMesh('y-axis', yAxisGeometry, yAxisMaterial);
                                      ~~~~~~~~~~

ai-platforms/annotateai/src/components/annotation/G3D3DObjectAnnotation.tsx:729:46 - error TS2551: Property 'createLine' does not exist on type 'G3DGeometryProcessor'. Did you mean 'createPlane'?

729         const zAxisGeometry = await geometry.createLine([
                                                 ~~~~~~~~~~

  ai-platforms/annotateai/src/g3d-integration/G3DGeometryProcessor.ts:213:5
    213     createPlane(width: number, height: number, widthSegments: number = 1, heightSegments: number = 1, options?: G3DGeometryOptions): G3DGeometry {
            ~~~~~~~~~~~
    'createPlane' is declared here.

ai-platforms/annotateai/src/components/annotation/G3D3DObjectAnnotation.tsx:733:47 - error TS2551: Property 'createMaterial' does not exist on type 'G3DMaterialSystem'. Did you mean 'createPBRMaterial'?

733         const zAxisMaterial = await materials.createMaterial({
                                                  ~~~~~~~~~~~~~~

  ai-platforms/annotateai/src/g3d-integration/G3DMaterialSystem.ts:516:5
    516     createPBRMaterial(name: string, params?: Partial<G3DPBRMaterial>): G3DPBRMaterial {
            ~~~~~~~~~~~~~~~~~
    'createPBRMaterial' is declared here.

ai-platforms/annotateai/src/components/annotation/G3D3DObjectAnnotation.tsx:737:35 - error TS2339: Property 'createMesh' does not exist on type 'G3DSceneManager'.

737         const zAxis = await scene.createMesh('z-axis', zAxisGeometry, zAxisMaterial);
                                      ~~~~~~~~~~

ai-platforms/annotateai/src/components/annotation/G3D3DObjectAnnotation.tsx:740:33 - error TS2551: Property 'createGroup' does not exist on type 'G3DSceneManager'. Did you mean 'createLODGroup'?

740         const axesGroup = scene.createGroup('axes-helper');
                                    ~~~~~~~~~~~

  ai-platforms/annotateai/src/g3d-integration/G3DSceneManager.ts:447:5
    447     createLODGroup(name: string, config: G3DLODConfig): G3DSceneNode {
            ~~~~~~~~~~~~~~
    'createLODGroup' is declared here.

ai-platforms/annotateai/src/components/annotation/G3D3DObjectAnnotation.tsx:777:45 - error TS2551: Property 'createLine' does not exist on type 'G3DGeometryProcessor'. Did you mean 'createPlane'?

777         const gridGeometry = await geometry.createLine(lines);
                                                ~~~~~~~~~~

  ai-platforms/annotateai/src/g3d-integration/G3DGeometryProcessor.ts:213:5
    213     createPlane(width: number, height: number, widthSegments: number = 1, heightSegments: number = 1, options?: G3DGeometryOptions): G3DGeometry {
            ~~~~~~~~~~~
    'createPlane' is declared here.

ai-platforms/annotateai/src/components/annotation/G3D3DObjectAnnotation.tsx:778:46 - error TS2551: Property 'createMaterial' does not exist on type 'G3DMaterialSystem'. Did you mean 'createPBRMaterial'?

778         const gridMaterial = await materials.createMaterial({
                                                 ~~~~~~~~~~~~~~

  ai-platforms/annotateai/src/g3d-integration/G3DMaterialSystem.ts:516:5
    516     createPBRMaterial(name: string, params?: Partial<G3DPBRMaterial>): G3DPBRMaterial {
            ~~~~~~~~~~~~~~~~~
    'createPBRMaterial' is declared here.

ai-platforms/annotateai/src/components/annotation/G3D3DObjectAnnotation.tsx:784:28 - error TS2339: Property 'createMesh' does not exist on type 'G3DSceneManager'.

784         return await scene.createMesh('grid-helper', gridGeometry, gridMaterial);
                               ~~~~~~~~~~

ai-platforms/annotateai/src/components/annotation/G3D3DObjectAnnotation.tsx:818:49 - error TS2339: Property 'createPointCloud' does not exist on type 'G3DPointCloudProcessor'.

818         const pointCloudMesh = await pointCloud.createPointCloud({
                                                    ~~~~~~~~~~~~~~~~

ai-platforms/annotateai/src/components/annotation/G3D3DObjectAnnotation.tsx:828:15 - error TS2339: Property 'add' does not exist on type 'G3DSceneManager'.

828         scene.add(pointCloudMesh);
                  ~~~

ai-platforms/annotateai/src/components/annotation/G3D3DObjectAnnotation.tsx:839:45 - error TS2339: Property 'createFromArrays' does not exist on type 'G3DGeometryProcessor'.

839         const meshGeometry = await geometry.createFromArrays({
                                                ~~~~~~~~~~~~~~~~

ai-platforms/annotateai/src/components/annotation/G3D3DObjectAnnotation.tsx:846:46 - error TS2551: Property 'createMaterial' does not exist on type 'G3DMaterialSystem'. Did you mean 'createPBRMaterial'?

846         const meshMaterial = await materials.createMaterial({
                                                 ~~~~~~~~~~~~~~

  ai-platforms/annotateai/src/g3d-integration/G3DMaterialSystem.ts:516:5
    516     createPBRMaterial(name: string, params?: Partial<G3DPBRMaterial>): G3DPBRMaterial {
            ~~~~~~~~~~~~~~~~~
    'createPBRMaterial' is declared here.

ai-platforms/annotateai/src/components/annotation/G3D3DObjectAnnotation.tsx:853:34 - error TS2339: Property 'createMesh' does not exist on type 'G3DSceneManager'.

853         const mesh = await scene.createMesh(`mesh-${data.id}`, meshGeometry, meshMaterial);
                                     ~~~~~~~~~~

ai-platforms/annotateai/src/components/annotation/G3D3DObjectAnnotation.tsx:854:15 - error TS2339: Property 'add' does not exist on type 'G3DSceneManager'.

854         scene.add(mesh);
                  ~~~

ai-platforms/annotateai/src/components/annotation/G3D3DObjectAnnotation.tsx:869:30 - error TS2339: Property 'add' does not exist on type 'G3DSceneManager'.

869             sceneRef.current.add(volumeMesh);
                                 ~~~

ai-platforms/annotateai/src/components/annotation/G3D3DObjectAnnotation.tsx:974:43 - error TS2339: Property 'createCube' does not exist on type 'G3DGeometryProcessor'.

974                 meshData = await geometry.createCube({ size: 1 });
                                              ~~~~~~~~~~

ai-platforms/annotateai/src/components/annotation/G3D3DObjectAnnotation.tsx:977:56 - error TS2345: Argument of type '{ radius: number; segments: number; }' is not assignable to parameter of type 'number'.

977                 meshData = await geometry.createSphere({ radius: 0.5, segments: 32 });
                                                           ~~~~~~~~~~~~~~~~~~~~~~~~~~~~~

ai-platforms/annotateai/src/components/annotation/G3D3DObjectAnnotation.tsx:980:43 - error TS2339: Property 'createCylinder' does not exist on type 'G3DGeometryProcessor'.

980                 meshData = await geometry.createCylinder({ radius: 0.5, height: 1, segments: 32 });
                                              ~~~~~~~~~~~~~~

ai-platforms/annotateai/src/components/annotation/G3D3DObjectAnnotation.tsx:983:43 - error TS2554: Expected 2-5 arguments, but got 1.

983                 meshData = await geometry.createPlane({ width: 1, height: 1, segments: 1 });
                                              ~~~~~~~~~~~

  ai-platforms/annotateai/src/g3d-integration/G3DGeometryProcessor.ts:213:32
    213     createPlane(width: number, height: number, widthSegments: number = 1, heightSegments: number = 1, options?: G3DGeometryOptions): G3DGeometry {
                                       ~~~~~~~~~~~~~~
    An argument for 'height' was not provided.

ai-platforms/annotateai/src/components/annotation/G3D3DObjectAnnotation.tsx:986:43 - error TS2339: Property 'createCube' does not exist on type 'G3DGeometryProcessor'.

986                 meshData = await geometry.createCube({ size: 1 });
                                              ~~~~~~~~~~

ai-platforms/annotateai/src/components/annotation/G3D3DObjectAnnotation.tsx:990:40 - error TS2339: Property 'calculateBoundingBox' does not exist on type 'G3DMathLibraries'.

990         const boundingBox = await math.calculateBoundingBox(meshData.vertices);
                                           ~~~~~~~~~~~~~~~~~~~~

ai-platforms/annotateai/src/components/annotation/G3D3DObjectAnnotation.tsx:991:43 - error TS2339: Property 'calculateBoundingSphere' does not exist on type 'G3DMathLibraries'.

991         const boundingSphere = await math.calculateBoundingSphere(meshData.vertices);
                                              ~~~~~~~~~~~~~~~~~~~~~~~

ai-platforms/annotateai/src/components/annotation/G3D3DObjectAnnotation.tsx:992:35 - error TS2339: Property 'calculateVolume' does not exist on type 'G3DMathLibraries'.

992         const volume = await math.calculateVolume(meshData.vertices, meshData.indices);
                                      ~~~~~~~~~~~~~~~

ai-platforms/annotateai/src/components/annotation/G3D3DObjectAnnotation.tsx:993:40 - error TS2339: Property 'calculateSurfaceArea' does not exist on type 'G3DMathLibraries'.

993         const surfaceArea = await math.calculateSurfaceArea(meshData.vertices, meshData.indices);
                                           ~~~~~~~~~~~~~~~~~~~~

ai-platforms/annotateai/src/components/annotation/G3D3DObjectAnnotation.tsx:1024:47 - error TS2339: Property 'createFromArrays' does not exist on type 'G3DGeometryProcessor'.

1024         const objectGeometry = await geometry.createFromArrays({
                                                   ~~~~~~~~~~~~~~~~

ai-platforms/annotateai/src/components/annotation/G3D3DObjectAnnotation.tsx:1032:48 - error TS2551: Property 'createMaterial' does not exist on type 'G3DMaterialSystem'. Did you mean 'createPBRMaterial'?

1032         const objectMaterial = await materials.createMaterial({
                                                    ~~~~~~~~~~~~~~

  ai-platforms/annotateai/src/g3d-integration/G3DMaterialSystem.ts:516:5
    516     createPBRMaterial(name: string, params?: Partial<G3DPBRMaterial>): G3DPBRMaterial {
            ~~~~~~~~~~~~~~~~~
    'createPBRMaterial' is declared here.

ai-platforms/annotateai/src/components/annotation/G3D3DObjectAnnotation.tsx:1044:40 - error TS2339: Property 'createMesh' does not exist on type 'G3DSceneManager'.

1044         const objectMesh = await scene.createMesh(object.id, objectGeometry, objectMaterial);
                                            ~~~~~~~~~~

ai-platforms/annotateai/src/components/annotation/G3D3DObjectAnnotation.tsx:1065:15 - error TS2339: Property 'add' does not exist on type 'G3DSceneManager'.

1065         scene.add(objectMesh);
                   ~~~

ai-platforms/annotateai/src/components/annotation/G3D3DObjectAnnotation.tsx:1114:30 - error TS2339: Property 'getActiveCamera' does not exist on type 'G3DSceneManager'.

1114         const camera = scene.getActiveCamera();
                                  ~~~~~~~~~~~~~~~

ai-platforms/annotateai/src/components/annotation/G3D3DObjectAnnotation.tsx:1169:37 - error TS2341: Property 'render' is private and only accessible within class 'G3DNativeRenderer'.

1169                 rendererRef.current.render(sceneRef.current);
                                         ~~~~~~

ai-platforms/annotateai/src/components/annotation/G3D3DObjectAnnotation.tsx:1169:44 - error TS2554: Expected 0 arguments, but got 1.

1169                 rendererRef.current.render(sceneRef.current);
                                                ~~~~~~~~~~~~~~~~

ai-platforms/annotateai/src/components/annotation/G3D3DObjectAnnotation.tsx:1175:47 - error TS2339: Property 'getFPS' does not exist on type 'G3DNativeRenderer'.

1175                     fps: rendererRef.current?.getFPS() || 60,
                                                   ~~~~~~

ai-platforms/annotateai/src/components/annotation/G3D3DObjectAnnotation.tsx:1177:55 - error TS2339: Property 'getGPUMemoryUsage' does not exist on type 'G3DNativeRenderer'.

1177                     memoryUsage: rendererRef.current?.getGPUMemoryUsage() || 0
                                                           ~~~~~~~~~~~~~~~~~

ai-platforms/annotateai/src/components/annotation/G3D3DObjectAnnotation.tsx:1189:30 - error TS2339: Property 'cleanup' does not exist on type 'G3DNativeRenderer'.

1189         rendererRef.current?.cleanup();
                                  ~~~~~~~

ai-platforms/annotateai/src/components/annotation/G3DBoundingBoxTool.tsx:173:76 - error TS2554: Expected 1 arguments, but got 2.

173                 const renderer = new G3DNativeRenderer(canvasRef.current!, {
                                                                               ~
174                     antialias: true,
    ~~~~~~~~~~~~~~~~~~~~~~~~~~~~~~~~~~~~
... 
177                     powerPreference: 'high-performance'
    ~~~~~~~~~~~~~~~~~~~~~~~~~~~~~~~~~~~~~~~~~~~~~~~~~~~~~~~
178                 });
    ~~~~~~~~~~~~~~~~~

ai-platforms/annotateai/src/components/annotation/G3DBoundingBoxTool.tsx:179:32 - error TS2339: Property 'init' does not exist on type 'G3DNativeRenderer'.

179                 await renderer.init();
                                   ~~~~

ai-platforms/annotateai/src/components/annotation/G3DBoundingBoxTool.tsx:187:57 - error TS2554: Expected 0 arguments, but got 1.

187                 const materials = new G3DMaterialSystem(renderer);
                                                            ~~~~~~~~

ai-platforms/annotateai/src/components/annotation/G3DBoundingBoxTool.tsx:195:63 - error TS2554: Expected 0 arguments, but got 1.

195                 const optimizer = new G3DPerformanceOptimizer(renderer);
                                                                  ~~~~~~~~

ai-platforms/annotateai/src/components/annotation/G3DBoundingBoxTool.tsx:234:64 - error TS2345: Argument of type 'ImageData' is not assignable to parameter of type 'HTMLCanvasElement | HTMLImageElement | ImageBitmap'.
  Property 'close' is missing in type 'ImageData' but required in type 'ImageBitmap'.

234             const imageTexture = await materials.createTexture(imageData);
                                                                   ~~~~~~~~~

  node_modules/typescript/lib/lib.dom.d.ts:15085:5
    15085     close(): void;
              ~~~~~~~~~~~~~~
    'close' is declared here.

ai-platforms/annotateai/src/components/annotation/G3DBoundingBoxTool.tsx:235:41 - error TS2554: Expected 2-5 arguments, but got 1.

235             const imagePlane = geometry.createPlane({
                                            ~~~~~~~~~~~

  ai-platforms/annotateai/src/g3d-integration/G3DGeometryProcessor.ts:213:32
    213     createPlane(width: number, height: number, widthSegments: number = 1, heightSegments: number = 1, options?: G3DGeometryOptions): G3DGeometry {
                                       ~~~~~~~~~~~~~~
    An argument for 'height' was not provided.

ai-platforms/annotateai/src/components/annotation/G3DBoundingBoxTool.tsx:239:45 - error TS2551: Property 'createMaterial' does not exist on type 'G3DMaterialSystem'. Did you mean 'createPBRMaterial'?

239             const imageMaterial = materials.createMaterial({
                                                ~~~~~~~~~~~~~~

  ai-platforms/annotateai/src/g3d-integration/G3DMaterialSystem.ts:516:5
    516     createPBRMaterial(name: string, params?: Partial<G3DPBRMaterial>): G3DPBRMaterial {
            ~~~~~~~~~~~~~~~~~
    'createPBRMaterial' is declared here.

ai-platforms/annotateai/src/components/annotation/G3DBoundingBoxTool.tsx:244:37 - error TS2339: Property 'createMesh' does not exist on type 'G3DSceneManager'.

244             const imageMesh = scene.createMesh('background-image', imagePlane, imageMaterial);
                                        ~~~~~~~~~~

ai-platforms/annotateai/src/components/annotation/G3DBoundingBoxTool.tsx:246:19 - error TS2339: Property 'add' does not exist on type 'G3DSceneManager'.

246             scene.add(imageMesh);
                      ~~~

ai-platforms/annotateai/src/components/annotation/G3DBoundingBoxTool.tsx:251:49 - error TS2339: Property 'createPointCloud' does not exist on type 'G3DGeometryProcessor'.

251             const pointCloudGeometry = geometry.createPointCloud(pointCloudData);
                                                    ~~~~~~~~~~~~~~~~

ai-platforms/annotateai/src/components/annotation/G3DBoundingBoxTool.tsx:252:50 - error TS2551: Property 'createMaterial' does not exist on type 'G3DMaterialSystem'. Did you mean 'createPBRMaterial'?

252             const pointCloudMaterial = materials.createMaterial({
                                                     ~~~~~~~~~~~~~~

  ai-platforms/annotateai/src/g3d-integration/G3DMaterialSystem.ts:516:5
    516     createPBRMaterial(name: string, params?: Partial<G3DPBRMaterial>): G3DPBRMaterial {
            ~~~~~~~~~~~~~~~~~
    'createPBRMaterial' is declared here.

ai-platforms/annotateai/src/components/annotation/G3DBoundingBoxTool.tsx:257:42 - error TS2339: Property 'createMesh' does not exist on type 'G3DSceneManager'.

257             const pointCloudMesh = scene.createMesh('point-cloud', pointCloudGeometry, pointCloudMaterial);
                                             ~~~~~~~~~~

ai-platforms/annotateai/src/components/annotation/G3DBoundingBoxTool.tsx:258:19 - error TS2339: Property 'add' does not exist on type 'G3DSceneManager'.

258             scene.add(pointCloudMesh);
                      ~~~

ai-platforms/annotateai/src/components/annotation/G3DBoundingBoxTool.tsx:281:39 - error TS2339: Property 'createGrid' does not exist on type 'G3DGeometryProcessor'.

281         const gridGeometry = geometry.createGrid({
                                          ~~~~~~~~~~

ai-platforms/annotateai/src/components/annotation/G3DBoundingBoxTool.tsx:288:40 - error TS2551: Property 'createMaterial' does not exist on type 'G3DMaterialSystem'. Did you mean 'createPBRMaterial'?

288         const gridMaterial = materials.createMaterial({
                                           ~~~~~~~~~~~~~~

  ai-platforms/annotateai/src/g3d-integration/G3DMaterialSystem.ts:516:5
    516     createPBRMaterial(name: string, params?: Partial<G3DPBRMaterial>): G3DPBRMaterial {
            ~~~~~~~~~~~~~~~~~
    'createPBRMaterial' is declared here.

ai-platforms/annotateai/src/components/annotation/G3DBoundingBoxTool.tsx:294:32 - error TS2339: Property 'createMesh' does not exist on type 'G3DSceneManager'.

294         const gridMesh = scene.createMesh('grid', gridGeometry, gridMaterial);
                                   ~~~~~~~~~~

ai-platforms/annotateai/src/components/annotation/G3DBoundingBoxTool.tsx:295:15 - error TS2339: Property 'add' does not exist on type 'G3DSceneManager'.

295         scene.add(gridMesh);
                  ~~~

ai-platforms/annotateai/src/components/annotation/G3DBoundingBoxTool.tsx:305:36 - error TS2339: Property 'createLight' does not exist on type 'G3DSceneManager'.

305         const ambientLight = scene.createLight('ambient', {
                                       ~~~~~~~~~~~

ai-platforms/annotateai/src/components/annotation/G3DBoundingBoxTool.tsx:309:15 - error TS2339: Property 'add' does not exist on type 'G3DSceneManager'.

309         scene.add(ambientLight);
                  ~~~

ai-platforms/annotateai/src/components/annotation/G3DBoundingBoxTool.tsx:312:40 - error TS2339: Property 'createLight' does not exist on type 'G3DSceneManager'.

312         const directionalLight = scene.createLight('directional', {
                                           ~~~~~~~~~~~

ai-platforms/annotateai/src/components/annotation/G3DBoundingBoxTool.tsx:319:15 - error TS2339: Property 'add' does not exist on type 'G3DSceneManager'.

319         scene.add(directionalLight);
                  ~~~

ai-platforms/annotateai/src/components/annotation/G3DBoundingBoxTool.tsx:328:30 - error TS2339: Property 'createCamera' does not exist on type 'G3DSceneManager'.

328         const camera = scene.createCamera('perspective', {
                                 ~~~~~~~~~~~~

ai-platforms/annotateai/src/components/annotation/G3DBoundingBoxTool.tsx:338:15 - error TS2339: Property 'setActiveCamera' does not exist on type 'G3DSceneManager'.

338         scene.setActiveCamera(camera);
                  ~~~~~~~~~~~~~~~

ai-platforms/annotateai/src/components/annotation/G3DBoundingBoxTool.tsx:362:38 - error TS2554: Expected 3-4 arguments, but got 1.

362         const boxGeometry = geometry.createBox({
                                         ~~~~~~~~~

  ai-platforms/annotateai/src/g3d-integration/G3DGeometryProcessor.ts:71:30
    71     createBox(width: number, height: number, depth: number, options?: G3DGeometryOptions): G3DGeometry {
                                    ~~~~~~~~~~~~~~
    An argument for 'height' was not provided.

ai-platforms/annotateai/src/components/annotation/G3DBoundingBoxTool.tsx:369:39 - error TS2551: Property 'createMaterial' does not exist on type 'G3DMaterialSystem'. Did you mean 'createPBRMaterial'?

369         const boxMaterial = materials.createMaterial({
                                          ~~~~~~~~~~~~~~

  ai-platforms/annotateai/src/g3d-integration/G3DMaterialSystem.ts:516:5
    516     createPBRMaterial(name: string, params?: Partial<G3DPBRMaterial>): G3DPBRMaterial {
            ~~~~~~~~~~~~~~~~~
    'createPBRMaterial' is declared here.

ai-platforms/annotateai/src/components/annotation/G3DBoundingBoxTool.tsx:382:44 - error TS2339: Property 'createWireframe' does not exist on type 'G3DGeometryProcessor'.

382         const wireframeGeometry = geometry.createWireframe(boxGeometry);
                                               ~~~~~~~~~~~~~~~

ai-platforms/annotateai/src/components/annotation/G3DBoundingBoxTool.tsx:383:45 - error TS2551: Property 'createMaterial' does not exist on type 'G3DMaterialSystem'. Did you mean 'createPBRMaterial'?

383         const wireframeMaterial = materials.createMaterial({
                                                ~~~~~~~~~~~~~~

  ai-platforms/annotateai/src/g3d-integration/G3DMaterialSystem.ts:516:5
    516     createPBRMaterial(name: string, params?: Partial<G3DPBRMaterial>): G3DPBRMaterial {
            ~~~~~~~~~~~~~~~~~
    'createPBRMaterial' is declared here.

ai-platforms/annotateai/src/components/annotation/G3DBoundingBoxTool.tsx:391:31 - error TS2339: Property 'createMesh' does not exist on type 'G3DSceneManager'.

391         const boxMesh = scene.createMesh(`box-${box.id}`, boxGeometry, boxMaterial);
                                  ~~~~~~~~~~

ai-platforms/annotateai/src/components/annotation/G3DBoundingBoxTool.tsx:396:37 - error TS2339: Property 'createMesh' does not exist on type 'G3DSceneManager'.

396         const wireframeMesh = scene.createMesh(`wireframe-${box.id}`, wireframeGeometry, wireframeMaterial);
                                        ~~~~~~~~~~

ai-platforms/annotateai/src/components/annotation/G3DBoundingBoxTool.tsx:409:15 - error TS2339: Property 'add' does not exist on type 'G3DSceneManager'.

409         scene.add(boxMesh);
                  ~~~

ai-platforms/annotateai/src/components/annotation/G3DBoundingBoxTool.tsx:410:15 - error TS2339: Property 'add' does not exist on type 'G3DSceneManager'.

410         scene.add(wireframeMesh);
                  ~~~

ai-platforms/annotateai/src/components/annotation/G3DBoundingBoxTool.tsx:422:54 - error TS2345: Argument of type '{ radius: number; segments: number; }' is not assignable to parameter of type 'number'.

422         const handleGeometry = geometry.createSphere({ radius: handleSize, segments: 8 });
                                                         ~~~~~~~~~~~~~~~~~~~~~~~~~~~~~~~~~~~

ai-platforms/annotateai/src/components/annotation/G3DBoundingBoxTool.tsx:423:42 - error TS2551: Property 'createMaterial' does not exist on type 'G3DMaterialSystem'. Did you mean 'createPBRMaterial'?

423         const handleMaterial = materials.createMaterial({
                                             ~~~~~~~~~~~~~~

  ai-platforms/annotateai/src/g3d-integration/G3DMaterialSystem.ts:516:5
    516     createPBRMaterial(name: string, params?: Partial<G3DPBRMaterial>): G3DPBRMaterial {
            ~~~~~~~~~~~~~~~~~
    'createPBRMaterial' is declared here.

ai-platforms/annotateai/src/components/annotation/G3DBoundingBoxTool.tsx:438:34 - error TS2339: Property 'createMesh' does not exist on type 'G3DSceneManager'.

438             const handle = scene.createMesh(
                                     ~~~~~~~~~~

ai-platforms/annotateai/src/components/annotation/G3DBoundingBoxTool.tsx:456:19 - error TS2339: Property 'add' does not exist on type 'G3DSceneManager'.

456             scene.add(handle);
                      ~~~

ai-platforms/annotateai/src/components/annotation/G3DBoundingBoxTool.tsx:468:39 - error TS2551: Property 'createTextSprite' does not exist on type 'G3DMaterialSystem'. Did you mean 'createTexture'?

468         const labelSprite = materials.createTextSprite(box.label, {
                                          ~~~~~~~~~~~~~~~~

  ai-platforms/annotateai/src/g3d-integration/G3DMaterialSystem.ts:627:5
    627     createTexture(source: ImageBitmap | HTMLImageElement | HTMLCanvasElement, params?: Partial<G3DTexture>): G3DTexture {
            ~~~~~~~~~~~~~
    'createTexture' is declared here.

ai-platforms/annotateai/src/components/annotation/G3DBoundingBoxTool.tsx:486:15 - error TS2339: Property 'add' does not exist on type 'G3DSceneManager'.

486         scene.add(labelSprite);
                  ~~~

ai-platforms/annotateai/src/components/annotation/G3DBoundingBoxTool.tsx:519:47 - error TS2339: Property 'raycast' does not exist on type 'G3DSceneManager'.

519         const intersection = sceneRef.current.raycast(x, y);
                                                  ~~~~~~~

ai-platforms/annotateai/src/components/annotation/G3DBoundingBoxTool.tsx:535:53 - error TS2339: Property 'screenToWorld' does not exist on type 'G3DSceneManager'.

535                 const worldPoint = sceneRef.current.screenToWorld(x, y);
                                                        ~~~~~~~~~~~~~

ai-platforms/annotateai/src/components/annotation/G3DBoundingBoxTool.tsx:549:49 - error TS2339: Property 'screenToWorld' does not exist on type 'G3DSceneManager'.

549             const worldPoint = sceneRef.current.screenToWorld(x, y);
                                                    ~~~~~~~~~~~~~

ai-platforms/annotateai/src/components/annotation/G3DBoundingBoxTool.tsx:552:49 - error TS2339: Property 'screenToWorld' does not exist on type 'G3DSceneManager'.

552             const worldPoint = sceneRef.current.screenToWorld(x, y);
                                                    ~~~~~~~~~~~~~

ai-platforms/annotateai/src/components/annotation/G3DBoundingBoxTool.tsx:555:49 - error TS2339: Property 'screenToWorld' does not exist on type 'G3DSceneManager'.

555             const worldPoint = sceneRef.current.screenToWorld(x, y);
                                                    ~~~~~~~~~~~~~

ai-platforms/annotateai/src/components/annotation/G3DBoundingBoxTool.tsx:630:34 - error TS2448: Block-scoped variable 'boxes' used before its declaration.

630         const boxes = Array.from(boxes.values());
                                     ~~~~~

  ai-platforms/annotateai/src/components/annotation/G3DBoundingBoxTool.tsx:630:15
    630         const boxes = Array.from(boxes.values());
                      ~~~~~
    'boxes' is declared here.

ai-platforms/annotateai/src/components/annotation/G3DBoundingBoxTool.tsx:703:31 - error TS2339: Property 'getObject' does not exist on type 'G3DSceneManager'.

703         const boxMesh = scene.getObject(`box-${box.id}`);
                                  ~~~~~~~~~

ai-platforms/annotateai/src/components/annotation/G3DBoundingBoxTool.tsx:711:37 - error TS2339: Property 'getObject' does not exist on type 'G3DSceneManager'.

711         const wireframeMesh = scene.getObject(`wireframe-${box.id}`);
                                        ~~~~~~~~~

ai-platforms/annotateai/src/components/annotation/G3DBoundingBoxTool.tsx:735:34 - error TS2339: Property 'getObject' does not exist on type 'G3DSceneManager'.

735             const handle = scene.getObject(`handle-${box.id}-${index}`);
                                     ~~~~~~~~~

ai-platforms/annotateai/src/components/annotation/G3DBoundingBoxTool.tsx:763:41 - error TS2339: Property 'memory' does not exist on type 'G3DPerformanceMetrics'.

763                         memory: metrics.memory
                                            ~~~~~~

ai-platforms/annotateai/src/components/annotation/G3DBoundingBoxTool.tsx:768:37 - error TS2341: Property 'render' is private and only accessible within class 'G3DNativeRenderer'.

768                 rendererRef.current.render(sceneRef.current);
                                        ~~~~~~

ai-platforms/annotateai/src/components/annotation/G3DBoundingBoxTool.tsx:768:44 - error TS2554: Expected 0 arguments, but got 1.

768                 rendererRef.current.render(sceneRef.current);
                                               ~~~~~~~~~~~~~~~~

ai-platforms/annotateai/src/components/annotation/G3DBoundingBoxTool.tsx:784:33 - error TS2339: Property 'cleanup' does not exist on type 'G3DNativeRenderer'.

784             rendererRef.current.cleanup();
                                    ~~~~~~~

ai-platforms/annotateai/src/components/annotation/G3DCollaborativeEditor.tsx:287:27 - error TS2448: Block-scoped variable 'createDefaultSession' used before its declaration.

287         initialSession || createDefaultSession()
                              ~~~~~~~~~~~~~~~~~~~~

  ai-platforms/annotateai/src/components/annotation/G3DCollaborativeEditor.tsx:902:11
    902     const createDefaultSession = (): CollaborativeSession => {
                  ~~~~~~~~~~~~~~~~~~~~
    'createDefaultSession' is declared here.

ai-platforms/annotateai/src/components/annotation/G3DCollaborativeEditor.tsx:363:67 - error TS2554: Expected 1 arguments, but got 2.

363         const renderer = new G3DNativeRenderer(canvasRef.current, { antialias: true, alpha: true });
                                                                      ~~~~~~~~~~~~~~~~~~~~~~~~~~~~~~~~

ai-platforms/annotateai/src/components/annotation/G3DCollaborativeEditor.tsx:366:108 - error TS2554: Expected 1 arguments, but got 2.

366         const scene = new G3DSceneManager(rendererRef.current || new G3DNativeRenderer(canvasRef.current!, { antialias: true, alpha: true }));
                                                                                                               ~~~~~~~~~~~~~~~~~~~~~~~~~~~~~~~~

ai-platforms/annotateai/src/components/annotation/G3DCollaborativeEditor.tsx:386:30 - error TS2339: Property 'createCamera' does not exist on type 'G3DSceneManager'.

386         const camera = scene.createCamera('perspective', {
                                 ~~~~~~~~~~~~

ai-platforms/annotateai/src/components/annotation/G3DCollaborativeEditor.tsx:395:15 - error TS2339: Property 'setActiveCamera' does not exist on type 'G3DSceneManager'.

395         scene.setActiveCamera(camera);
                  ~~~~~~~~~~~~~~~

ai-platforms/annotateai/src/components/annotation/G3DCollaborativeEditor.tsx:411:36 - error TS2339: Property 'createLight' does not exist on type 'G3DSceneManager'.

411         const ambientLight = scene.createLight('ambient', {
                                       ~~~~~~~~~~~

ai-platforms/annotateai/src/components/annotation/G3DCollaborativeEditor.tsx:415:15 - error TS2339: Property 'add' does not exist on type 'G3DSceneManager'.

415         scene.add(ambientLight);
                  ~~~

ai-platforms/annotateai/src/components/annotation/G3DCollaborativeEditor.tsx:418:40 - error TS2339: Property 'createLight' does not exist on type 'G3DSceneManager'.

418         const directionalLight = scene.createLight('directional', {
                                           ~~~~~~~~~~~

ai-platforms/annotateai/src/components/annotation/G3DCollaborativeEditor.tsx:424:15 - error TS2339: Property 'add' does not exist on type 'G3DSceneManager'.

424         scene.add(directionalLight);
                  ~~~

ai-platforms/annotateai/src/components/annotation/G3DCollaborativeEditor.tsx:446:48 - error TS2551: Property 'createMaterial' does not exist on type 'G3DMaterialSystem'. Did you mean 'createPBRMaterial'?

446         const cursorMaterial = await materials.createMaterial({
                                                   ~~~~~~~~~~~~~~

  ai-platforms/annotateai/src/g3d-integration/G3DMaterialSystem.ts:516:5
    516     createPBRMaterial(name: string, params?: Partial<G3DPBRMaterial>): G3DPBRMaterial {
            ~~~~~~~~~~~~~~~~~
    'createPBRMaterial' is declared here.

ai-platforms/annotateai/src/components/annotation/G3DCollaborativeEditor.tsx:454:40 - error TS2339: Property 'createMesh' does not exist on type 'G3DSceneManager'.

454         const cursorMesh = await scene.createMesh(
                                           ~~~~~~~~~~

ai-platforms/annotateai/src/components/annotation/G3DCollaborativeEditor.tsx:467:15 - error TS2339: Property 'add' does not exist on type 'G3DSceneManager'.

467         scene.add(cursorMesh);
                  ~~~

ai-platforms/annotateai/src/components/annotation/G3DCollaborativeEditor.tsx:568:49 - error TS2339: Property 'getObjectByName' does not exist on type 'G3DSceneManager'.

568             const cursorMesh = sceneRef.current.getObjectByName(`cursor-${participantId}`);
                                                    ~~~~~~~~~~~~~~~

ai-platforms/annotateai/src/components/annotation/G3DCollaborativeEditor.tsx:570:34 - error TS2339: Property 'remove' does not exist on type 'G3DSceneManager'.

570                 sceneRef.current.remove(cursorMesh);
                                     ~~~~~~

ai-platforms/annotateai/src/components/annotation/G3DCollaborativeEditor.tsx:583:49 - error TS2339: Property 'getObjectByName' does not exist on type 'G3DSceneManager'.

583             const cursorMesh = sceneRef.current.getObjectByName(`cursor-${participantId}`);
                                                    ~~~~~~~~~~~~~~~

ai-platforms/annotateai/src/components/annotation/G3DCollaborativeEditor.tsx:756:18 - error TS2339: Property 'init' does not exist on type 'G3DXRAnnotation'.

756         await xr.init();
                     ~~~~

ai-platforms/annotateai/src/components/annotation/G3DCollaborativeEditor.tsx:760:12 - error TS2339: Property 'onSessionStart' does not exist on type 'G3DXRAnnotation'.

760         xr.onSessionStart = () => {
               ~~~~~~~~~~~~~~

ai-platforms/annotateai/src/components/annotation/G3DCollaborativeEditor.tsx:764:12 - error TS2339: Property 'onSessionEnd' does not exist on type 'G3DXRAnnotation'.

764         xr.onSessionEnd = () => {
               ~~~~~~~~~~~~

ai-platforms/annotateai/src/components/annotation/G3DCollaborativeEditor.tsx:888:30 - error TS2339: Property 'getActiveCamera' does not exist on type 'G3DSceneManager'.

888         const camera = scene.getActiveCamera();
                                 ~~~~~~~~~~~~~~~

ai-platforms/annotateai/src/components/annotation/G3DCollaborativeEditor.tsx:950:37 - error TS2341: Property 'render' is private and only accessible within class 'G3DNativeRenderer'.

950                 rendererRef.current.render(sceneRef.current);
                                        ~~~~~~

ai-platforms/annotateai/src/components/annotation/G3DCollaborativeEditor.tsx:950:44 - error TS2554: Expected 0 arguments, but got 1.

950                 rendererRef.current.render(sceneRef.current);
                                               ~~~~~~~~~~~~~~~~

ai-platforms/annotateai/src/components/annotation/G3DCollaborativeEditor.tsx:956:47 - error TS2339: Property 'getFPS' does not exist on type 'G3DNativeRenderer'.

956                     fps: rendererRef.current?.getFPS() || 60,
                                                  ~~~~~~

ai-platforms/annotateai/src/components/annotation/G3DCollaborativeEditor.tsx:958:55 - error TS2339: Property 'getGPUMemoryUsage' does not exist on type 'G3DNativeRenderer'.

958                     memoryUsage: rendererRef.current?.getGPUMemoryUsage() || 0
                                                          ~~~~~~~~~~~~~~~~~

ai-platforms/annotateai/src/components/annotation/G3DCollaborativeEditor.tsx:974:30 - error TS2339: Property 'cleanup' does not exist on type 'G3DNativeRenderer'.

974         rendererRef.current?.cleanup();
                                 ~~~~~~~

ai-platforms/annotateai/src/components/annotation/G3DCollaborativeEditor.tsx:975:24 - error TS2341: Property 'cleanup' is private and only accessible within class 'G3DXRAnnotation'.

975         xrRef.current?.cleanup();
                           ~~~~~~~

ai-platforms/annotateai/src/components/annotation/G3DKeypointTool.tsx:311:76 - error TS2554: Expected 1 arguments, but got 2.

311                 const renderer = new G3DNativeRenderer(canvasRef.current!, { antialias: true, alpha: true });
                                                                               ~~~~~~~~~~~~~~~~~~~~~~~~~~~~~~~~

ai-platforms/annotateai/src/components/annotation/G3DKeypointTool.tsx:315:116 - error TS2554: Expected 1 arguments, but got 2.

315                 const scene = new G3DSceneManager(rendererRef.current || new G3DNativeRenderer(canvasRef.current!, { antialias: true, alpha: true }));
                                                                                                                       ~~~~~~~~~~~~~~~~~~~~~~~~~~~~~~~~

ai-platforms/annotateai/src/components/annotation/G3DKeypointTool.tsx:327:57 - error TS2322: Type 'string' is not assignable to type 'DeviceConfig'.

327                 const compute = new G3DComputeShaders({ device: 'gpu', shaderVersion: 'webgl2' });
                                                            ~~~~~~

  ai-platforms/annotateai/src/g3d-ai/G3DComputeShaders.ts:9:5
    9     device: DeviceConfig;
          ~~~~~~
    The expected type comes from property 'device' which is declared here on type 'ComputeShaderConfig'

ai-platforms/annotateai/src/components/annotation/G3DKeypointTool.tsx:338:35 - error TS2339: Property 'init' does not exist on type 'G3DPhysicsIntegration'.

338                     await physics.init();
                                      ~~~~

ai-platforms/annotateai/src/components/annotation/G3DKeypointTool.tsx:381:43 - error TS2554: Expected 2-5 arguments, but got 1.

381         const imagePlane = await geometry.createPlane({
                                              ~~~~~~~~~~~

  ai-platforms/annotateai/src/g3d-integration/G3DGeometryProcessor.ts:213:32
    213     createPlane(width: number, height: number, widthSegments: number = 1, heightSegments: number = 1, options?: G3DGeometryOptions): G3DGeometry {
                                       ~~~~~~~~~~~~~~
    An argument for 'height' was not provided.

ai-platforms/annotateai/src/components/annotation/G3DKeypointTool.tsx:387:47 - error TS2551: Property 'createMaterial' does not exist on type 'G3DMaterialSystem'. Did you mean 'createPBRMaterial'?

387         const imageMaterial = await materials.createMaterial({
                                                  ~~~~~~~~~~~~~~

  ai-platforms/annotateai/src/g3d-integration/G3DMaterialSystem.ts:516:5
    516     createPBRMaterial(name: string, params?: Partial<G3DPBRMaterial>): G3DPBRMaterial {
            ~~~~~~~~~~~~~~~~~
    'createPBRMaterial' is declared here.

ai-platforms/annotateai/src/components/annotation/G3DKeypointTool.tsx:393:39 - error TS2339: Property 'createMesh' does not exist on type 'G3DSceneManager'.

393         const imageMesh = await scene.createMesh('source-image', imagePlane, imageMaterial);
                                          ~~~~~~~~~~

ai-platforms/annotateai/src/components/annotation/G3DKeypointTool.tsx:394:15 - error TS2339: Property 'add' does not exist on type 'G3DSceneManager'.

394         scene.add(imageMesh);
                  ~~~

ai-platforms/annotateai/src/components/annotation/G3DKeypointTool.tsx:407:44 - error TS2339: Property 'getDevice' does not exist on type 'G3DNativeRenderer'.

407         const device = rendererRef.current.getDevice();
                                               ~~~~~~~~~

ai-platforms/annotateai/src/components/annotation/G3DKeypointTool.tsx:430:30 - error TS2339: Property 'createCamera' does not exist on type 'G3DSceneManager'.

430         const camera = scene.createCamera('perspective', {
                                 ~~~~~~~~~~~~

ai-platforms/annotateai/src/components/annotation/G3DKeypointTool.tsx:439:15 - error TS2339: Property 'setActiveCamera' does not exist on type 'G3DSceneManager'.

439         scene.setActiveCamera(camera);
                  ~~~~~~~~~~~~~~~

ai-platforms/annotateai/src/components/annotation/G3DKeypointTool.tsx:449:40 - error TS2339: Property 'createLight' does not exist on type 'G3DSceneManager'.

449         const directionalLight = scene.createLight('directional', {
                                           ~~~~~~~~~~~

ai-platforms/annotateai/src/components/annotation/G3DKeypointTool.tsx:454:15 - error TS2339: Property 'add' does not exist on type 'G3DSceneManager'.

454         scene.add(directionalLight);
                  ~~~

ai-platforms/annotateai/src/components/annotation/G3DKeypointTool.tsx:457:36 - error TS2339: Property 'createLight' does not exist on type 'G3DSceneManager'.

457         const ambientLight = scene.createLight('ambient', {
                                       ~~~~~~~~~~~

ai-platforms/annotateai/src/components/annotation/G3DKeypointTool.tsx:461:15 - error TS2339: Property 'add' does not exist on type 'G3DSceneManager'.

461         scene.add(ambientLight);
                  ~~~

ai-platforms/annotateai/src/components/annotation/G3DKeypointTool.tsx:501:64 - error TS2345: Argument of type '{ radius: number; segments: number; }' is not assignable to parameter of type 'number'.

501                 keypointGeometry = await geometry.createSphere({
                                                                   ~
502                     radius: keypoint.properties.size,
    ~~~~~~~~~~~~~~~~~~~~~~~~~~~~~~~~~~~~~~~~~~~~~~~~~~~~~
503                     segments: 16
    ~~~~~~~~~~~~~~~~~~~~~~~~~~~~~~~~
504                 });
    ~~~~~~~~~~~~~~~~~

ai-platforms/annotateai/src/components/annotation/G3DKeypointTool.tsx:507:51 - error TS2339: Property 'createCube' does not exist on type 'G3DGeometryProcessor'.

507                 keypointGeometry = await geometry.createCube({
                                                      ~~~~~~~~~~

ai-platforms/annotateai/src/components/annotation/G3DKeypointTool.tsx:512:51 - error TS2339: Property 'createCylinder' does not exist on type 'G3DGeometryProcessor'.

512                 keypointGeometry = await geometry.createCylinder({
                                                      ~~~~~~~~~~~~~~

ai-platforms/annotateai/src/components/annotation/G3DKeypointTool.tsx:519:64 - error TS2345: Argument of type '{ radius: number; segments: number; }' is not assignable to parameter of type 'number'.

519                 keypointGeometry = await geometry.createSphere({
                                                                   ~
520                     radius: keypoint.properties.size,
    ~~~~~~~~~~~~~~~~~~~~~~~~~~~~~~~~~~~~~~~~~~~~~~~~~~~~~
521                     segments: 16
    ~~~~~~~~~~~~~~~~~~~~~~~~~~~~~~~~
522                 });
    ~~~~~~~~~~~~~~~~~

ai-platforms/annotateai/src/components/annotation/G3DKeypointTool.tsx:526:50 - error TS2551: Property 'createMaterial' does not exist on type 'G3DMaterialSystem'. Did you mean 'createPBRMaterial'?

526         const keypointMaterial = await materials.createMaterial({
                                                     ~~~~~~~~~~~~~~

  ai-platforms/annotateai/src/g3d-integration/G3DMaterialSystem.ts:516:5
    516     createPBRMaterial(name: string, params?: Partial<G3DPBRMaterial>): G3DPBRMaterial {
            ~~~~~~~~~~~~~~~~~
    'createPBRMaterial' is declared here.

ai-platforms/annotateai/src/components/annotation/G3DKeypointTool.tsx:537:42 - error TS2339: Property 'createMesh' does not exist on type 'G3DSceneManager'.

537         const keypointMesh = await scene.createMesh(`keypoint-${keypoint.id}`, keypointGeometry, keypointMaterial);
                                             ~~~~~~~~~~

ai-platforms/annotateai/src/components/annotation/G3DKeypointTool.tsx:540:15 - error TS2339: Property 'add' does not exist on type 'G3DSceneManager'.

540         scene.add(keypointMesh);
                  ~~~

ai-platforms/annotateai/src/components/annotation/G3DKeypointTool.tsx:586:45 - error TS2551: Property 'createLine' does not exist on type 'G3DGeometryProcessor'. Did you mean 'createPlane'?

586         const lineGeometry = await geometry.createLine(linePoints);
                                                ~~~~~~~~~~

  ai-platforms/annotateai/src/g3d-integration/G3DGeometryProcessor.ts:213:5
    213     createPlane(width: number, height: number, widthSegments: number = 1, heightSegments: number = 1, options?: G3DGeometryOptions): G3DGeometry {
            ~~~~~~~~~~~
    'createPlane' is declared here.

ai-platforms/annotateai/src/components/annotation/G3DKeypointTool.tsx:589:46 - error TS2551: Property 'createMaterial' does not exist on type 'G3DMaterialSystem'. Did you mean 'createPBRMaterial'?

589         const lineMaterial = await materials.createMaterial({
                                                 ~~~~~~~~~~~~~~

  ai-platforms/annotateai/src/g3d-integration/G3DMaterialSystem.ts:516:5
    516     createPBRMaterial(name: string, params?: Partial<G3DPBRMaterial>): G3DPBRMaterial {
            ~~~~~~~~~~~~~~~~~
    'createPBRMaterial' is declared here.

ai-platforms/annotateai/src/components/annotation/G3DKeypointTool.tsx:598:38 - error TS2339: Property 'createMesh' does not exist on type 'G3DSceneManager'.

598         const lineMesh = await scene.createMesh(`connection-${connection.id}`, lineGeometry, lineMaterial);
                                         ~~~~~~~~~~

ai-platforms/annotateai/src/components/annotation/G3DKeypointTool.tsx:600:15 - error TS2339: Property 'add' does not exist on type 'G3DSceneManager'.

600         scene.add(lineMesh);
                  ~~~

ai-platforms/annotateai/src/components/annotation/G3DKeypointTool.tsx:610:23 - error TS2554: Expected 2 arguments, but got 1.

610         await physics.addRigidBody({
                          ~~~~~~~~~~~~

  ai-platforms/annotateai/src/g3d-3d/G3DPhysicsIntegration.ts:1036:35
    1036     async addRigidBody(body: any, config: any): Promise<void> {
                                           ~~~~~~~~~~~
    An argument for 'config' was not provided.

ai-platforms/annotateai/src/components/annotation/G3DKeypointTool.tsx:627:28 - error TS2339: Property 'getMesh' does not exist on type 'G3DSceneManager'.

627         const mesh = scene.getMesh(`keypoint-${keypoint.id}`);
                               ~~~~~~~

ai-platforms/annotateai/src/components/annotation/G3DKeypointTool.tsx:635:23 - error TS2339: Property 'addAnimation' does not exist on type 'G3DSceneManager'.

635                 scene.addAnimation({
                          ~~~~~~~~~~~~

ai-platforms/annotateai/src/components/annotation/G3DKeypointTool.tsx:646:23 - error TS2339: Property 'addAnimation' does not exist on type 'G3DSceneManager'.

646                 scene.addAnimation({
                          ~~~~~~~~~~~~

ai-platforms/annotateai/src/components/annotation/G3DKeypointTool.tsx:657:23 - error TS2339: Property 'addAnimation' does not exist on type 'G3DSceneManager'.

657                 scene.addAnimation({
                          ~~~~~~~~~~~~

ai-platforms/annotateai/src/components/annotation/G3DKeypointTool.tsx:873:35 - error TS2339: Property 'calculateCentroid' does not exist on type 'G3DMathLibraries'.

873         const center = await math.calculateCentroid(keypoints.map(kp => kp.position));
                                      ~~~~~~~~~~~~~~~~~

ai-platforms/annotateai/src/components/annotation/G3DKeypointTool.tsx:876:40 - error TS2339: Property 'calculatePoseOrientation' does not exist on type 'G3DMathLibraries'.

876         const orientation = await math.calculatePoseOrientation(keypoints);
                                           ~~~~~~~~~~~~~~~~~~~~~~~~

ai-platforms/annotateai/src/components/annotation/G3DKeypointTool.tsx:879:34 - error TS2339: Property 'calculatePoseScale' does not exist on type 'G3DMathLibraries'.

879         const scale = await math.calculatePoseScale(keypoints, skeleton.template);
                                     ~~~~~~~~~~~~~~~~~~

ai-platforms/annotateai/src/components/annotation/G3DKeypointTool.tsx:909:30 - error TS2339: Property 'getActiveCamera' does not exist on type 'G3DSceneManager'.

909         const camera = scene.getActiveCamera();
                                 ~~~~~~~~~~~~~~~

ai-platforms/annotateai/src/components/annotation/G3DKeypointTool.tsx:964:45 - error TS2339: Property 'getGPUMemoryUsage' does not exist on type 'G3DNativeRenderer'.

964             gpuMemory: rendererRef.current?.getGPUMemoryUsage() || 0,
                                                ~~~~~~~~~~~~~~~~~

ai-platforms/annotateai/src/components/annotation/G3DKeypointTool.tsx:965:47 - error TS2339: Property 'getStepCount' does not exist on type 'G3DPhysicsIntegration'.

965             physicsSteps: physicsRef.current?.getStepCount() || 0
                                                  ~~~~~~~~~~~~

ai-platforms/annotateai/src/components/annotation/G3DKeypointTool.tsx:973:37 - error TS2341: Property 'render' is private and only accessible within class 'G3DNativeRenderer'.

973                 rendererRef.current.render(sceneRef.current);
                                        ~~~~~~

ai-platforms/annotateai/src/components/annotation/G3DKeypointTool.tsx:973:44 - error TS2554: Expected 0 arguments, but got 1.

973                 rendererRef.current.render(sceneRef.current);
                                               ~~~~~~~~~~~~~~~~

ai-platforms/annotateai/src/components/annotation/G3DKeypointTool.tsx:982:47 - error TS2339: Property 'getFPS' does not exist on type 'G3DNativeRenderer'.

982                     fps: rendererRef.current?.getFPS() || 60
                                                  ~~~~~~

ai-platforms/annotateai/src/components/annotation/G3DKeypointTool.tsx:995:33 - error TS2339: Property 'cleanup' does not exist on type 'G3DNativeRenderer'.

995             rendererRef.current.cleanup();
                                    ~~~~~~~

ai-platforms/annotateai/src/components/annotation/G3DMedicalImaging.tsx:342:76 - error TS2554: Expected 1 arguments, but got 2.

342                 const renderer = new G3DNativeRenderer(canvasRef.current!, { antialias: true, alpha: true });
                                                                               ~~~~~~~~~~~~~~~~~~~~~~~~~~~~~~~~

ai-platforms/annotateai/src/components/annotation/G3DMedicalImaging.tsx:345:116 - error TS2554: Expected 1 arguments, but got 2.

345                 const scene = new G3DSceneManager(rendererRef.current || new G3DNativeRenderer(canvasRef.current!, { antialias: true, alpha: true }));
                                                                                                                       ~~~~~~~~~~~~~~~~~~~~~~~~~~~~~~~~

ai-platforms/annotateai/src/components/annotation/G3DMedicalImaging.tsx:352:30 - error TS2339: Property 'init' does not exist on type 'G3DVolumeRenderer'.

352                 await volume.init();
                                 ~~~~

ai-platforms/annotateai/src/components/annotation/G3DMedicalImaging.tsx:355:57 - error TS2322: Type 'string' is not assignable to type 'DeviceConfig'.

355                 const compute = new G3DComputeShaders({ device: 'gpu', shaderVersion: 'webgl2' });
                                                            ~~~~~~

  ai-platforms/annotateai/src/g3d-ai/G3DComputeShaders.ts:9:5
    9     device: DeviceConfig;
          ~~~~~~
    The expected type comes from property 'device' which is declared here on type 'ComputeShaderConfig'

ai-platforms/annotateai/src/components/annotation/G3DMedicalImaging.tsx:398:30 - error TS2339: Property 'createCamera' does not exist on type 'G3DSceneManager'.

398         const camera = scene.createCamera('perspective', {
                                 ~~~~~~~~~~~~

ai-platforms/annotateai/src/components/annotation/G3DMedicalImaging.tsx:414:15 - error TS2339: Property 'setActiveCamera' does not exist on type 'G3DSceneManager'.

414         scene.setActiveCamera(camera);
                  ~~~~~~~~~~~~~~~

ai-platforms/annotateai/src/components/annotation/G3DMedicalImaging.tsx:430:36 - error TS2339: Property 'createLight' does not exist on type 'G3DSceneManager'.

430         const ambientLight = scene.createLight('ambient', {
                                       ~~~~~~~~~~~

ai-platforms/annotateai/src/components/annotation/G3DMedicalImaging.tsx:434:15 - error TS2339: Property 'add' does not exist on type 'G3DSceneManager'.

434         scene.add(ambientLight);
                  ~~~

ai-platforms/annotateai/src/components/annotation/G3DMedicalImaging.tsx:437:32 - error TS2339: Property 'createLight' does not exist on type 'G3DSceneManager'.

437         const keyLight = scene.createLight('directional', {
                                   ~~~~~~~~~~~

ai-platforms/annotateai/src/components/annotation/G3DMedicalImaging.tsx:443:15 - error TS2339: Property 'add' does not exist on type 'G3DSceneManager'.

443         scene.add(keyLight);
                  ~~~

ai-platforms/annotateai/src/components/annotation/G3DMedicalImaging.tsx:446:33 - error TS2339: Property 'createLight' does not exist on type 'G3DSceneManager'.

446         const fillLight = scene.createLight('directional', {
                                    ~~~~~~~~~~~

ai-platforms/annotateai/src/components/annotation/G3DMedicalImaging.tsx:452:15 - error TS2339: Property 'add' does not exist on type 'G3DSceneManager'.

452         scene.add(fillLight);
                  ~~~

ai-platforms/annotateai/src/components/annotation/G3DMedicalImaging.tsx:464:19 - error TS2339: Property 'add' does not exist on type 'G3DSceneManager'.

464             scene.add(orientationMarkers);
                      ~~~

ai-platforms/annotateai/src/components/annotation/G3DMedicalImaging.tsx:470:19 - error TS2339: Property 'add' does not exist on type 'G3DSceneManager'.

470             scene.add(scaleMarker);
                      ~~~

ai-platforms/annotateai/src/components/annotation/G3DMedicalImaging.tsx:483:48 - error TS2341: Property 'createVolumeTexture' is private and only accessible within class 'G3DVolumeRenderer'.

483             const volumeTexture = await volume.createVolumeTexture({
                                                   ~~~~~~~~~~~~~~~~~~~

ai-platforms/annotateai/src/components/annotation/G3DMedicalImaging.tsx:485:17 - error TS2322: Type 'Vector3' is not assignable to type '[number, number, number]'.

485                 dimensions: volumeData.dimensions,
                    ~~~~~~~~~~

  ai-platforms/annotateai/src/g3d-3d/G3DVolumeRenderer.ts:15:5
    15     dimensions: [number, number, number];
           ~~~~~~~~~~
    The expected type comes from property 'dimensions' which is declared here on type 'VolumeData'

ai-platforms/annotateai/src/components/annotation/G3DMedicalImaging.tsx:487:17 - error TS2322: Type 'Vector3' is not assignable to type '[number, number, number]'.

487                 spacing: volumeData.spacing
                    ~~~~~~~

  ai-platforms/annotateai/src/g3d-3d/G3DVolumeRenderer.ts:16:5
    16     spacing: [number, number, number];
           ~~~~~~~
    The expected type comes from property 'spacing' which is declared here on type 'VolumeData'

ai-platforms/annotateai/src/components/annotation/G3DMedicalImaging.tsx:494:45 - error TS2339: Property 'createVolumeRenderMesh' does not exist on type 'G3DVolumeRenderer'.

494             const volumeMesh = await volume.createVolumeRenderMesh({
                                                ~~~~~~~~~~~~~~~~~~~~~~

ai-platforms/annotateai/src/components/annotation/G3DMedicalImaging.tsx:502:19 - error TS2339: Property 'add' does not exist on type 'G3DSceneManager'.

502             scene.add(volumeMesh);
                      ~~~

ai-platforms/annotateai/src/components/annotation/G3DMedicalImaging.tsx:528:46 - error TS2551: Property 'createTransferFunction' does not exist on type 'G3DVolumeRenderer'. Did you mean 'updateTransferFunction'?

528         const opacityFunction = await volume.createTransferFunction({
                                                 ~~~~~~~~~~~~~~~~~~~~~~

  ai-platforms/annotateai/src/g3d-3d/G3DVolumeRenderer.ts:1152:12
    1152     public updateTransferFunction(transfer: Partial<TransferFunction>): void {
                    ~~~~~~~~~~~~~~~~~~~~~~
    'updateTransferFunction' is declared here.

ai-platforms/annotateai/src/components/annotation/G3DMedicalImaging.tsx:537:44 - error TS2551: Property 'createTransferFunction' does not exist on type 'G3DVolumeRenderer'. Did you mean 'updateTransferFunction'?

537         const colorFunction = await volume.createTransferFunction({
                                               ~~~~~~~~~~~~~~~~~~~~~~

  ai-platforms/annotateai/src/g3d-3d/G3DVolumeRenderer.ts:1152:12
    1152     public updateTransferFunction(transfer: Partial<TransferFunction>): void {
                    ~~~~~~~~~~~~~~~~~~~~~~
    'updateTransferFunction' is declared here.

ai-platforms/annotateai/src/components/annotation/G3DMedicalImaging.tsx:565:41 - error TS2339: Property 'createSlicePlane' does not exist on type 'G3DVolumeRenderer'.

565         const axialSlice = await volume.createSlicePlane({
                                            ~~~~~~~~~~~~~~~~

ai-platforms/annotateai/src/components/annotation/G3DMedicalImaging.tsx:571:15 - error TS2339: Property 'add' does not exist on type 'G3DSceneManager'.

571         scene.add(axialSlice);
                  ~~~

ai-platforms/annotateai/src/components/annotation/G3DMedicalImaging.tsx:574:44 - error TS2339: Property 'createSlicePlane' does not exist on type 'G3DVolumeRenderer'.

574         const sagittalSlice = await volume.createSlicePlane({
                                               ~~~~~~~~~~~~~~~~

ai-platforms/annotateai/src/components/annotation/G3DMedicalImaging.tsx:580:15 - error TS2339: Property 'add' does not exist on type 'G3DSceneManager'.

580         scene.add(sagittalSlice);
                  ~~~

ai-platforms/annotateai/src/components/annotation/G3DMedicalImaging.tsx:583:43 - error TS2339: Property 'createSlicePlane' does not exist on type 'G3DVolumeRenderer'.

583         const coronalSlice = await volume.createSlicePlane({
                                              ~~~~~~~~~~~~~~~~

ai-platforms/annotateai/src/components/annotation/G3DMedicalImaging.tsx:589:15 - error TS2339: Property 'add' does not exist on type 'G3DSceneManager'.

589         scene.add(coronalSlice);
                  ~~~

ai-platforms/annotateai/src/components/annotation/G3DMedicalImaging.tsx:688:39 - error TS2339: Property 'calculateVolume' does not exist on type 'G3DMathLibraries'.

688             const volume = await math.calculateVolume(
                                          ~~~~~~~~~~~~~~~

ai-platforms/annotateai/src/components/annotation/G3DMedicalImaging.tsx:705:44 - error TS2339: Property 'calculateSurfaceArea' does not exist on type 'G3DMathLibraries'.

705             const surfaceArea = await math.calculateSurfaceArea(
                                               ~~~~~~~~~~~~~~~~~~~~

ai-platforms/annotateai/src/components/annotation/G3DMedicalImaging.tsx:792:55 - error TS2339: Property 'thresholdSegmentation' does not exist on type 'G3DVolumeRenderer'.

792                     segmentationResult = await volume.thresholdSegmentation({
                                                          ~~~~~~~~~~~~~~~~~~~~~

ai-platforms/annotateai/src/components/annotation/G3DMedicalImaging.tsx:800:55 - error TS2339: Property 'regionGrowingSegmentation' does not exist on type 'G3DVolumeRenderer'.

800                     segmentationResult = await volume.regionGrowingSegmentation({
                                                          ~~~~~~~~~~~~~~~~~~~~~~~~~

ai-platforms/annotateai/src/components/annotation/G3DMedicalImaging.tsx:808:55 - error TS2339: Property 'watershedSegmentation' does not exist on type 'G3DVolumeRenderer'.

808                     segmentationResult = await volume.watershedSegmentation({
                                                          ~~~~~~~~~~~~~~~~~~~~~

ai-platforms/annotateai/src/components/annotation/G3DMedicalImaging.tsx:814:55 - error TS2339: Property 'levelSetSegmentation' does not exist on type 'G3DVolumeRenderer'.

814                     segmentationResult = await volume.levelSetSegmentation({
                                                          ~~~~~~~~~~~~~~~~~~~~

ai-platforms/annotateai/src/components/annotation/G3DMedicalImaging.tsx:823:59 - error TS2339: Property 'aiSegmentation' does not exist on type 'G3DVolumeRenderer'.

823                         segmentationResult = await volume.aiSegmentation({
                                                              ~~~~~~~~~~~~~~

ai-platforms/annotateai/src/components/annotation/G3DMedicalImaging.tsx:834:55 - error TS2339: Property 'morphologyOperation' does not exist on type 'G3DVolumeRenderer'.

834                     segmentationResult = await volume.morphologyOperation(segmentationResult, 'close');
                                                          ~~~~~~~~~~~~~~~~~~~

ai-platforms/annotateai/src/components/annotation/G3DMedicalImaging.tsx:838:55 - error TS2339: Property 'fillHoles' does not exist on type 'G3DVolumeRenderer'.

838                     segmentationResult = await volume.fillHoles(segmentationResult);
                                                          ~~~~~~~~~

ai-platforms/annotateai/src/components/annotation/G3DMedicalImaging.tsx:842:55 - error TS2339: Property 'smoothSurface' does not exist on type 'G3DVolumeRenderer'.

842                     segmentationResult = await volume.smoothSurface(segmentationResult);
                                                          ~~~~~~~~~~~~~

ai-platforms/annotateai/src/components/annotation/G3DMedicalImaging.tsx:943:22 - error TS2339: Property 'updateRenderSettings' does not exist on type 'G3DVolumeRenderer'.

943         await volume.updateRenderSettings({
                         ~~~~~~~~~~~~~~~~~~~~

ai-platforms/annotateai/src/components/annotation/G3DMedicalImaging.tsx:997:30 - error TS2339: Property 'getActiveCamera' does not exist on type 'G3DSceneManager'.

997         const camera = scene.getActiveCamera();
                                 ~~~~~~~~~~~~~~~

ai-platforms/annotateai/src/components/annotation/G3DMedicalImaging.tsx:1034:37 - error TS2341: Property 'render' is private and only accessible within class 'G3DNativeRenderer'.

1034                 rendererRef.current.render(sceneRef.current);
                                         ~~~~~~

ai-platforms/annotateai/src/components/annotation/G3DMedicalImaging.tsx:1034:44 - error TS2554: Expected 0 arguments, but got 1.

1034                 rendererRef.current.render(sceneRef.current);
                                                ~~~~~~~~~~~~~~~~

ai-platforms/annotateai/src/components/annotation/G3DMedicalImaging.tsx:1040:47 - error TS2339: Property 'getFPS' does not exist on type 'G3DNativeRenderer'.

1040                     fps: rendererRef.current?.getFPS() || 60,
                                                   ~~~~~~

ai-platforms/annotateai/src/components/annotation/G3DMedicalImaging.tsx:1042:55 - error TS2339: Property 'getGPUMemoryUsage' does not exist on type 'G3DNativeRenderer'.

1042                     memoryUsage: rendererRef.current?.getGPUMemoryUsage() || 0
                                                           ~~~~~~~~~~~~~~~~~

ai-platforms/annotateai/src/components/annotation/G3DMedicalImaging.tsx:1054:30 - error TS2339: Property 'cleanup' does not exist on type 'G3DNativeRenderer'.

1054         rendererRef.current?.cleanup();
                                  ~~~~~~~

ai-platforms/annotateai/src/components/annotation/G3DMedicalImaging.tsx:1056:28 - error TS2339: Property 'cleanup' does not exist on type 'G3DVolumeRenderer'.

1056         volumeRef.current?.cleanup();
                                ~~~~~~~

ai-platforms/annotateai/src/components/annotation/G3DPointCloudAnnotation.tsx:313:76 - error TS2554: Expected 1 arguments, but got 2.

313                 const renderer = new G3DNativeRenderer(canvasRef.current!, { antialias: true, alpha: true });
                                                                               ~~~~~~~~~~~~~~~~~~~~~~~~~~~~~~~~

ai-platforms/annotateai/src/components/annotation/G3DPointCloudAnnotation.tsx:316:116 - error TS2554: Expected 1 arguments, but got 2.

316                 const scene = new G3DSceneManager(rendererRef.current || new G3DNativeRenderer(canvasRef.current!, { antialias: true, alpha: true }));
                                                                                                                       ~~~~~~~~~~~~~~~~~~~~~~~~~~~~~~~~

ai-platforms/annotateai/src/components/annotation/G3DPointCloudAnnotation.tsx:322:85 - error TS2353: Object literal may only specify known properties, and 'enableLOD' does not exist in type 'PointCloudConfig'.

322                 const pointCloud = new G3DPointCloudProcessor({ maxPoints: 1000000, enableLOD: true });
                                                                                        ~~~~~~~~~

ai-platforms/annotateai/src/components/annotation/G3DPointCloudAnnotation.tsx:323:34 - error TS2339: Property 'init' does not exist on type 'G3DPointCloudProcessor'.

323                 await pointCloud.init();
                                     ~~~~

ai-platforms/annotateai/src/components/annotation/G3DPointCloudAnnotation.tsx:326:57 - error TS2322: Type 'string' is not assignable to type 'DeviceConfig'.

326                 const compute = new G3DComputeShaders({ device: 'gpu', shaderVersion: 'webgl2' });
                                                            ~~~~~~

  ai-platforms/annotateai/src/g3d-ai/G3DComputeShaders.ts:9:5
    9     device: DeviceConfig;
          ~~~~~~
    The expected type comes from property 'device' which is declared here on type 'ComputeShaderConfig'

ai-platforms/annotateai/src/components/annotation/G3DPointCloudAnnotation.tsx:369:30 - error TS2339: Property 'createCamera' does not exist on type 'G3DSceneManager'.

369         const camera = scene.createCamera('perspective', {
                                 ~~~~~~~~~~~~

ai-platforms/annotateai/src/components/annotation/G3DPointCloudAnnotation.tsx:387:15 - error TS2339: Property 'setActiveCamera' does not exist on type 'G3DSceneManager'.

387         scene.setActiveCamera(camera);
                  ~~~~~~~~~~~~~~~

ai-platforms/annotateai/src/components/annotation/G3DPointCloudAnnotation.tsx:403:36 - error TS2339: Property 'createLight' does not exist on type 'G3DSceneManager'.

403         const ambientLight = scene.createLight('ambient', {
                                       ~~~~~~~~~~~

ai-platforms/annotateai/src/components/annotation/G3DPointCloudAnnotation.tsx:407:15 - error TS2339: Property 'add' does not exist on type 'G3DSceneManager'.

407         scene.add(ambientLight);
                  ~~~

ai-platforms/annotateai/src/components/annotation/G3DPointCloudAnnotation.tsx:410:40 - error TS2339: Property 'createLight' does not exist on type 'G3DSceneManager'.

410         const directionalLight = scene.createLight('directional', {
                                           ~~~~~~~~~~~

ai-platforms/annotateai/src/components/annotation/G3DPointCloudAnnotation.tsx:416:15 - error TS2339: Property 'add' does not exist on type 'G3DSceneManager'.

416         scene.add(directionalLight);
                  ~~~

ai-platforms/annotateai/src/components/annotation/G3DPointCloudAnnotation.tsx:431:19 - error TS2339: Property 'add' does not exist on type 'G3DSceneManager'.

431             scene.add(axesHelper);
                      ~~~

ai-platforms/annotateai/src/components/annotation/G3DPointCloudAnnotation.tsx:438:23 - error TS2339: Property 'add' does not exist on type 'G3DSceneManager'.

438                 scene.add(groundPlane);
                          ~~~

ai-platforms/annotateai/src/components/annotation/G3DPointCloudAnnotation.tsx:463:53 - error TS2339: Property 'createPointCloud' does not exist on type 'G3DPointCloudProcessor'.

463             const pointCloudMesh = await pointCloud.createPointCloud({
                                                        ~~~~~~~~~~~~~~~~

ai-platforms/annotateai/src/components/annotation/G3DPointCloudAnnotation.tsx:474:19 - error TS2339: Property 'add' does not exist on type 'G3DSceneManager'.

474             scene.add(pointCloudMesh);
                      ~~~

ai-platforms/annotateai/src/components/annotation/G3DPointCloudAnnotation.tsx:480:41 - error TS2339: Property 'getOctreeDepth' does not exist on type 'G3DPointCloudProcessor'.

480                 octreeDepth: pointCloud.getOctreeDepth?.() || 0
                                            ~~~~~~~~~~~~~~

ai-platforms/annotateai/src/components/annotation/G3DPointCloudAnnotation.tsx:619:42 - error TS2339: Property 'estimateNormals' does not exist on type 'G3DPointCloudProcessor'.

619         const normals = await pointCloud.estimateNormals({
                                             ~~~~~~~~~~~~~~~

ai-platforms/annotateai/src/components/annotation/G3DPointCloudAnnotation.tsx:637:46 - error TS2339: Property 'removeStatisticalOutliers' does not exist on type 'G3DPointCloudProcessor'.

637             const indices = await pointCloud.removeStatisticalOutliers({
                                                 ~~~~~~~~~~~~~~~~~~~~~~~~~

ai-platforms/annotateai/src/components/annotation/G3DPointCloudAnnotation.tsx:648:46 - error TS2339: Property 'removeRadiusOutliers' does not exist on type 'G3DPointCloudProcessor'.

648             const indices = await pointCloud.removeRadiusOutliers({
                                                 ~~~~~~~~~~~~~~~~~~~~

ai-platforms/annotateai/src/components/annotation/G3DPointCloudAnnotation.tsx:659:45 - error TS2339: Property 'voxelGridFilter' does not exist on type 'G3DPointCloudProcessor'.

659             const result = await pointCloud.voxelGridFilter({
                                                ~~~~~~~~~~~~~~~

ai-platforms/annotateai/src/components/annotation/G3DPointCloudAnnotation.tsx:680:46 - error TS2339: Property 'passThroughFilter' does not exist on type 'G3DPointCloudProcessor'.

680             const indices = await pointCloud.passThroughFilter({
                                                 ~~~~~~~~~~~~~~~~~

ai-platforms/annotateai/src/components/annotation/G3DPointCloudAnnotation.tsx:762:43 - error TS2339: Property 'cluster' does not exist on type 'G3DPointCloudProcessor'.

762         const clusters = await pointCloud.cluster({
                                              ~~~~~~~

ai-platforms/annotateai/src/components/annotation/G3DPointCloudAnnotation.tsx:786:43 - error TS2339: Property 'segment' does not exist on type 'G3DPointCloudProcessor'.

786         const segments = await pointCloud.segment({
                                              ~~~~~~~

ai-platforms/annotateai/src/components/annotation/G3DPointCloudAnnotation.tsx:937:30 - error TS2339: Property 'getActiveCamera' does not exist on type 'G3DSceneManager'.

937         const camera = scene.getActiveCamera();
                                 ~~~~~~~~~~~~~~~

ai-platforms/annotateai/src/components/annotation/G3DPointCloudAnnotation.tsx:1055:37 - error TS2341: Property 'render' is private and only accessible within class 'G3DNativeRenderer'.

1055                 rendererRef.current.render(sceneRef.current);
                                         ~~~~~~

ai-platforms/annotateai/src/components/annotation/G3DPointCloudAnnotation.tsx:1055:44 - error TS2554: Expected 0 arguments, but got 1.

1055                 rendererRef.current.render(sceneRef.current);
                                                ~~~~~~~~~~~~~~~~

ai-platforms/annotateai/src/components/annotation/G3DPointCloudAnnotation.tsx:1061:47 - error TS2339: Property 'getFPS' does not exist on type 'G3DNativeRenderer'.

1061                     fps: rendererRef.current?.getFPS() || 60,
                                                   ~~~~~~

ai-platforms/annotateai/src/components/annotation/G3DPointCloudAnnotation.tsx:1063:55 - error TS2339: Property 'getGPUMemoryUsage' does not exist on type 'G3DNativeRenderer'.

1063                     memoryUsage: rendererRef.current?.getGPUMemoryUsage() || 0
                                                           ~~~~~~~~~~~~~~~~~

ai-platforms/annotateai/src/components/annotation/G3DPointCloudAnnotation.tsx:1075:30 - error TS2339: Property 'cleanup' does not exist on type 'G3DNativeRenderer'.

1075         rendererRef.current?.cleanup();
                                  ~~~~~~~

ai-platforms/annotateai/src/components/annotation/G3DPolygonTool.tsx:190:76 - error TS2554: Expected 1 arguments, but got 2.

190                 const renderer = new G3DNativeRenderer(canvasRef.current!, { antialias: true, alpha: true });
                                                                               ~~~~~~~~~~~~~~~~~~~~~~~~~~~~~~~~

ai-platforms/annotateai/src/components/annotation/G3DPolygonTool.tsx:194:116 - error TS2554: Expected 1 arguments, but got 2.

194                 const scene = new G3DSceneManager(rendererRef.current || new G3DNativeRenderer(canvasRef.current!, { antialias: true, alpha: true }));
                                                                                                                       ~~~~~~~~~~~~~~~~~~~~~~~~~~~~~~~~

ai-platforms/annotateai/src/components/annotation/G3DPolygonTool.tsx:206:57 - error TS2322: Type 'string' is not assignable to type 'DeviceConfig'.

206                 const compute = new G3DComputeShaders({ device: 'gpu', shaderVersion: 'webgl2' });
                                                            ~~~~~~

  ai-platforms/annotateai/src/g3d-ai/G3DComputeShaders.ts:9:5
    9     device: DeviceConfig;
          ~~~~~~
    The expected type comes from property 'device' which is declared here on type 'ComputeShaderConfig'

ai-platforms/annotateai/src/components/annotation/G3DPolygonTool.tsx:252:43 - error TS2554: Expected 2-5 arguments, but got 1.

252         const imagePlane = await geometry.createPlane({
                                              ~~~~~~~~~~~

  ai-platforms/annotateai/src/g3d-integration/G3DGeometryProcessor.ts:213:32
    213     createPlane(width: number, height: number, widthSegments: number = 1, heightSegments: number = 1, options?: G3DGeometryOptions): G3DGeometry {
                                       ~~~~~~~~~~~~~~
    An argument for 'height' was not provided.

ai-platforms/annotateai/src/components/annotation/G3DPolygonTool.tsx:258:47 - error TS2551: Property 'createMaterial' does not exist on type 'G3DMaterialSystem'. Did you mean 'createPBRMaterial'?

258         const imageMaterial = await materials.createMaterial({
                                                  ~~~~~~~~~~~~~~

  ai-platforms/annotateai/src/g3d-integration/G3DMaterialSystem.ts:516:5
    516     createPBRMaterial(name: string, params?: Partial<G3DPBRMaterial>): G3DPBRMaterial {
            ~~~~~~~~~~~~~~~~~
    'createPBRMaterial' is declared here.

ai-platforms/annotateai/src/components/annotation/G3DPolygonTool.tsx:264:39 - error TS2339: Property 'createMesh' does not exist on type 'G3DSceneManager'.

264         const imageMesh = await scene.createMesh('source-image', imagePlane, imageMaterial);
                                          ~~~~~~~~~~

ai-platforms/annotateai/src/components/annotation/G3DPolygonTool.tsx:265:15 - error TS2339: Property 'add' does not exist on type 'G3DSceneManager'.

265         scene.add(imageMesh);
                  ~~~

ai-platforms/annotateai/src/components/annotation/G3DPolygonTool.tsx:275:44 - error TS2339: Property 'getDevice' does not exist on type 'G3DNativeRenderer'.

275         const device = rendererRef.current.getDevice();
                                               ~~~~~~~~~

ai-platforms/annotateai/src/components/annotation/G3DPolygonTool.tsx:298:30 - error TS2339: Property 'createCamera' does not exist on type 'G3DSceneManager'.

298         const camera = scene.createCamera('orthographic', {
                                 ~~~~~~~~~~~~

ai-platforms/annotateai/src/components/annotation/G3DPolygonTool.tsx:309:15 - error TS2339: Property 'setActiveCamera' does not exist on type 'G3DSceneManager'.

309         scene.setActiveCamera(camera);
                  ~~~~~~~~~~~~~~~

ai-platforms/annotateai/src/components/annotation/G3DPolygonTool.tsx:337:49 - error TS2551: Property 'createMaterial' does not exist on type 'G3DMaterialSystem'. Did you mean 'createPBRMaterial'?

337         const polygonMaterial = await materials.createMaterial({
                                                    ~~~~~~~~~~~~~~

  ai-platforms/annotateai/src/g3d-integration/G3DMaterialSystem.ts:516:5
    516     createPBRMaterial(name: string, params?: Partial<G3DPBRMaterial>): G3DPBRMaterial {
            ~~~~~~~~~~~~~~~~~
    'createPBRMaterial' is declared here.

ai-platforms/annotateai/src/components/annotation/G3DPolygonTool.tsx:347:41 - error TS2339: Property 'createMesh' does not exist on type 'G3DSceneManager'.

347         const polygonMesh = await scene.createMesh(`polygon-${polygon.id}`, polygonGeometry, polygonMaterial);
                                            ~~~~~~~~~~

ai-platforms/annotateai/src/components/annotation/G3DPolygonTool.tsx:348:15 - error TS2339: Property 'add' does not exist on type 'G3DSceneManager'.

348         scene.add(polygonMesh);
                  ~~~

ai-platforms/annotateai/src/components/annotation/G3DPolygonTool.tsx:367:38 - error TS2339: Property 'triangulatePolygon' does not exist on type 'G3DMathLibraries'.

367         const triangles = await math.triangulatePolygon(vertices3D, polygon.holes.map(hole =>
                                         ~~~~~~~~~~~~~~~~~~

ai-platforms/annotateai/src/components/annotation/G3DPolygonTool.tsx:372:48 - error TS2339: Property 'createFromTriangles' does not exist on type 'G3DGeometryProcessor'.

372         const polygonGeometry = await geometry.createFromTriangles(triangles);
                                                   ~~~~~~~~~~~~~~~~~~~

ai-platforms/annotateai/src/components/annotation/G3DPolygonTool.tsx:387:64 - error TS2345: Argument of type '{ radius: number; segments: number; }' is not assignable to parameter of type 'number'.

387             const handleGeometry = await geometry.createSphere({
                                                                   ~
388                 radius: 3,
    ~~~~~~~~~~~~~~~~~~~~~~~~~~
389                 segments: 8
    ~~~~~~~~~~~~~~~~~~~~~~~~~~~
390             });
    ~~~~~~~~~~~~~

ai-platforms/annotateai/src/components/annotation/G3DPolygonTool.tsx:393:52 - error TS2551: Property 'createMaterial' does not exist on type 'G3DMaterialSystem'. Did you mean 'createPBRMaterial'?

393             const handleMaterial = await materials.createMaterial({
                                                       ~~~~~~~~~~~~~~

  ai-platforms/annotateai/src/g3d-integration/G3DMaterialSystem.ts:516:5
    516     createPBRMaterial(name: string, params?: Partial<G3DPBRMaterial>): G3DPBRMaterial {
            ~~~~~~~~~~~~~~~~~
    'createPBRMaterial' is declared here.

ai-platforms/annotateai/src/components/annotation/G3DPolygonTool.tsx:400:44 - error TS2339: Property 'createMesh' does not exist on type 'G3DSceneManager'.

400             const handleMesh = await scene.createMesh(`handle-${vertex.id}`, handleGeometry, handleMaterial);
                                               ~~~~~~~~~~

ai-platforms/annotateai/src/components/annotation/G3DPolygonTool.tsx:402:19 - error TS2339: Property 'add' does not exist on type 'G3DSceneManager'.

402             scene.add(handleMesh);
                      ~~~

ai-platforms/annotateai/src/components/annotation/G3DPolygonTool.tsx:420:60 - error TS2345: Argument of type '{ radius: number; segments: number; }' is not assignable to parameter of type 'number'.

420         const handleGeometry = await geometry.createSphere({
                                                               ~
421             radius: 2,
    ~~~~~~~~~~~~~~~~~~~~~~
422             segments: 6
    ~~~~~~~~~~~~~~~~~~~~~~~
423         });
    ~~~~~~~~~

ai-platforms/annotateai/src/components/annotation/G3DPolygonTool.tsx:425:48 - error TS2551: Property 'createMaterial' does not exist on type 'G3DMaterialSystem'. Did you mean 'createPBRMaterial'?

425         const handleMaterial = await materials.createMaterial({
                                                   ~~~~~~~~~~~~~~

  ai-platforms/annotateai/src/g3d-integration/G3DMaterialSystem.ts:516:5
    516     createPBRMaterial(name: string, params?: Partial<G3DPBRMaterial>): G3DPBRMaterial {
            ~~~~~~~~~~~~~~~~~
    'createPBRMaterial' is declared here.

ai-platforms/annotateai/src/components/annotation/G3DPolygonTool.tsx:432:42 - error TS2339: Property 'createMesh' does not exist on type 'G3DSceneManager'.

432         const inHandleMesh = await scene.createMesh(`bezier-in-${vertex.id}`, handleGeometry, handleMaterial);
                                             ~~~~~~~~~~

ai-platforms/annotateai/src/components/annotation/G3DPolygonTool.tsx:434:15 - error TS2339: Property 'add' does not exist on type 'G3DSceneManager'.

434         scene.add(inHandleMesh);
                  ~~~

ai-platforms/annotateai/src/components/annotation/G3DPolygonTool.tsx:437:43 - error TS2339: Property 'createMesh' does not exist on type 'G3DSceneManager'.

437         const outHandleMesh = await scene.createMesh(`bezier-out-${vertex.id}`, handleGeometry, handleMaterial);
                                              ~~~~~~~~~~

ai-platforms/annotateai/src/components/annotation/G3DPolygonTool.tsx:439:15 - error TS2339: Property 'add' does not exist on type 'G3DSceneManager'.

439         scene.add(outHandleMesh);
                  ~~~

ai-platforms/annotateai/src/components/annotation/G3DPolygonTool.tsx:460:45 - error TS2551: Property 'createLine' does not exist on type 'G3DGeometryProcessor'. Did you mean 'createPlane'?

460         const lineGeometry = await geometry.createLine(linePoints);
                                                ~~~~~~~~~~

  ai-platforms/annotateai/src/g3d-integration/G3DGeometryProcessor.ts:213:5
    213     createPlane(width: number, height: number, widthSegments: number = 1, heightSegments: number = 1, options?: G3DGeometryOptions): G3DGeometry {
            ~~~~~~~~~~~
    'createPlane' is declared here.

ai-platforms/annotateai/src/components/annotation/G3DPolygonTool.tsx:462:46 - error TS2551: Property 'createMaterial' does not exist on type 'G3DMaterialSystem'. Did you mean 'createPBRMaterial'?

462         const lineMaterial = await materials.createMaterial({
                                                 ~~~~~~~~~~~~~~

  ai-platforms/annotateai/src/g3d-integration/G3DMaterialSystem.ts:516:5
    516     createPBRMaterial(name: string, params?: Partial<G3DPBRMaterial>): G3DPBRMaterial {
            ~~~~~~~~~~~~~~~~~
    'createPBRMaterial' is declared here.

ai-platforms/annotateai/src/components/annotation/G3DPolygonTool.tsx:469:38 - error TS2339: Property 'createMesh' does not exist on type 'G3DSceneManager'.

469         const lineMesh = await scene.createMesh(`handle-line-${vertex.id}`, lineGeometry, lineMaterial);
                                         ~~~~~~~~~~

ai-platforms/annotateai/src/components/annotation/G3DPolygonTool.tsx:470:15 - error TS2339: Property 'add' does not exist on type 'G3DSceneManager'.

470         scene.add(lineMesh);
                  ~~~

ai-platforms/annotateai/src/components/annotation/G3DPolygonTool.tsx:722:44 - error TS2339: Property 'calculatePolygonArea' does not exist on type 'G3DMathLibraries'.

722         polygon.metadata.area = await math.calculatePolygonArea(vertices);
                                               ~~~~~~~~~~~~~~~~~~~~

ai-platforms/annotateai/src/components/annotation/G3DPolygonTool.tsx:725:49 - error TS2339: Property 'calculatePolygonPerimeter' does not exist on type 'G3DMathLibraries'.

725         polygon.metadata.perimeter = await math.calculatePolygonPerimeter(vertices);
                                                    ~~~~~~~~~~~~~~~~~~~~~~~~~

ai-platforms/annotateai/src/components/annotation/G3DPolygonTool.tsx:728:48 - error TS2339: Property 'calculatePolygonCentroid' does not exist on type 'G3DMathLibraries'.

728         polygon.metadata.centroid = await math.calculatePolygonCentroid(vertices);
                                                   ~~~~~~~~~~~~~~~~~~~~~~~~

ai-platforms/annotateai/src/components/annotation/G3DPolygonTool.tsx:731:51 - error TS2339: Property 'calculateBoundingBox' does not exist on type 'G3DMathLibraries'.

731         polygon.metadata.boundingBox = await math.calculateBoundingBox(vertices);
                                                      ~~~~~~~~~~~~~~~~~~~~

ai-platforms/annotateai/src/components/annotation/G3DPolygonTool.tsx:745:45 - error TS2339: Property 'smoothPolygon' does not exist on type 'G3DMathLibraries'.

745         const smoothedVertices = await math.smoothPolygon(
                                                ~~~~~~~~~~~~~

ai-platforms/annotateai/src/components/annotation/G3DPolygonTool.tsx:782:47 - error TS2339: Property 'subdividePolygon' does not exist on type 'G3DMathLibraries'.

782         const subdividedVertices = await math.subdividePolygon(
                                                  ~~~~~~~~~~~~~~~~

ai-platforms/annotateai/src/components/annotation/G3DPolygonTool.tsx:822:47 - error TS2339: Property 'simplifyPolygon' does not exist on type 'G3DMathLibraries'.

822         const simplifiedVertices = await math.simplifyPolygon(
                                                  ~~~~~~~~~~~~~~~

ai-platforms/annotateai/src/components/annotation/G3DPolygonTool.tsx:921:45 - error TS2339: Property 'getGPUMemoryUsage' does not exist on type 'G3DNativeRenderer'.

921             gpuMemory: rendererRef.current?.getGPUMemoryUsage() || 0
                                                ~~~~~~~~~~~~~~~~~

ai-platforms/annotateai/src/components/annotation/G3DPolygonTool.tsx:929:37 - error TS2341: Property 'render' is private and only accessible within class 'G3DNativeRenderer'.

929                 rendererRef.current.render(sceneRef.current);
                                        ~~~~~~

ai-platforms/annotateai/src/components/annotation/G3DPolygonTool.tsx:929:44 - error TS2554: Expected 0 arguments, but got 1.

929                 rendererRef.current.render(sceneRef.current);
                                               ~~~~~~~~~~~~~~~~

ai-platforms/annotateai/src/components/annotation/G3DPolygonTool.tsx:933:47 - error TS2339: Property 'getFPS' does not exist on type 'G3DNativeRenderer'.

933                     fps: rendererRef.current?.getFPS() || 60
                                                  ~~~~~~

ai-platforms/annotateai/src/components/annotation/G3DPolygonTool.tsx:946:33 - error TS2339: Property 'cleanup' does not exist on type 'G3DNativeRenderer'.

946             rendererRef.current.cleanup();
                                    ~~~~~~~

ai-platforms/annotateai/src/components/annotation/G3DQualityControl.tsx:280:67 - error TS2554: Expected 1 arguments, but got 2.

280         const renderer = new G3DNativeRenderer(canvasRef.current, { antialias: true, alpha: true });
                                                                      ~~~~~~~~~~~~~~~~~~~~~~~~~~~~~~~~

ai-platforms/annotateai/src/components/annotation/G3DQualityControl.tsx:283:108 - error TS2554: Expected 1 arguments, but got 2.

283         const scene = new G3DSceneManager(rendererRef.current || new G3DNativeRenderer(canvasRef.current!, { antialias: true, alpha: true }));
                                                                                                               ~~~~~~~~~~~~~~~~~~~~~~~~~~~~~~~~

ai-platforms/annotateai/src/components/annotation/G3DQualityControl.tsx:286:49 - error TS2322: Type 'string' is not assignable to type 'DeviceConfig'.

286         const compute = new G3DComputeShaders({ device: 'gpu', shaderVersion: 'webgl2' });
                                                    ~~~~~~

  ai-platforms/annotateai/src/g3d-ai/G3DComputeShaders.ts:9:5
    9     device: DeviceConfig;
          ~~~~~~
    The expected type comes from property 'device' which is declared here on type 'ComputeShaderConfig'

ai-platforms/annotateai/src/components/annotation/G3DQualityControl.tsx:308:55 - error TS2554: Expected 1 arguments, but got 2.

308                 await modelRunner.loadModel(model.id, model.modelPath);
                                                          ~~~~~~~~~~~~~~~

ai-platforms/annotateai/src/components/annotation/G3DQualityControl.tsx:320:30 - error TS2339: Property 'createCamera' does not exist on type 'G3DSceneManager'.

320         const camera = scene.createCamera('perspective', {
                                 ~~~~~~~~~~~~

ai-platforms/annotateai/src/components/annotation/G3DQualityControl.tsx:329:15 - error TS2339: Property 'setActiveCamera' does not exist on type 'G3DSceneManager'.

329         scene.setActiveCamera(camera);
                  ~~~~~~~~~~~~~~~

ai-platforms/annotateai/src/components/annotation/G3DQualityControl.tsx:345:36 - error TS2339: Property 'createLight' does not exist on type 'G3DSceneManager'.

345         const ambientLight = scene.createLight('ambient', {
                                       ~~~~~~~~~~~

ai-platforms/annotateai/src/components/annotation/G3DQualityControl.tsx:349:15 - error TS2339: Property 'add' does not exist on type 'G3DSceneManager'.

349         scene.add(ambientLight);
                  ~~~

ai-platforms/annotateai/src/components/annotation/G3DQualityControl.tsx:352:40 - error TS2339: Property 'createLight' does not exist on type 'G3DSceneManager'.

352         const directionalLight = scene.createLight('directional', {
                                           ~~~~~~~~~~~

ai-platforms/annotateai/src/components/annotation/G3DQualityControl.tsx:358:15 - error TS2339: Property 'add' does not exist on type 'G3DSceneManager'.

358         scene.add(directionalLight);
                  ~~~

ai-platforms/annotateai/src/components/annotation/G3DQualityControl.tsx:533:40 - error TS2339: Property 'iou' does not exist on type 'G3DInferenceResult'.

533             metrics.precision = result.iou || 0;
                                           ~~~

ai-platforms/annotateai/src/components/annotation/G3DQualityControl.tsx:553:24 - error TS2339: Property 'issues' does not exist on type 'G3DInferenceResult'.

553             if (result.issues) {
                           ~~~~~~

ai-platforms/annotateai/src/components/annotation/G3DQualityControl.tsx:554:46 - error TS2339: Property 'issues' does not exist on type 'G3DInferenceResult'.

554                 for (const aiIssue of result.issues) {
                                                 ~~~~~~

ai-platforms/annotateai/src/components/annotation/G3DQualityControl.tsx:936:37 - error TS2341: Property 'render' is private and only accessible within class 'G3DNativeRenderer'.

936                 rendererRef.current.render(sceneRef.current);
                                        ~~~~~~

ai-platforms/annotateai/src/components/annotation/G3DQualityControl.tsx:936:44 - error TS2554: Expected 0 arguments, but got 1.

936                 rendererRef.current.render(sceneRef.current);
                                               ~~~~~~~~~~~~~~~~

ai-platforms/annotateai/src/components/annotation/G3DQualityControl.tsx:942:47 - error TS2339: Property 'getFPS' does not exist on type 'G3DNativeRenderer'.

942                     fps: rendererRef.current?.getFPS() || 60,
                                                  ~~~~~~

ai-platforms/annotateai/src/components/annotation/G3DQualityControl.tsx:943:55 - error TS2339: Property 'getGPUMemoryUsage' does not exist on type 'G3DNativeRenderer'.

943                     memoryUsage: rendererRef.current?.getGPUMemoryUsage() || 0,
                                                          ~~~~~~~~~~~~~~~~~

ai-platforms/annotateai/src/components/annotation/G3DQualityControl.tsx:956:30 - error TS2339: Property 'cleanup' does not exist on type 'G3DNativeRenderer'.

956         rendererRef.current?.cleanup();
                                 ~~~~~~~

ai-platforms/annotateai/src/components/annotation/G3DSemanticSegmentation.tsx:192:76 - error TS2554: Expected 1 arguments, but got 2.

192                 const renderer = new G3DNativeRenderer(canvasRef.current!, { antialias: true, alpha: true });
                                                                               ~~~~~~~~~~~~~~~~~~~~~~~~~~~~~~~~

ai-platforms/annotateai/src/components/annotation/G3DSemanticSegmentation.tsx:196:116 - error TS2554: Expected 1 arguments, but got 2.

196                 const scene = new G3DSceneManager(rendererRef.current || new G3DNativeRenderer(canvasRef.current!, { antialias: true, alpha: true }));
                                                                                                                       ~~~~~~~~~~~~~~~~~~~~~~~~~~~~~~~~

ai-platforms/annotateai/src/components/annotation/G3DSemanticSegmentation.tsx:208:57 - error TS2322: Type 'string' is not assignable to type 'DeviceConfig'.

208                 const compute = new G3DComputeShaders({ device: 'gpu', shaderVersion: 'webgl2' });
                                                            ~~~~~~

  ai-platforms/annotateai/src/g3d-ai/G3DComputeShaders.ts:9:5
    9     device: DeviceConfig;
          ~~~~~~
    The expected type comes from property 'device' which is declared here on type 'ComputeShaderConfig'

ai-platforms/annotateai/src/components/annotation/G3DSemanticSegmentation.tsx:215:45 - error TS2345: Argument of type 'string' is not assignable to parameter of type 'G3DModelConfig'.

215                     await aiModel.loadModel(aiConfig.model);
                                                ~~~~~~~~~~~~~~

ai-platforms/annotateai/src/components/annotation/G3DSemanticSegmentation.tsx:257:43 - error TS2554: Expected 2-5 arguments, but got 1.

257         const imagePlane = await geometry.createPlane({
                                              ~~~~~~~~~~~

  ai-platforms/annotateai/src/g3d-integration/G3DGeometryProcessor.ts:213:32
    213     createPlane(width: number, height: number, widthSegments: number = 1, heightSegments: number = 1, options?: G3DGeometryOptions): G3DGeometry {
                                       ~~~~~~~~~~~~~~
    An argument for 'height' was not provided.

ai-platforms/annotateai/src/components/annotation/G3DSemanticSegmentation.tsx:263:47 - error TS2551: Property 'createMaterial' does not exist on type 'G3DMaterialSystem'. Did you mean 'createPBRMaterial'?

263         const imageMaterial = await materials.createMaterial({
                                                  ~~~~~~~~~~~~~~

  ai-platforms/annotateai/src/g3d-integration/G3DMaterialSystem.ts:516:5
    516     createPBRMaterial(name: string, params?: Partial<G3DPBRMaterial>): G3DPBRMaterial {
            ~~~~~~~~~~~~~~~~~
    'createPBRMaterial' is declared here.

ai-platforms/annotateai/src/components/annotation/G3DSemanticSegmentation.tsx:269:39 - error TS2339: Property 'createMesh' does not exist on type 'G3DSceneManager'.

269         const imageMesh = await scene.createMesh('source-image', imagePlane, imageMaterial);
                                          ~~~~~~~~~~

ai-platforms/annotateai/src/components/annotation/G3DSemanticSegmentation.tsx:270:15 - error TS2339: Property 'add' does not exist on type 'G3DSceneManager'.

270         scene.add(imageMesh);
                  ~~~

ai-platforms/annotateai/src/components/annotation/G3DSemanticSegmentation.tsx:283:44 - error TS2339: Property 'getDevice' does not exist on type 'G3DNativeRenderer'.

283         const device = rendererRef.current.getDevice();
                                               ~~~~~~~~~

ai-platforms/annotateai/src/components/annotation/G3DSemanticSegmentation.tsx:312:47 - error TS2339: Property 'createTexture' does not exist on type 'G3DComputeShaders'.

312             const maskTexture = await compute.createTexture({
                                                  ~~~~~~~~~~~~~

ai-platforms/annotateai/src/components/annotation/G3DSemanticSegmentation.tsx:322:46 - error TS2339: Property 'createTexture' does not exist on type 'G3DComputeShaders'.

322         const overlayTexture = await compute.createTexture({
                                                 ~~~~~~~~~~~~~

ai-platforms/annotateai/src/components/annotation/G3DSemanticSegmentation.tsx:330:49 - error TS2551: Property 'createMaterial' does not exist on type 'G3DMaterialSystem'. Did you mean 'createPBRMaterial'?

330         const overlayMaterial = await materials.createMaterial({
                                                    ~~~~~~~~~~~~~~

  ai-platforms/annotateai/src/g3d-integration/G3DMaterialSystem.ts:516:5
    516     createPBRMaterial(name: string, params?: Partial<G3DPBRMaterial>): G3DPBRMaterial {
            ~~~~~~~~~~~~~~~~~
    'createPBRMaterial' is declared here.

ai-platforms/annotateai/src/components/annotation/G3DSemanticSegmentation.tsx:345:30 - error TS2339: Property 'createCamera' does not exist on type 'G3DSceneManager'.

345         const camera = scene.createCamera('orthographic', {
                                 ~~~~~~~~~~~~

ai-platforms/annotateai/src/components/annotation/G3DSemanticSegmentation.tsx:356:15 - error TS2339: Property 'setActiveCamera' does not exist on type 'G3DSceneManager'.

356         scene.setActiveCamera(camera);
                  ~~~~~~~~~~~~~~~

ai-platforms/annotateai/src/components/annotation/G3DSemanticSegmentation.tsx:379:42 - error TS2554: Expected 2 arguments, but got 1.

379         const maskShader = await compute.createComputeShader(`
                                             ~~~~~~~~~~~~~~~~~~~

  ai-platforms/annotateai/src/g3d-ai/G3DComputeShaders.ts:1054:45
    1054     async createComputeShader(name: string, source: string): Promise<void> {
                                                     ~~~~~~~~~~~~~~
    An argument for 'source' was not provided.

ai-platforms/annotateai/src/components/annotation/G3DSemanticSegmentation.tsx:398:32 - error TS2345: Argument of type 'void' is not assignable to parameter of type 'string'.

398         await compute.dispatch(maskShader, {
                                   ~~~~~~~~~~

ai-platforms/annotateai/src/components/annotation/G3DSemanticSegmentation.tsx:417:41 - error TS2339: Property 'createTexture' does not exist on type 'G3DComputeShaders'.

417         return await computeRef.current.createTexture({
                                            ~~~~~~~~~~~~~

ai-platforms/annotateai/src/components/annotation/G3DSemanticSegmentation.tsx:432:45 - error TS2554: Expected 2 arguments, but got 1.

432         const overlayShader = await compute.createComputeShader(`
                                                ~~~~~~~~~~~~~~~~~~~

  ai-platforms/annotateai/src/g3d-ai/G3DComputeShaders.ts:1054:45
    1054     async createComputeShader(name: string, source: string): Promise<void> {
                                                     ~~~~~~~~~~~~~~
    An argument for 'source' was not provided.

ai-platforms/annotateai/src/components/annotation/G3DSemanticSegmentation.tsx:467:32 - error TS2345: Argument of type 'void' is not assignable to parameter of type 'string'.

467         await compute.dispatch(overlayShader, {
                                   ~~~~~~~~~~~~~

ai-platforms/annotateai/src/components/annotation/G3DSemanticSegmentation.tsx:520:45 - error TS2339: Property 'pressure' does not exist on type 'MouseEvent'.

520         startBrushStroke(imageCoords, event.pressure || 1.0);
                                                ~~~~~~~~

ai-platforms/annotateai/src/components/annotation/G3DSemanticSegmentation.tsx:531:32 - error TS2339: Property 'pressure' does not exist on type 'MouseEvent'.

531         const pressure = event.pressure || 1.0;
                                   ~~~~~~~~

ai-platforms/annotateai/src/components/annotation/G3DSemanticSegmentation.tsx:640:43 - error TS2554: Expected 2 arguments, but got 1.

640         const brushShader = await compute.createComputeShader(`
                                              ~~~~~~~~~~~~~~~~~~~

  ai-platforms/annotateai/src/g3d-ai/G3DComputeShaders.ts:1054:45
    1054     async createComputeShader(name: string, source: string): Promise<void> {
                                                     ~~~~~~~~~~~~~~
    An argument for 'source' was not provided.

ai-platforms/annotateai/src/components/annotation/G3DSemanticSegmentation.tsx:692:32 - error TS2345: Argument of type 'void' is not assignable to parameter of type 'string'.

692         await compute.dispatch(brushShader, {
                                   ~~~~~~~~~~~

ai-platforms/annotateai/src/components/annotation/G3DSemanticSegmentation.tsx:735:46 - error TS2339: Property 'predict' does not exist on type 'G3DModelRunner'.

735             const prediction = await aiModel.predict(inputData, {
                                                 ~~~~~~~

ai-platforms/annotateai/src/components/annotation/G3DSemanticSegmentation.tsx:826:37 - error TS2341: Property 'render' is private and only accessible within class 'G3DNativeRenderer'.

826                 rendererRef.current.render(sceneRef.current);
                                        ~~~~~~

ai-platforms/annotateai/src/components/annotation/G3DSemanticSegmentation.tsx:826:44 - error TS2554: Expected 0 arguments, but got 1.

826                 rendererRef.current.render(sceneRef.current);
                                               ~~~~~~~~~~~~~~~~

ai-platforms/annotateai/src/components/annotation/G3DSemanticSegmentation.tsx:831:47 - error TS2339: Property 'getFPS' does not exist on type 'G3DNativeRenderer'.

831                     fps: rendererRef.current?.getFPS() || 60,
                                                  ~~~~~~

ai-platforms/annotateai/src/components/annotation/G3DSemanticSegmentation.tsx:832:53 - error TS2339: Property 'getGPUMemoryUsage' does not exist on type 'G3DNativeRenderer'.

832                     gpuMemory: rendererRef.current?.getGPUMemoryUsage() || 0,
                                                        ~~~~~~~~~~~~~~~~~

ai-platforms/annotateai/src/components/annotation/G3DSemanticSegmentation.tsx:850:33 - error TS2339: Property 'cleanup' does not exist on type 'G3DNativeRenderer'.

850             rendererRef.current.cleanup();
                                    ~~~~~~~

ai-platforms/annotateai/src/components/annotation/G3DVideoTracking.tsx:196:76 - error TS2554: Expected 1 arguments, but got 2.

196                 const renderer = new G3DNativeRenderer(canvasRef.current!, { antialias: true, alpha: true });
                                                                               ~~~~~~~~~~~~~~~~~~~~~~~~~~~~~~~~

ai-platforms/annotateai/src/components/annotation/G3DVideoTracking.tsx:199:116 - error TS2554: Expected 1 arguments, but got 2.

199                 const scene = new G3DSceneManager(rendererRef.current || new G3DNativeRenderer(canvasRef.current!, { antialias: true, alpha: true }));
                                                                                                                       ~~~~~~~~~~~~~~~~~~~~~~~~~~~~~~~~

ai-platforms/annotateai/src/components/annotation/G3DVideoTracking.tsx:205:57 - error TS2322: Type 'string' is not assignable to type 'DeviceConfig'.

205                 const compute = new G3DComputeShaders({ device: 'gpu', shaderVersion: 'webgl2' });
                                                            ~~~~~~

  ai-platforms/annotateai/src/g3d-ai/G3DComputeShaders.ts:9:5
    9     device: DeviceConfig;
          ~~~~~~
    The expected type comes from property 'device' which is declared here on type 'ComputeShaderConfig'

ai-platforms/annotateai/src/components/annotation/G3DVideoTracking.tsx:237:30 - error TS2339: Property 'createCamera' does not exist on type 'G3DSceneManager'.

237         const camera = scene.createCamera('orthographic', {
                                 ~~~~~~~~~~~~

ai-platforms/annotateai/src/components/annotation/G3DVideoTracking.tsx:247:15 - error TS2339: Property 'setActiveCamera' does not exist on type 'G3DSceneManager'.

247         scene.setActiveCamera(camera);
                  ~~~~~~~~~~~~~~~

ai-platforms/annotateai/src/components/annotation/G3DVideoTracking.tsx:265:40 - error TS2339: Property 'createPlane' does not exist on type 'G3DSceneManager'.

265         const framePlane = await scene.createPlane({
                                           ~~~~~~~~~~~

ai-platforms/annotateai/src/components/annotation/G3DVideoTracking.tsx:270:47 - error TS2551: Property 'createMaterial' does not exist on type 'G3DMaterialSystem'. Did you mean 'createPBRMaterial'?

270         const frameMaterial = await materials.createMaterial({
                                                  ~~~~~~~~~~~~~~

  ai-platforms/annotateai/src/g3d-integration/G3DMaterialSystem.ts:516:5
    516     createPBRMaterial(name: string, params?: Partial<G3DPBRMaterial>): G3DPBRMaterial {
            ~~~~~~~~~~~~~~~~~
    'createPBRMaterial' is declared here.

ai-platforms/annotateai/src/components/annotation/G3DVideoTracking.tsx:275:39 - error TS2339: Property 'createMesh' does not exist on type 'G3DSceneManager'.

275         const frameMesh = await scene.createMesh('video-frame', framePlane, frameMaterial);
                                          ~~~~~~~~~~

ai-platforms/annotateai/src/components/annotation/G3DVideoTracking.tsx:276:15 - error TS2339: Property 'add' does not exist on type 'G3DSceneManager'.

276         scene.add(frameMesh);
                  ~~~

ai-platforms/annotateai/src/components/annotation/G3DVideoTracking.tsx:286:44 - error TS2339: Property 'getDevice' does not exist on type 'G3DNativeRenderer'.

286         const device = rendererRef.current.getDevice();
                                               ~~~~~~~~~

ai-platforms/annotateai/src/components/annotation/G3DVideoTracking.tsx:344:41 - error TS2339: Property 'createBoxOutline' does not exist on type 'G3DSceneManager'.

344         const boxGeometry = await scene.createBoxOutline({
                                            ~~~~~~~~~~~~~~~~

ai-platforms/annotateai/src/components/annotation/G3DVideoTracking.tsx:352:45 - error TS2551: Property 'createMaterial' does not exist on type 'G3DMaterialSystem'. Did you mean 'createPBRMaterial'?

352         const boxMaterial = await materials.createMaterial({
                                                ~~~~~~~~~~~~~~

  ai-platforms/annotateai/src/g3d-integration/G3DMaterialSystem.ts:516:5
    516     createPBRMaterial(name: string, params?: Partial<G3DPBRMaterial>): G3DPBRMaterial {
            ~~~~~~~~~~~~~~~~~
    'createPBRMaterial' is declared here.

ai-platforms/annotateai/src/components/annotation/G3DVideoTracking.tsx:359:37 - error TS2339: Property 'createMesh' does not exist on type 'G3DSceneManager'.

359         const boxMesh = await scene.createMesh(`bbox-${annotation.id}`, boxGeometry, boxMaterial);
                                        ~~~~~~~~~~

ai-platforms/annotateai/src/components/annotation/G3DVideoTracking.tsx:360:15 - error TS2339: Property 'add' does not exist on type 'G3DSceneManager'.

360         scene.add(boxMesh);
                  ~~~

ai-platforms/annotateai/src/components/annotation/G3DVideoTracking.tsx:381:74 - error TS2345: Argument of type '{ model: string; input: { frame: ImageData; previousBBox: BoundingBox; objectClass: string; }; }' is not assignable to parameter of type 'string'.

381                 const result = await modelRunnerRef.current.runInference({
                                                                             ~
382                     model: 'tracking',
    ~~~~~~~~~~~~~~~~~~~~~~~~~~~~~~~~~~~~~~
... 
387                     }
    ~~~~~~~~~~~~~~~~~~~~~
388                 });
    ~~~~~~~~~~~~~~~~~

ai-platforms/annotateai/src/components/annotation/G3DVideoTracking.tsx:395:41 - error TS2339: Property 'boundingBox' does not exist on type 'G3DInferenceResult'.

395                     boundingBox: result.boundingBox,
                                            ~~~~~~~~~~~

ai-platforms/annotateai/src/components/annotation/G3DVideoTracking.tsx:534:66 - error TS2345: Argument of type '{ model: string; input: { track: Track; targetFrame: number; }; }' is not assignable to parameter of type 'string'.

534         const result = await modelRunnerRef.current.runInference({
                                                                     ~
535             model: 'interpolation',
    ~~~~~~~~~~~~~~~~~~~~~~~~~~~~~~~~~~~
... 
539             }
    ~~~~~~~~~~~~~
540         });
    ~~~~~~~~~

ai-platforms/annotateai/src/components/annotation/G3DVideoTracking.tsx:542:23 - error TS2339: Property 'boundingBox' does not exist on type 'G3DInferenceResult'.

542         return result.boundingBox;
                          ~~~~~~~~~~~

ai-platforms/annotateai/src/components/annotation/G3DVideoTracking.tsx:658:37 - error TS2341: Property 'render' is private and only accessible within class 'G3DNativeRenderer'.

658                 rendererRef.current.render(sceneRef.current);
                                        ~~~~~~

ai-platforms/annotateai/src/components/annotation/G3DVideoTracking.tsx:658:44 - error TS2554: Expected 0 arguments, but got 1.

658                 rendererRef.current.render(sceneRef.current);
                                               ~~~~~~~~~~~~~~~~

ai-platforms/annotateai/src/components/annotation/G3DVideoTracking.tsx:662:47 - error TS2339: Property 'getFPS' does not exist on type 'G3DNativeRenderer'.

662                     fps: rendererRef.current?.getFPS() || 60
                                                  ~~~~~~

ai-platforms/annotateai/src/components/annotation/G3DVideoTracking.tsx:674:33 - error TS2339: Property 'cleanup' does not exist on type 'G3DNativeRenderer'.

674             rendererRef.current.cleanup();
                                    ~~~~~~~

ai-platforms/annotateai/src/components/collaboration/G3DCollaborationEngine.ts:662:13 - error TS2367: This comparison appears to be unintentional because the types '"last_write_wins" | "merge" | "vote" | "priority"' and '"manual"' have no overlap.

662         if (this.session.settings.conflictResolution !== 'manual') {
                ~~~~~~~~~~~~~~~~~~~~~~~~~~~~~~~~~~~~~~~~~~~~~~~~~~~~~

ai-platforms/annotateai/src/components/collaboration/G3DCollaborationEngine.ts:969:28 - error TS2339: Property 'cleanup' does not exist on type 'VRManager'.

969             this.vrManager.cleanup();
                               ~~~~~~~

ai-platforms/annotateai/src/components/enterprise/G3DCollaborationEngine.tsx:218:67 - error TS2554: Expected 1 arguments, but got 2.

218         const renderer = new G3DNativeRenderer(canvasRef.current, { antialias: true, alpha: true });
                                                                      ~~~~~~~~~~~~~~~~~~~~~~~~~~~~~~~~

ai-platforms/annotateai/src/components/enterprise/G3DCollaborationEngine.tsx:221:108 - error TS2554: Expected 1 arguments, but got 2.

221         const scene = new G3DSceneManager(rendererRef.current || new G3DNativeRenderer(canvasRef.current!, { antialias: true, alpha: true }));
                                                                                                               ~~~~~~~~~~~~~~~~~~~~~~~~~~~~~~~~

ai-platforms/annotateai/src/components/enterprise/G3DCollaborationEngine.tsx:480:13 - error TS2322: Type '"conflict_resolved"' is not assignable to type 'EventType'.

480             type: 'conflict_resolved',
                ~~~~

  ai-platforms/annotateai/src/components/enterprise/G3DCollaborationEngine.tsx:101:5
    101     type: EventType;
            ~~~~
    The expected type comes from property 'type' which is declared here on type 'Partial<CollaborationEvent>'

ai-platforms/annotateai/src/components/enterprise/G3DCollaborationEngine.tsx:559:30 - error TS2339: Property 'createAvatar' does not exist on type 'G3DSceneManager'.

559         const avatar = scene.createAvatar(participant.avatar.model);
                                 ~~~~~~~~~~~~

ai-platforms/annotateai/src/components/enterprise/G3DCollaborationEngine.tsx:565:15 - error TS2339: Property 'add' does not exist on type 'G3DSceneManager'.

565         scene.add(avatar);
                  ~~~

ai-platforms/annotateai/src/components/enterprise/G3DCollaborationEngine.tsx:568:30 - error TS2339: Property 'createCursor' does not exist on type 'G3DSceneManager'.

568         const cursor = scene.createCursor(participant.cursor.color);
                                 ~~~~~~~~~~~~

ai-platforms/annotateai/src/components/enterprise/G3DCollaborationEngine.tsx:573:15 - error TS2339: Property 'add' does not exist on type 'G3DSceneManager'.

573         scene.add(cursor);
                  ~~~

ai-platforms/annotateai/src/components/enterprise/G3DCollaborationEngine.tsx:581:36 - error TS2339: Property 'getObjectByName' does not exist on type 'G3DSceneManager'.

581         const cursorObject = scene.getObjectByName(`cursor_${userId}`);
                                       ~~~~~~~~~~~~~~~

ai-platforms/annotateai/src/components/enterprise/G3DCollaborationEngine.tsx:596:33 - error TS2339: Property 'createConflictIndicator' does not exist on type 'G3DSceneManager'.

596         const indicator = scene.createConflictIndicator();
                                    ~~~~~~~~~~~~~~~~~~~~~~~

ai-platforms/annotateai/src/components/enterprise/G3DCollaborationEngine.tsx:601:15 - error TS2339: Property 'add' does not exist on type 'G3DSceneManager'.

601         scene.add(indicator);
                  ~~~

ai-platforms/annotateai/src/components/enterprise/G3DCollaborationEngine.tsx:609:39 - error TS2339: Property 'getFPS' does not exist on type 'G3DNativeRenderer'.

609             fps: rendererRef.current?.getFPS() || 0,
                                          ~~~~~~

ai-platforms/annotateai/src/components/enterprise/G3DCollaborationEngine.tsx:659:30 - error TS2339: Property 'cleanup' does not exist on type 'G3DNativeRenderer'.

659         rendererRef.current?.cleanup();
                                 ~~~~~~~

ai-platforms/annotateai/src/components/synthetic-data/G3DDiffusionGenerator.tsx:228:67 - error TS2554: Expected 1 arguments, but got 2.

228         const renderer = new G3DNativeRenderer(canvasRef.current, { antialias: true, alpha: true });
                                                                      ~~~~~~~~~~~~~~~~~~~~~~~~~~~~~~~~

ai-platforms/annotateai/src/components/synthetic-data/G3DDiffusionGenerator.tsx:231:108 - error TS2554: Expected 1 arguments, but got 2.

231         const scene = new G3DSceneManager(rendererRef.current || new G3DNativeRenderer(canvasRef.current!, { antialias: true, alpha: true }));
                                                                                                               ~~~~~~~~~~~~~~~~~~~~~~~~~~~~~~~~

ai-platforms/annotateai/src/components/synthetic-data/G3DDiffusionGenerator.tsx:409:9 - error TS2740: Type 'G3DInferenceResult' is missing the following properties from type 'Float32Array<ArrayBufferLike>': BYTES_PER_ELEMENT, buffer, byteLength, byteOffset, and 25 more.

409         return embeddings;
            ~~~~~~

ai-platforms/annotateai/src/components/synthetic-data/G3DDiffusionGenerator.tsx:676:30 - error TS2339: Property 'cleanup' does not exist on type 'G3DNativeRenderer'.

676         rendererRef.current?.cleanup();
                                 ~~~~~~~

ai-platforms/annotateai/src/components/synthetic-data/G3DGANGenerator.tsx:209:67 - error TS2554: Expected 1 arguments, but got 2.

209         const renderer = new G3DNativeRenderer(canvasRef.current, { antialias: true, alpha: true });
                                                                      ~~~~~~~~~~~~~~~~~~~~~~~~~~~~~~~~

ai-platforms/annotateai/src/components/synthetic-data/G3DGANGenerator.tsx:212:108 - error TS2554: Expected 1 arguments, but got 2.

212         const scene = new G3DSceneManager(rendererRef.current || new G3DNativeRenderer(canvasRef.current!, { antialias: true, alpha: true }));
                                                                                                               ~~~~~~~~~~~~~~~~~~~~~~~~~~~~~~~~

ai-platforms/annotateai/src/components/synthetic-data/G3DGANGenerator.tsx:714:30 - error TS2339: Property 'cleanup' does not exist on type 'G3DNativeRenderer'.

714         rendererRef.current?.cleanup();
                                 ~~~~~~~

ai-platforms/annotateai/src/components/synthetic/G3DGANGenerator.ts:495:35 - error TS2554: Expected 2 arguments, but got 1.

495         await this.computeShaders.createComputeShader(`
                                      ~~~~~~~~~~~~~~~~~~~

  ai-platforms/annotateai/src/g3d-ai/G3DComputeShaders.ts:1054:45
    1054     async createComputeShader(name: string, source: string): Promise<void> {
                                                     ~~~~~~~~~~~~~~
    An argument for 'source' was not provided.

ai-platforms/annotateai/src/components/synthetic/G3DGANGenerator.ts:540:35 - error TS2554: Expected 2 arguments, but got 1.

540         await this.computeShaders.createComputeShader(`
                                      ~~~~~~~~~~~~~~~~~~~

  ai-platforms/annotateai/src/g3d-ai/G3DComputeShaders.ts:1054:45
    1054     async createComputeShader(name: string, source: string): Promise<void> {
                                                     ~~~~~~~~~~~~~~
    An argument for 'source' was not provided.

ai-platforms/annotateai/src/components/synthetic/G3DGANGenerator.ts:649:27 - error TS2339: Property 'seed' does not exist on type 'GenerationRequest'.

649             seed: request.seed || Math.random() * 1000000
                              ~~~~

ai-platforms/annotateai/src/components/synthetic/G3DGANGenerator.ts:665:56 - error TS2554: Expected 3-4 arguments, but got 1.

665         const outputBuffer = await this.computeShaders.createBuffer({
                                                           ~~~~~~~~~~~~

  ai-platforms/annotateai/src/g3d-ai/G3DComputeShaders.ts:236:9
    236         size: number,
                ~~~~~~~~~~~~
    An argument for 'size' was not provided.

ai-platforms/annotateai/src/components/synthetic/G3DGANGenerator.ts:671:50 - error TS2345: Argument of type 'ComputeBuffer' is not assignable to parameter of type 'GPUBuffer'.
  Type 'ComputeBuffer' is missing the following properties from type 'GPUBuffer': __brand, mapState, mapAsync, getMappedRange, and 3 more.

671         await this.executeGenerator(inputBuffer, outputBuffer, batchSize);
                                                     ~~~~~~~~~~~~

ai-platforms/annotateai/src/components/synthetic/G3DGANGenerator.ts:674:53 - error TS2345: Argument of type 'ComputeBuffer' is not assignable to parameter of type 'GPUBuffer'.
  Type 'ComputeBuffer' is missing the following properties from type 'GPUBuffer': __brand, mapState, mapAsync, getMappedRange, and 3 more.

674         const outputData = await this.readGPUBuffer(outputBuffer);
                                                        ~~~~~~~~~~~~

ai-platforms/annotateai/src/components/synthetic/G3DGANGenerator.ts:907:50 - error TS2554: Expected 3-4 arguments, but got 1.

907         const buffer = await this.computeShaders.createBuffer({
                                                     ~~~~~~~~~~~~

  ai-platforms/annotateai/src/g3d-ai/G3DComputeShaders.ts:236:9
    236         size: number,
                ~~~~~~~~~~~~
    An argument for 'size' was not provided.

ai-platforms/annotateai/src/components/synthetic/G3DGANGenerator.ts:921:47 - error TS2345: Argument of type 'ComputeBuffer' is not assignable to parameter of type 'string'.

921         await this.computeShaders.writeBuffer(buffer, data);
                                                  ~~~~~~

ai-platforms/annotateai/src/components/synthetic/G3DGANGenerator.ts:923:9 - error TS2740: Type 'ComputeBuffer' is missing the following properties from type 'GPUBuffer': __brand, mapState, mapAsync, getMappedRange, and 3 more.

923         return buffer;
            ~~~~~~

ai-platforms/annotateai/src/components/ui/Button.tsx:2:40 - error TS2307: Cannot find module 'class-variance-authority' or its corresponding type declarations.

2 import { cva, type VariantProps } from 'class-variance-authority';
                                         ~~~~~~~~~~~~~~~~~~~~~~~~~~

ai-platforms/annotateai/src/components/ui/Button.tsx:39:19 - error TS2339: Property 'variant' does not exist on type 'ButtonProps'.

39     ({ className, variant, size, asChild = false, ...props }, ref) => {
                     ~~~~~~~

ai-platforms/annotateai/src/components/ui/Button.tsx:39:28 - error TS2339: Property 'size' does not exist on type 'ButtonProps'.

39     ({ className, variant, size, asChild = false, ...props }, ref) => {
                              ~~~~

ai-platforms/annotateai/src/components/ui/index.ts:10:23 - error TS2307: Cannot find module './Input' or its corresponding type declarations.

10 export { Input } from './Input';
                         ~~~~~~~~~

ai-platforms/annotateai/src/components/ui/index.ts:11:26 - error TS2307: Cannot find module './Textarea' or its corresponding type declarations.

11 export { Textarea } from './Textarea';
                            ~~~~~~~~~~~~

ai-platforms/annotateai/src/components/ui/index.ts:12:24 - error TS2307: Cannot find module './Select' or its corresponding type declarations.

12 export { Select } from './Select';
                          ~~~~~~~~~~

ai-platforms/annotateai/src/components/ui/index.ts:13:26 - error TS2307: Cannot find module './Checkbox' or its corresponding type declarations.

13 export { Checkbox } from './Checkbox';
                            ~~~~~~~~~~~~

ai-platforms/annotateai/src/components/ui/index.ts:14:23 - error TS2307: Cannot find module './Radio' or its corresponding type declarations.

14 export { Radio } from './Radio';
                         ~~~~~~~~~

ai-platforms/annotateai/src/components/ui/index.ts:15:24 - error TS2307: Cannot find module './Switch' or its corresponding type declarations.

15 export { Switch } from './Switch';
                          ~~~~~~~~~~

ai-platforms/annotateai/src/components/ui/index.ts:18:22 - error TS2307: Cannot find module './Card' or its corresponding type declarations.

18 export { Card } from './Card';
                        ~~~~~~~~

ai-platforms/annotateai/src/components/ui/index.ts:20:24 - error TS2307: Cannot find module './Dialog' or its corresponding type declarations.

20 export { Dialog } from './Dialog';
                          ~~~~~~~~~~

ai-platforms/annotateai/src/components/ui/index.ts:21:24 - error TS2307: Cannot find module './Drawer' or its corresponding type declarations.

21 export { Drawer } from './Drawer';
                          ~~~~~~~~~~

ai-platforms/annotateai/src/components/ui/index.ts:22:27 - error TS2307: Cannot find module './Accordion' or its corresponding type declarations.

22 export { Accordion } from './Accordion';
                             ~~~~~~~~~~~~~

ai-platforms/annotateai/src/components/ui/index.ts:25:58 - error TS2307: Cannot find module './Tabs' or its corresponding type declarations.

25 export { Tabs, TabsContent, TabsList, TabsTrigger } from './Tabs';
                                                            ~~~~~~~~

ai-platforms/annotateai/src/components/ui/index.ts:26:28 - error TS2307: Cannot find module './Breadcrumb' or its corresponding type declarations.

26 export { Breadcrumb } from './Breadcrumb';
                              ~~~~~~~~~~~~~~

ai-platforms/annotateai/src/components/ui/index.ts:27:28 - error TS2307: Cannot find module './Pagination' or its corresponding type declarations.

27 export { Pagination } from './Pagination';
                              ~~~~~~~~~~~~~~

ai-platforms/annotateai/src/components/ui/index.ts:30:23 - error TS2307: Cannot find module './Alert' or its corresponding type declarations.

30 export { Alert } from './Alert';
                         ~~~~~~~~~

ai-platforms/annotateai/src/components/ui/index.ts:31:23 - error TS2307: Cannot find module './Toast' or its corresponding type declarations.

31 export { Toast } from './Toast';
                         ~~~~~~~~~

ai-platforms/annotateai/src/components/ui/index.ts:33:25 - error TS2307: Cannot find module './Spinner' or its corresponding type declarations.

33 export { Spinner } from './Spinner';
                           ~~~~~~~~~~~

ai-platforms/annotateai/src/components/ui/index.ts:34:26 - error TS2307: Cannot find module './Skeleton' or its corresponding type declarations.

34 export { Skeleton } from './Skeleton';
                            ~~~~~~~~~~~~

ai-platforms/annotateai/src/components/ui/index.ts:37:23 - error TS2307: Cannot find module './Table' or its corresponding type declarations.

37 export { Table } from './Table';
                         ~~~~~~~~~

ai-platforms/annotateai/src/components/ui/index.ts:38:23 - error TS2307: Cannot find module './Badge' or its corresponding type declarations.

38 export { Badge } from './Badge';
                         ~~~~~~~~~

ai-platforms/annotateai/src/components/ui/index.ts:39:24 - error TS2307: Cannot find module './Avatar' or its corresponding type declarations.

39 export { Avatar } from './Avatar';
                          ~~~~~~~~~~

ai-platforms/annotateai/src/components/ui/index.ts:40:25 - error TS2307: Cannot find module './Tooltip' or its corresponding type declarations.

40 export { Tooltip } from './Tooltip';
                           ~~~~~~~~~~~

ai-platforms/annotateai/src/components/ui/index.ts:43:22 - error TS2307: Cannot find module './Form' or its corresponding type declarations.

43 export { Form } from './Form';
                        ~~~~~~~~

ai-platforms/annotateai/src/components/ui/index.ts:44:27 - error TS2307: Cannot find module './FormField' or its corresponding type declarations.

44 export { FormField } from './FormField';
                             ~~~~~~~~~~~~~

ai-platforms/annotateai/src/components/ui/index.ts:45:23 - error TS2307: Cannot find module './Label' or its corresponding type declarations.

45 export { Label } from './Label';
                         ~~~~~~~~~

ai-platforms/annotateai/src/components/ui/index.ts:48:24 - error TS2307: Cannot find module './Slider' or its corresponding type declarations.

48 export { Slider } from './Slider';
                          ~~~~~~~~~~

ai-platforms/annotateai/src/components/ui/index.ts:49:26 - error TS2307: Cannot find module './Calendar' or its corresponding type declarations.

49 export { Calendar } from './Calendar';
                            ~~~~~~~~~~~~

ai-platforms/annotateai/src/components/ui/index.ts:50:28 - error TS2307: Cannot find module './DatePicker' or its corresponding type declarations.

50 export { DatePicker } from './DatePicker';
                              ~~~~~~~~~~~~~~

ai-platforms/annotateai/src/components/ui/index.ts:51:29 - error TS2307: Cannot find module './ColorPicker' or its corresponding type declarations.

51 export { ColorPicker } from './ColorPicker';
                               ~~~~~~~~~~~~~~~

ai-platforms/annotateai/src/components/ui/index.ts:54:27 - error TS2307: Cannot find module './Separator' or its corresponding type declarations.

54 export { Separator } from './Separator';
                             ~~~~~~~~~~~~~

ai-platforms/annotateai/src/components/ui/index.ts:55:24 - error TS2307: Cannot find module './Spacer' or its corresponding type declarations.

55 export { Spacer } from './Spacer';
                          ~~~~~~~~~~

ai-platforms/annotateai/src/components/ui/index.ts:56:27 - error TS2307: Cannot find module './Container' or its corresponding type declarations.

56 export { Container } from './Container';
                             ~~~~~~~~~~~~~

ai-platforms/annotateai/src/components/ui/index.ts:60:33 - error TS2307: Cannot find module './Input' or its corresponding type declarations.

60 export type { InputProps } from './Input';
                                   ~~~~~~~~~

ai-platforms/annotateai/src/components/ui/index.ts:62:32 - error TS2307: Cannot find module './Tabs' or its corresponding type declarations.

62 export type { TabsProps } from './Tabs';
                                  ~~~~~~~~

ai-platforms/annotateai/src/components/ui/index.ts:63:35 - error TS2307: Cannot find module './Tooltip' or its corresponding type declarations.

63 export type { TooltipProps } from './Tooltip';
                                     ~~~~~~~~~~~

ai-platforms/annotateai/src/components/ui/index.ts:65:33 - error TS2307: Cannot find module './Badge' or its corresponding type declarations.

65 export type { BadgeProps } from './Badge';
                                   ~~~~~~~~~

ai-platforms/annotateai/src/components/ui/index.ts:66:34 - error TS2307: Cannot find module './Slider' or its corresponding type declarations.

66 export type { SliderProps } from './Slider';
                                    ~~~~~~~~~~

ai-platforms/annotateai/src/components/ui/Modal.tsx:3:27 - error TS2307: Cannot find module '@heroicons/react/24/outline' or its corresponding type declarations.

3 import { XMarkIcon } from '@heroicons/react/24/outline';
                            ~~~~~~~~~~~~~~~~~~~~~~~~~~~~~

ai-platforms/annotateai/src/enterprise/G3DAPIGateway.ts:478:35 - error TS2339: Property 'createKernel' does not exist on type 'G3DGPUCompute'.

478             await this.gpuCompute.createKernel(`
                                      ~~~~~~~~~~~~

ai-platforms/annotateai/src/enterprise/G3DAPIGateway.ts:504:35 - error TS2339: Property 'createKernel' does not exist on type 'G3DGPUCompute'.

504             await this.gpuCompute.createKernel(`
                                      ~~~~~~~~~~~~

ai-platforms/annotateai/src/enterprise/G3DAPIGateway.ts:526:35 - error TS2339: Property 'createKernel' does not exist on type 'G3DGPUCompute'.

526             await this.gpuCompute.createKernel(`
                                      ~~~~~~~~~~~~

ai-platforms/annotateai/src/enterprise/G3DAPIGateway.ts:741:44 - error TS2339: Property 'getKernel' does not exist on type 'G3DGPUCompute'.

741             const kernel = this.gpuCompute.getKernel('analyze_security');
                                               ~~~~~~~~~

ai-platforms/annotateai/src/enterprise/G3DAPIGateway.ts:742:50 - error TS2339: Property 'executeKernel' does not exist on type 'G3DGPUCompute'.

742             const scores = await this.gpuCompute.executeKernel(kernel, [
                                                     ~~~~~~~~~~~~~

ai-platforms/annotateai/src/enterprise/G3DAPIGateway.ts:856:40 - error TS2339: Property 'getKernel' does not exist on type 'G3DGPUCompute'.

856         const kernel = this.gpuCompute.getKernel('route_requests');
                                           ~~~~~~~~~

ai-platforms/annotateai/src/enterprise/G3DAPIGateway.ts:857:46 - error TS2339: Property 'executeKernel' does not exist on type 'G3DGPUCompute'.

857         const scores = await this.gpuCompute.executeKernel(kernel, [
                                                 ~~~~~~~~~~~~~

ai-platforms/annotateai/src/enterprise/G3DAPIGateway.ts:919:40 - error TS2339: Property 'getKernel' does not exist on type 'G3DGPUCompute'.

919         const kernel = this.gpuCompute.getKernel('balance_load');
                                           ~~~~~~~~~

ai-platforms/annotateai/src/enterprise/G3DAPIGateway.ts:920:46 - error TS2339: Property 'executeKernel' does not exist on type 'G3DGPUCompute'.

920         const scores = await this.gpuCompute.executeKernel(kernel, [
                                                 ~~~~~~~~~~~~~

ai-platforms/annotateai/src/enterprise/G3DAuditSystem.ts:366:35 - error TS2339: Property 'createKernel' does not exist on type 'G3DGPUCompute'.

366             await this.gpuCompute.createKernel(`
                                      ~~~~~~~~~~~~

ai-platforms/annotateai/src/enterprise/G3DAuditSystem.ts:392:35 - error TS2339: Property 'createKernel' does not exist on type 'G3DGPUCompute'.

392             await this.gpuCompute.createKernel(`
                                      ~~~~~~~~~~~~

ai-platforms/annotateai/src/enterprise/G3DAuditSystem.ts:413:35 - error TS2339: Property 'createKernel' does not exist on type 'G3DGPUCompute'.

413             await this.gpuCompute.createKernel(`
                                      ~~~~~~~~~~~~

ai-platforms/annotateai/src/enterprise/G3DAuditSystem.ts:507:48 - error TS2339: Property 'getKernel' does not exist on type 'G3DGPUCompute'.

507                 const kernel = this.gpuCompute.getKernel('calculate_risk_scores');
                                                   ~~~~~~~~~

ai-platforms/annotateai/src/enterprise/G3DAuditSystem.ts:508:54 - error TS2339: Property 'executeKernel' does not exist on type 'G3DGPUCompute'.

508                 const scores = await this.gpuCompute.executeKernel(kernel, [new Float32Array(features), new Float32Array(weights)], {
                                                         ~~~~~~~~~~~~~

ai-platforms/annotateai/src/enterprise/G3DAuditSystem.ts:722:48 - error TS2339: Property 'getKernel' does not exist on type 'G3DGPUCompute'.

722                 const kernel = this.gpuCompute.getKernel('detect_anomalies');
                                                   ~~~~~~~~~

ai-platforms/annotateai/src/enterprise/G3DAuditSystem.ts:723:54 - error TS2339: Property 'executeKernel' does not exist on type 'G3DGPUCompute'.

723                 const scores = await this.gpuCompute.executeKernel(kernel, [
                                                         ~~~~~~~~~~~~~

ai-platforms/annotateai/src/enterprise/G3DAuditSystem.ts:883:41 - error TS2345: Argument of type 'LogFilter' is not assignable to parameter of type 'QueryFilter'.
  Types of property 'operator' are incompatible.
    Type '"range" | "equals" | "contains" | "regex"' is not assignable to type '"in" | "regex" | "gt" | "lt" | "eq" | "ne" | "gte" | "lte" | "like"'.
      Type '"range"' is not assignable to type '"in" | "regex" | "gt" | "lt" | "eq" | "ne" | "gte" | "lte" | "like"'.

883                 this.applyFilter(event, filter)
                                            ~~~~~~

ai-platforms/annotateai/src/enterprise/G3DCloudIntegration.ts:656:35 - error TS2339: Property 'createKernel' does not exist on type 'G3DGPUCompute'.

656             await this.gpuCompute.createKernel(`
                                      ~~~~~~~~~~~~

ai-platforms/annotateai/src/enterprise/G3DCloudIntegration.ts:687:35 - error TS2339: Property 'createKernel' does not exist on type 'G3DGPUCompute'.

687             await this.gpuCompute.createKernel(`
                                      ~~~~~~~~~~~~

ai-platforms/annotateai/src/enterprise/G3DCloudIntegration.ts:717:35 - error TS2339: Property 'createKernel' does not exist on type 'G3DGPUCompute'.

717             await this.gpuCompute.createKernel(`
                                      ~~~~~~~~~~~~

ai-platforms/annotateai/src/enterprise/G3DCloudIntegration.ts:823:40 - error TS2339: Property 'getKernel' does not exist on type 'G3DGPUCompute'.

823         const kernel = this.gpuCompute.getKernel('balance_load');
                                           ~~~~~~~~~

ai-platforms/annotateai/src/enterprise/G3DCloudIntegration.ts:824:46 - error TS2339: Property 'executeKernel' does not exist on type 'G3DGPUCompute'.

824         const scores = await this.gpuCompute.executeKernel(kernel, [
                                                 ~~~~~~~~~~~~~

ai-platforms/annotateai/src/enterprise/G3DComplianceManager.ts:372:35 - error TS2339: Property 'createKernel' does not exist on type 'G3DGPUCompute'.

372             await this.gpuCompute.createKernel(`
                                      ~~~~~~~~~~~~

ai-platforms/annotateai/src/enterprise/G3DEnterpriseAnalytics.ts:766:35 - error TS2339: Property 'createKernel' does not exist on type 'G3DGPUCompute'.

766             await this.gpuCompute.createKernel(`
                                      ~~~~~~~~~~~~

ai-platforms/annotateai/src/enterprise/G3DEnterpriseAnalytics.ts:800:35 - error TS2339: Property 'createKernel' does not exist on type 'G3DGPUCompute'.

800             await this.gpuCompute.createKernel(`
                                      ~~~~~~~~~~~~

ai-platforms/annotateai/src/enterprise/G3DEnterpriseSSO.ts:264:35 - error TS2339: Property 'createKernel' does not exist on type 'G3DGPUCompute'.

264             await this.gpuCompute.createKernel(`
                                      ~~~~~~~~~~~~

ai-platforms/annotateai/src/enterprise/G3DEnterpriseSSO.ts:300:35 - error TS2339: Property 'createKernel' does not exist on type 'G3DGPUCompute'.

300             await this.gpuCompute.createKernel(`
                                      ~~~~~~~~~~~~

ai-platforms/annotateai/src/enterprise/G3DEnterpriseSSO.ts:325:35 - error TS2339: Property 'createKernel' does not exist on type 'G3DGPUCompute'.

325             await this.gpuCompute.createKernel(`
                                      ~~~~~~~~~~~~

ai-platforms/annotateai/src/enterprise/G3DEnterpriseSSO.ts:619:48 - error TS2339: Property 'getKernel' does not exist on type 'G3DGPUCompute'.

619                 const kernel = this.gpuCompute.getKernel('calculate_risk_score');
                                                   ~~~~~~~~~

ai-platforms/annotateai/src/enterprise/G3DEnterpriseSSO.ts:620:54 - error TS2339: Property 'executeKernel' does not exist on type 'G3DGPUCompute'.

620                 const result = await this.gpuCompute.executeKernel(kernel, [new Float32Array(features)], {
                                                         ~~~~~~~~~~~~~

ai-platforms/annotateai/src/enterprise/G3DWorkflowEngine.ts:408:35 - error TS2339: Property 'createKernel' does not exist on type 'G3DGPUCompute'.

408             await this.gpuCompute.createKernel(`
                                      ~~~~~~~~~~~~

ai-platforms/annotateai/src/enterprise/G3DWorkflowEngine.ts:432:35 - error TS2339: Property 'createKernel' does not exist on type 'G3DGPUCompute'.

432             await this.gpuCompute.createKernel(`
                                      ~~~~~~~~~~~~

ai-platforms/annotateai/src/enterprise/G3DWorkflowEngine.ts:586:21 - error TS2367: This comparison appears to be unintentional because the types '"running"' and '"failed"' have no overlap.

586                 if (execution.status === 'failed' || execution.status === 'cancelled') {
                        ~~~~~~~~~~~~~~~~~~~~~~~~~~~~~

ai-platforms/annotateai/src/enterprise/G3DWorkflowEngine.ts:586:54 - error TS2367: This comparison appears to be unintentional because the types '"running"' and '"cancelled"' have no overlap.

586                 if (execution.status === 'failed' || execution.status === 'cancelled') {
                                                         ~~~~~~~~~~~~~~~~~~~~~~~~~~~~~~~~

ai-platforms/annotateai/src/enterprise/G3DWorkflowEngine.ts:626:40 - error TS2339: Property 'getKernel' does not exist on type 'G3DGPUCompute'.

626         const kernel = this.gpuCompute.getKernel('optimize_execution_order');
                                           ~~~~~~~~~

ai-platforms/annotateai/src/enterprise/G3DWorkflowEngine.ts:627:46 - error TS2339: Property 'executeKernel' does not exist on type 'G3DGPUCompute'.

627         const scores = await this.gpuCompute.executeKernel(kernel, [
                                                 ~~~~~~~~~~~~~

ai-platforms/annotateai/src/g3d-3d/G3DCollisionDetection.ts:241:35 - error TS2339: Property 'init' does not exist on type 'BroadPhase'.

241             await this.broadPhase.init();
                                      ~~~~

ai-platforms/annotateai/src/g3d-3d/G3DCollisionDetection.ts:242:36 - error TS2339: Property 'init' does not exist on type 'NarrowPhase'.

242             await this.narrowPhase.init();
                                       ~~~~

ai-platforms/annotateai/src/g3d-3d/G3DLightingSystem.ts:163:36 - error TS2322: Type '"ray_tracing"' is not assignable to type 'DeviceFeature'.

163                 features: ['fp16', 'ray_tracing']
                                       ~~~~~~~~~~~~~

ai-platforms/annotateai/src/g3d-3d/G3DParticleSystem.ts:982:25 - error TS2339: Property 'cleanup' does not exist on type 'GPUParticleCompute'.

982         this.gpuCompute.cleanup();
                            ~~~~~~~

ai-platforms/annotateai/src/g3d-3d/G3DPhysicsEngine.ts:340:41 - error TS2339: Property 'init' does not exist on type 'BroadPhase'.

340             await this.world.broadPhase.init();
                                            ~~~~

ai-platforms/annotateai/src/g3d-3d/G3DPhysicsEngine.ts:341:42 - error TS2339: Property 'init' does not exist on type 'NarrowPhase'.

341             await this.world.narrowPhase.init();
                                             ~~~~

ai-platforms/annotateai/src/g3d-3d/G3DPhysicsEngine.ts:342:37 - error TS2339: Property 'init' does not exist on type 'ConstraintSolver'.

342             await this.world.solver.init();
                                        ~~~~

ai-platforms/annotateai/src/g3d-3d/G3DPhysicsEngine.ts:343:41 - error TS2339: Property 'init' does not exist on type 'Integrator'.

343             await this.world.integrator.init();
                                            ~~~~

ai-platforms/annotateai/src/g3d-3d/G3DPhysicsIntegration.ts:160:12 - error TS2699: Static property 'length' conflicts with built-in property 'Function.length' of constructor function 'Vec3'.

160     static length(v: Vector3): number {
               ~~~~~~

ai-platforms/annotateai/src/g3d-3d/G3DPhysicsIntegration.ts:706:13 - error TS2393: Duplicate function implementation.

706     private stepSimulation(deltaTime: number): void {
                ~~~~~~~~~~~~~~

ai-platforms/annotateai/src/g3d-3d/G3DPhysicsIntegration.ts:960:12 - error TS2393: Duplicate function implementation.

960     public applyForce(bodyId: string, force: Vector3, point?: Vector3): void {
               ~~~~~~~~~~

ai-platforms/annotateai/src/g3d-3d/G3DPhysicsIntegration.ts:1040:11 - error TS2393: Duplicate function implementation.

1040     async applyForce(body: any, force: Vector3): Promise<void> {
               ~~~~~~~~~~

ai-platforms/annotateai/src/g3d-3d/G3DPhysicsIntegration.ts:1048:19 - error TS2393: Duplicate function implementation.

1048     private async stepSimulation(dt: number): Promise<void> {
                       ~~~~~~~~~~~~~~

ai-platforms/annotateai/src/g3d-3d/G3DSceneGraph.ts:282:12 - error TS2699: Static property 'length' conflicts with built-in property 'Function.length' of constructor function 'Vec3'.

282     static length(v: Vector3): number {
               ~~~~~~

ai-platforms/annotateai/src/g3d-3d/G3DSceneGraph.ts:824:30 - error TS2339: Property 'cleanup' does not exist on type 'SceneNode'.

824             this.children[0].cleanup();
                                 ~~~~~~~

ai-platforms/annotateai/src/g3d-3d/G3DSceneGraph.ts:880:18 - error TS2339: Property 'cleanup' does not exist on type 'SceneNode'.

880             node.cleanup();
                     ~~~~~~~

ai-platforms/annotateai/src/g3d-3d/G3DSceneGraph.ts:1172:22 - error TS2339: Property 'cleanup' does not exist on type 'SceneNode'.

1172                 node.cleanup();
                          ~~~~~~~

ai-platforms/annotateai/src/g3d-3d/G3DSplineSystem.ts:82:12 - error TS2699: Static property 'length' conflicts with built-in property 'Function.length' of constructor function 'Vec3'.

82     static length(v: Vector3): number {
              ~~~~~~

ai-platforms/annotateai/src/g3d-3d/G3DSplineSystem.ts:541:24 - error TS2341: Property 'degree' is private and only accessible within class 'BSpline'.

541         const p = this.degree;
                           ~~~~~~

ai-platforms/annotateai/src/g3d-3d/G3DSplineSystem.ts:544:27 - error TS2341: Property 'findSpan' is private and only accessible within class 'BSpline'.

544         const span = this.findSpan(n, p, t);
                              ~~~~~~~~

ai-platforms/annotateai/src/g3d-3d/G3DSplineSystem.ts:547:37 - error TS2341: Property 'basisFunctions' is private and only accessible within class 'BSpline'.

547         const basisFunctions = this.basisFunctions(span, t, p);
                                        ~~~~~~~~~~~~~~

ai-platforms/annotateai/src/g3d-3d/G3DTextureManager.ts:138:36 - error TS2322: Type '"texture_compression"' is not assignable to type 'DeviceFeature'.

138                 features: ['fp16', 'texture_compression', 'compute_texture']
                                       ~~~~~~~~~~~~~~~~~~~~~

ai-platforms/annotateai/src/g3d-3d/G3DTextureManager.ts:138:59 - error TS2322: Type '"compute_texture"' is not assignable to type 'DeviceFeature'.

138                 features: ['fp16', 'texture_compression', 'compute_texture']
                                                              ~~~~~~~~~~~~~~~~~

ai-platforms/annotateai/src/g3d-3d/G3DVolumeRenderer.ts:525:34 - error TS2339: Property 'getKernel' does not exist on type 'G3DComputeShaders'.

525         if (!this.computeShaders.getKernel?.('ray_casting')) {
                                     ~~~~~~~~~

ai-platforms/annotateai/src/g3d-3d/G3DVolumeRenderer.ts:591:34 - error TS2339: Property 'getKernel' does not exist on type 'G3DComputeShaders'.

591         if (!this.computeShaders.getKernel?.('mip_render')) {
                                     ~~~~~~~~~

ai-platforms/annotateai/src/g3d-3d/G3DXRAnnotation.ts:296:14 - error TS2339: Property 'init' does not exist on type 'G3DXRAnnotation'.

296         this.init();
                 ~~~~

ai-platforms/annotateai/src/g3d-3d/G3DXRAnnotation.ts:355:36 - error TS2339: Property 'init' does not exist on type 'XRHandTracker'.

355             await this.handTracker.init();
                                       ~~~~

ai-platforms/annotateai/src/g3d-3d/G3DXRAnnotation.ts:359:40 - error TS2339: Property 'init' does not exist on type 'XRVoiceRecognizer'.

359             await this.voiceRecognizer.init();
                                           ~~~~

ai-platforms/annotateai/src/g3d-3d/G3DXRAnnotation.ts:363:45 - error TS2339: Property 'init' does not exist on type 'XRCollaborationManager'.

363             await this.collaborationManager.init();
                                                ~~~~

ai-platforms/annotateai/src/g3d-3d/G3DXRAnnotation.ts:367:45 - error TS2339: Property 'init' does not exist on type 'XRSpatialAnchorManager'.

367             await this.spatialAnchorManager.init();
                                                ~~~~

ai-platforms/annotateai/src/g3d-3d/G3DXRAnnotation.ts:370:39 - error TS2339: Property 'init' does not exist on type 'XRAnnotationRenderer'.

370         await this.annotationRenderer.init();
                                          ~~~~

ai-platforms/annotateai/src/g3d-3d/G3DXRAnnotation.ts:371:30 - error TS2339: Property 'init' does not exist on type 'XRUIManager'.

371         await this.uiManager.init();
                                 ~~~~

ai-platforms/annotateai/src/g3d-3d/G3DXRAnnotation.ts:1091:26 - error TS2339: Property 'cleanup' does not exist on type 'XRHandTracker'.

1091         this.handTracker.cleanup();
                              ~~~~~~~

ai-platforms/annotateai/src/g3d-3d/G3DXRAnnotation.ts:1092:30 - error TS2339: Property 'cleanup' does not exist on type 'XRVoiceRecognizer'.

1092         this.voiceRecognizer.cleanup();
                                  ~~~~~~~

ai-platforms/annotateai/src/g3d-3d/G3DXRAnnotation.ts:1093:32 - error TS2339: Property 'cleanup' does not exist on type 'XRGestureRecognizer'.

1093         this.gestureRecognizer.cleanup();
                                    ~~~~~~~

ai-platforms/annotateai/src/g3d-3d/G3DXRAnnotation.ts:1094:35 - error TS2339: Property 'cleanup' does not exist on type 'XRSpatialAnchorManager'.

1094         this.spatialAnchorManager.cleanup();
                                       ~~~~~~~

ai-platforms/annotateai/src/g3d-3d/G3DXRAnnotation.ts:1095:35 - error TS2339: Property 'cleanup' does not exist on type 'XRCollaborationManager'.

1095         this.collaborationManager.cleanup();
                                       ~~~~~~~

ai-platforms/annotateai/src/g3d-3d/G3DXRAnnotation.ts:1096:28 - error TS2339: Property 'cleanup' does not exist on type 'XRHapticManager'.

1096         this.hapticManager.cleanup();
                                ~~~~~~~

ai-platforms/annotateai/src/g3d-3d/G3DXRAnnotation.ts:1097:33 - error TS2339: Property 'cleanup' does not exist on type 'XRAnnotationRenderer'.

1097         this.annotationRenderer.cleanup();
                                     ~~~~~~~

ai-platforms/annotateai/src/g3d-3d/G3DXRAnnotation.ts:1098:24 - error TS2339: Property 'cleanup' does not exist on type 'XRUIManager'.

1098         this.uiManager.cleanup();
                            ~~~~~~~

ai-platforms/annotateai/src/g3d-ai/G3DActiveLearning.ts:200:47 - error TS2554: Expected 0 arguments, but got 1.

200         this.modelRunner = new G3DModelRunner({
                                                  ~
201             enableG3DAcceleration: true,
    ~~~~~~~~~~~~~~~~~~~~~~~~~~~~~~~~~~~~~~~~
... 
207             }
    ~~~~~~~~~~~~~
208         });
    ~~~~~~~~~

ai-platforms/annotateai/src/g3d-ai/G3DActiveLearning.ts:680:69 - error TS2345: Argument of type 'any[]' is not assignable to parameter of type 'string'.

680             const predictions = await this.modelRunner.runInference(batchData);
                                                                        ~~~~~~~~~

ai-platforms/annotateai/src/g3d-ai/G3DActiveLearning.ts:818:36 - error TS2339: Property 'retrain' does not exist on type 'G3DModelRunner'.

818             await this.modelRunner.retrain(trainingData);
                                       ~~~~~~~

ai-platforms/annotateai/src/g3d-ai/G3DAIAssistedCoding.ts:170:14 - error TS2339: Property 'init' does not exist on type 'G3DAIAssistedCoding'.

170         this.init();
                 ~~~~

ai-platforms/annotateai/src/g3d-ai/G3DAIAssistedCoding.ts:175:20 - error TS2551: Property 'loadAIModels' does not exist on type 'G3DAIAssistedCoding'. Did you mean 'aiModels'?

175         await this.loadAIModels();
                       ~~~~~~~~~~~~

  ai-platforms/annotateai/src/g3d-ai/G3DAIAssistedCoding.ts:150:13
    150     private aiModels: Map<string, AIModel> = new Map();
                    ~~~~~~~~
    'aiModels' is declared here.

ai-platforms/annotateai/src/g3d-ai/G3DAIAssistedCoding.ts:178:30 - error TS2339: Property 'init' does not exist on type 'PatternAnalyzer'.

178         this.patternAnalyzer.init();
                                 ~~~~

ai-platforms/annotateai/src/g3d-ai/G3DAIAssistedCoding.ts:184:20 - error TS2339: Property 'loadSavedWorkflows' does not exist on type 'G3DAIAssistedCoding'.

184         await this.loadSavedWorkflows();
                       ~~~~~~~~~~~~~~~~~~

ai-platforms/annotateai/src/g3d-ai/G3DAIAssistedCoding.ts:204:14 - error TS2339: Property 'createAutomationHooks' does not exist on type 'G3DAIAssistedCoding'.

204         this.createAutomationHooks(workflowId, optimizedSteps);
                 ~~~~~~~~~~~~~~~~~~~~~

ai-platforms/annotateai/src/g3d-ai/G3DAIAssistedCoding.ts:230:43 - error TS2339: Property 'executeManualStep' does not exist on type 'G3DAIAssistedCoding'.

230                 const result = await this.executeManualStep(step, inputs, assistance);
                                              ~~~~~~~~~~~~~~~~~

ai-platforms/annotateai/src/g3d-ai/G3DAIAssistedCoding.ts:235:18 - error TS2339: Property 'updateInputs' does not exist on type 'G3DAIAssistedCoding'.

235             this.updateInputs(inputs, step, results[results.length - 1]);
                     ~~~~~~~~~~~~

ai-platforms/annotateai/src/g3d-ai/G3DAIAssistedCoding.ts:245:37 - error TS2551: Property 'generateSuggestions' does not exist on type 'G3DAIAssistedCoding'. Did you mean 'generateSmartSuggestions'?

245             suggestions: await this.generateSuggestions(results, context)
                                        ~~~~~~~~~~~~~~~~~~~

  ai-platforms/annotateai/src/g3d-ai/G3DAIAssistedCoding.ts:345:19
    345     private async generateSmartSuggestions(
                          ~~~~~~~~~~~~~~~~~~~~~~~~
    'generateSmartSuggestions' is declared here.

ai-platforms/annotateai/src/g3d-ai/G3DAIAssistedCoding.ts:252:30 - error TS2339: Property 'getAutomationHistory' does not exist on type 'G3DAIAssistedCoding'.

252         const history = this.getAutomationHistory(step.id);
                                 ~~~~~~~~~~~~~~~~~~~~

ai-platforms/annotateai/src/g3d-ai/G3DAIAssistedCoding.ts:258:51 - error TS2339: Property 'evaluateConfidence' does not exist on type 'G3DModelRunner'.

258         const confidence = await this.modelRunner.evaluateConfidence(
                                                      ~~~~~~~~~~~~~~~~~~

ai-platforms/annotateai/src/g3d-ai/G3DAIAssistedCoding.ts:275:56 - error TS2339: Property 'runModel' does not exist on type 'G3DModelRunner'.

275             const modelResult = await this.modelRunner.runModel(
                                                           ~~~~~~~~

ai-platforms/annotateai/src/g3d-ai/G3DAIAssistedCoding.ts:277:22 - error TS2339: Property 'prepareModelInputs' does not exist on type 'G3DAIAssistedCoding'.

277                 this.prepareModelInputs(inputs, step)
                         ~~~~~~~~~~~~~~~~~~

ai-platforms/annotateai/src/g3d-ai/G3DAIAssistedCoding.ts:281:43 - error TS2339: Property 'validateAIOutput' does not exist on type 'G3DAIAssistedCoding'.

281             const validation = await this.validateAIOutput(modelResult, step);
                                              ~~~~~~~~~~~~~~~~

ai-platforms/annotateai/src/g3d-ai/G3DAIAssistedCoding.ts:285:43 - error TS2339: Property 'applyAIResults' does not exist on type 'G3DAIAssistedCoding'.

285                 const output = await this.applyAIResults(modelResult, step);
                                              ~~~~~~~~~~~~~~

ai-platforms/annotateai/src/g3d-ai/G3DAIAssistedCoding.ts:331:49 - error TS2339: Property 'predictAnnotations' does not exist on type 'G3DAIAssistedCoding'.

331             assistance.predictions = await this.predictAnnotations(step, inputs, context);
                                                    ~~~~~~~~~~~~~~~~~~

ai-platforms/annotateai/src/g3d-ai/G3DAIAssistedCoding.ts:336:49 - error TS2339: Property 'suggestCorrections' does not exist on type 'G3DAIAssistedCoding'.

336             assistance.corrections = await this.suggestCorrections(step, inputs, context);
                                                    ~~~~~~~~~~~~~~~~~~

ai-platforms/annotateai/src/g3d-ai/G3DAIAssistedCoding.ts:340:37 - error TS2339: Property 'recommendShortcuts' does not exist on type 'G3DAIAssistedCoding'.

340         assistance.shortcuts = this.recommendShortcuts(step, context);
                                        ~~~~~~~~~~~~~~~~~~

ai-platforms/annotateai/src/g3d-ai/G3DAIAssistedCoding.ts:355:49 - error TS2339: Property 'isPatternRelevant' does not exist on type 'G3DAIAssistedCoding'.

355             p.automationPotential > 0.7 && this.isPatternRelevant(p, step)
                                                    ~~~~~~~~~~~~~~~~~

ai-platforms/annotateai/src/g3d-ai/G3DAIAssistedCoding.ts:360:43 - error TS2339: Property 'createSuggestionFromPattern' does not exist on type 'G3DAIAssistedCoding'.

360             const suggestion = await this.createSuggestionFromPattern(pattern, step, inputs);
                                              ~~~~~~~~~~~~~~~~~~~~~~~~~~~

ai-platforms/annotateai/src/g3d-ai/G3DAIAssistedCoding.ts:367:54 - error TS2339: Property 'generateSuggestions' does not exist on type 'G3DModelRunner'.

367         const aiSuggestions = await this.modelRunner.generateSuggestions(
                                                         ~~~~~~~~~~~~~~~~~~~

ai-platforms/annotateai/src/g3d-ai/G3DAIAssistedCoding.ts:379:21 - error TS2339: Property 'rankSuggestions' does not exist on type 'G3DAIAssistedCoding'.

379         return this.rankSuggestions(suggestions, context);
                        ~~~~~~~~~~~~~~~

ai-platforms/annotateai/src/g3d-ai/G3DAIAssistedCoding.ts:390:33 - error TS2339: Property 'createNewUserBehavior' does not exist on type 'G3DAIAssistedCoding'.

390             userBehavior = this.createNewUserBehavior(userId);
                                    ~~~~~~~~~~~~~~~~~~~~~

ai-platforms/annotateai/src/g3d-ai/G3DAIAssistedCoding.ts:407:14 - error TS2339: Property 'updateUserPerformance' does not exist on type 'G3DAIAssistedCoding'.

407         this.updateUserPerformance(userBehavior, sessionData);
                 ~~~~~~~~~~~~~~~~~~~~~

ai-platforms/annotateai/src/g3d-ai/G3DAIAssistedCoding.ts:432:41 - error TS2339: Property 'findParallelizablePatterns' does not exist on type 'G3DAIAssistedCoding'.

432         const parallelCandidates = this.findParallelizablePatterns(behavior.patterns);
                                            ~~~~~~~~~~~~~~~~~~~~~~~~~~

ai-platforms/annotateai/src/g3d-ai/G3DAIAssistedCoding.ts:434:39 - error TS2551: Property 'createParallelizationOptimization' does not exist on type 'G3DAIAssistedCoding'. Did you mean 'createAutomationOptimization'?

434             const optimization = this.createParallelizationOptimization(candidates);
                                          ~~~~~~~~~~~~~~~~~~~~~~~~~~~~~~~~~

  ai-platforms/annotateai/src/g3d-ai/G3DAIAssistedCoding.ts:456:19
    456     private async createAutomationOptimization(
                          ~~~~~~~~~~~~~~~~~~~~~~~~~~~~
    'createAutomationOptimization' is declared here.

ai-platforms/annotateai/src/g3d-ai/G3DAIAssistedCoding.ts:447:24 - error TS2551: Property 'applyOptimization' does not exist on type 'G3DAIAssistedCoding'. Did you mean 'optimizations'?

447             await this.applyOptimization(opt, userId);
                           ~~~~~~~~~~~~~~~~~

  ai-platforms/annotateai/src/g3d-ai/G3DAIAssistedCoding.ts:147:13
    147     private optimizations: Map<string, WorkflowOptimization[]> = new Map();
                    ~~~~~~~~~~~~~
    'optimizations' is declared here.

ai-platforms/annotateai/src/g3d-ai/G3DAIAssistedCoding.ts:470:36 - error TS2339: Property 'extractDependencies' does not exist on type 'G3DAIAssistedCoding'.

470                 dependencies: this.extractDependencies(code),
                                       ~~~~~~~~~~~~~~~~~~~

ai-platforms/annotateai/src/g3d-ai/G3DAIAssistedCoding.ts:488:30 - error TS2339: Property 'calculateThroughput' does not exist on type 'G3DAIAssistedCoding'.

488             throughput: this.calculateThroughput(results),
                                 ~~~~~~~~~~~~~~~~~~~

ai-platforms/annotateai/src/g3d-ai/G3DAIAssistedCoding.ts:489:30 - error TS2339: Property 'calculateEfficiency' does not exist on type 'G3DAIAssistedCoding'.

489             efficiency: this.calculateEfficiency(results)
                                 ~~~~~~~~~~~~~~~~~~~

ai-platforms/annotateai/src/g3d-ai/G3DAIAssistedCoding.ts:535:28 - error TS2339: Property 'buildDependencyGraph' does not exist on type 'G3DAIAssistedCoding'.

535         const graph = this.buildDependencyGraph(steps);
                               ~~~~~~~~~~~~~~~~~~~~

ai-platforms/annotateai/src/g3d-ai/G3DAIAssistedCoding.ts:536:18 - error TS2339: Property 'hasCycles' does not exist on type 'G3DAIAssistedCoding'.

536         if (this.hasCycles(graph)) {
                     ~~~~~~~~~

ai-platforms/annotateai/src/g3d-ai/G3DAIAssistedCoding.ts:544:41 - error TS2339: Property 'areStepsCompatible' does not exist on type 'G3DAIAssistedCoding'.

544                 const compatible = this.areStepsCompatible(prevStep, step);
                                            ~~~~~~~~~~~~~~~~~~

ai-platforms/annotateai/src/g3d-ai/G3DAIAssistedCoding.ts:565:29 - error TS2339: Property 'generateSessionId' does not exist on type 'G3DAIAssistedCoding'.

565             sessionId: this.generateSessionId()
                                ~~~~~~~~~~~~~~~~~

ai-platforms/annotateai/src/g3d-ai/G3DAIAssistedCoding.ts:579:30 - error TS2339: Property 'cleanup' does not exist on type 'PatternAnalyzer'.

579         this.patternAnalyzer.cleanup();
                                 ~~~~~~~

ai-platforms/annotateai/src/g3d-ai/G3DAIAssistedCoding.ts:580:33 - error TS2339: Property 'cleanup' does not exist on type 'OptimizationEngine'.

580         this.optimizationEngine.cleanup();
                                    ~~~~~~~

ai-platforms/annotateai/src/g3d-ai/G3DAIAssistedCoding.ts:786:5 - error TS1205: Re-exporting a type when 'isolatedModules' is enabled requires using 'export type'.

786     WorkflowStep,
        ~~~~~~~~~~~~

ai-platforms/annotateai/src/g3d-ai/G3DAIAssistedCoding.ts:787:5 - error TS1205: Re-exporting a type when 'isolatedModules' is enabled requires using 'export type'.

787     WorkflowOptimization,
        ~~~~~~~~~~~~~~~~~~~~

ai-platforms/annotateai/src/g3d-ai/G3DAIAssistedCoding.ts:788:5 - error TS1205: Re-exporting a type when 'isolatedModules' is enabled requires using 'export type'.

788     AnnotationPattern,
        ~~~~~~~~~~~~~~~~~

ai-platforms/annotateai/src/g3d-ai/G3DAIAssistedCoding.ts:789:5 - error TS1205: Re-exporting a type when 'isolatedModules' is enabled requires using 'export type'.

789     UserBehavior,
        ~~~~~~~~~~~~

ai-platforms/annotateai/src/g3d-ai/G3DAIAssistedCoding.ts:790:5 - error TS1205: Re-exporting a type when 'isolatedModules' is enabled requires using 'export type'.

790     AIAssistance
        ~~~~~~~~~~~~

ai-platforms/annotateai/src/g3d-ai/G3DAIWorkflowEngine.ts:672:47 - error TS2554: Expected 0 arguments, but got 1.

672         this.modelRunner = new G3DModelRunner({
                                                  ~
673             enableG3DAcceleration: true,
    ~~~~~~~~~~~~~~~~~~~~~~~~~~~~~~~~~~~~~~~~
... 
678             }
    ~~~~~~~~~~~~~
679         });
    ~~~~~~~~~

ai-platforms/annotateai/src/g3d-ai/G3DComputeShaders.ts:216:65 - error TS2339: Property 'error' does not exist on type 'Event'.

216                 console.error('WebGPU uncaptured error:', event.error);
                                                                    ~~~~~

ai-platforms/annotateai/src/g3d-ai/G3DComputeShaders.ts:572:32 - error TS2339: Property 'info' does not exist on type 'GPUAdapter'.

572             name: this.adapter.info?.device || 'Unknown',
                                   ~~~~

ai-platforms/annotateai/src/g3d-ai/G3DComputeShaders.ts:573:34 - error TS2339: Property 'info' does not exist on type 'GPUAdapter'.

573             vendor: this.adapter.info?.vendor || 'Unknown',
                                     ~~~~

ai-platforms/annotateai/src/g3d-ai/G3DComputeShaders.ts:574:32 - error TS2339: Property 'info' does not exist on type 'GPUAdapter'.

574             type: this.adapter.info?.architecture === 'discrete-gpu' ? 'discrete' : 'integrated',
                                   ~~~~

ai-platforms/annotateai/src/g3d-ai/G3DModelEnsemble.ts:482:52 - error TS2554: Expected 0 arguments, but got 1.

482             const modelRunner = new G3DModelRunner({
                                                       ~
483                 modelId: model.id,
    ~~~~~~~~~~~~~~~~~~~~~~~~~~~~~~~~~~
... 
486                 optimization: model.config.optimization
    ~~~~~~~~~~~~~~~~~~~~~~~~~~~~~~~~~~~~~~~~~~~~~~~~~~~~~~~
487             });
    ~~~~~~~~~~~~~

ai-platforms/annotateai/src/g3d-ai/G3DModelEnsemble.ts:556:54 - error TS2339: Property 'predict' does not exist on type 'G3DModelRunner'.

556                 const prediction = await modelRunner.predict(input);
                                                         ~~~~~~~

ai-platforms/annotateai/src/g3d-ai/G3DNeuralNetworkViz.ts:149:48 - error TS2554: Expected 0 arguments, but got 1.

149         this.materials = new G3DMaterialSystem(renderer);
                                                   ~~~~~~~~

ai-platforms/annotateai/src/g3d-ai/G3DNeuralNetworkViz.ts:151:54 - error TS2554: Expected 0 arguments, but got 1.

151         this.optimizer = new G3DPerformanceOptimizer(renderer);
                                                         ~~~~~~~~

ai-platforms/annotateai/src/g3d-ai/G3DNeuralNetworkViz.ts:170:14 - error TS2339: Property 'init' does not exist on type 'G3DNeuralNetworkViz'.

170         this.init();
                 ~~~~

ai-platforms/annotateai/src/g3d-ai/G3DNeuralNetworkViz.ts:175:14 - error TS2339: Property 'setupMaterials' does not exist on type 'G3DNeuralNetworkViz'.

175         this.setupMaterials();
                 ~~~~~~~~~~~~~~

ai-platforms/annotateai/src/g3d-ai/G3DNeuralNetworkViz.ts:178:29 - error TS2339: Property 'init' does not exist on type 'ParticleSystem'.

178         this.particleSystem.init();
                                ~~~~

ai-platforms/annotateai/src/g3d-ai/G3DNeuralNetworkViz.ts:184:14 - error TS2339: Property 'createUIOverlays' does not exist on type 'G3DNeuralNetworkViz'.

184         this.createUIOverlays();
                 ~~~~~~~~~~~~~~~~

ai-platforms/annotateai/src/g3d-ai/G3DNeuralNetworkViz.ts:219:14 - error TS2551: Property 'updateConnections' does not exist on type 'G3DNeuralNetworkViz'. Did you mean 'updateConnectionVisual'?

219         this.updateConnections();
                 ~~~~~~~~~~~~~~~~~

  ai-platforms/annotateai/src/g3d-ai/G3DNeuralNetworkViz.ts:345:13
    345     private updateConnectionVisual(connection: WeightConnection): void {
                    ~~~~~~~~~~~~~~~~~~~~~~
    'updateConnectionVisual' is declared here.

ai-platforms/annotateai/src/g3d-ai/G3DNeuralNetworkViz.ts:293:14 - error TS2339: Property 'updateMetricsDisplay' does not exist on type 'G3DNeuralNetworkViz'.

293         this.updateMetricsDisplay(metrics);
                 ~~~~~~~~~~~~~~~~~~~~

ai-platforms/annotateai/src/g3d-ai/G3DNeuralNetworkViz.ts:296:14 - error TS2339: Property 'adjustVisualsForTraining' does not exist on type 'G3DNeuralNetworkViz'.

296         this.adjustVisualsForTraining(metrics);
                 ~~~~~~~~~~~~~~~~~~~~~~~~

ai-platforms/annotateai/src/g3d-ai/G3DNeuralNetworkViz.ts:306:26 - error TS2339: Property 'getConnectionPath' does not exist on type 'G3DNeuralNetworkViz'.

306                     this.getConnectionPath(connection),
                             ~~~~~~~~~~~~~~~~~

ai-platforms/annotateai/src/g3d-ai/G3DNeuralNetworkViz.ts:319:35 - error TS2339: Property 'getObject' does not exist on type 'G3DSceneManager'.

319         const visual = this.scene.getObject(`neuron_${neuron.id}`);
                                      ~~~~~~~~~

ai-platforms/annotateai/src/g3d-ai/G3DNeuralNetworkViz.ts:331:18 - error TS2339: Property 'updateGlowEffect' does not exist on type 'G3DNeuralNetworkViz'.

331             this.updateGlowEffect(visual, neuron.visualState.glowIntensity);
                     ~~~~~~~~~~~~~~~~

ai-platforms/annotateai/src/g3d-ai/G3DNeuralNetworkViz.ts:335:24 - error TS2339: Property 'updateMaterial' does not exist on type 'G3DMaterialSystem'.

335         this.materials.updateMaterial(visual.material, {
                           ~~~~~~~~~~~~~~

ai-platforms/annotateai/src/g3d-ai/G3DNeuralNetworkViz.ts:342:14 - error TS2339: Property 'animateScale' does not exist on type 'G3DNeuralNetworkViz'.

342         this.animateScale(visual, neuron.visualState.size);
                 ~~~~~~~~~~~~

ai-platforms/annotateai/src/g3d-ai/G3DNeuralNetworkViz.ts:346:35 - error TS2339: Property 'getObject' does not exist on type 'G3DSceneManager'.

346         const visual = this.scene.getObject(`connection_${connection.id}`);
                                      ~~~~~~~~~

ai-platforms/annotateai/src/g3d-ai/G3DNeuralNetworkViz.ts:362:14 - error TS2339: Property 'updateConnectionGeometry' does not exist on type 'G3DNeuralNetworkViz'.

362         this.updateConnectionGeometry(visual, connection.visualState);
                 ~~~~~~~~~~~~~~~~~~~~~~~~

ai-platforms/annotateai/src/g3d-ai/G3DNeuralNetworkViz.ts:416:39 - error TS2551: Property 'createGroup' does not exist on type 'G3DSceneManager'. Did you mean 'createLODGroup'?

416         const layerGroup = this.scene.createGroup(`layer_${layer.id}`);
                                          ~~~~~~~~~~~

  ai-platforms/annotateai/src/g3d-integration/G3DSceneManager.ts:447:5
    447     createLODGroup(name: string, config: G3DLODConfig): G3DSceneNode {
            ~~~~~~~~~~~~~~
    'createLODGroup' is declared here.

ai-platforms/annotateai/src/g3d-ai/G3DNeuralNetworkViz.ts:420:35 - error TS2339: Property 'createLayerBoundary' does not exist on type 'G3DNeuralNetworkViz'.

420             const boundary = this.createLayerBoundary(layer);
                                      ~~~~~~~~~~~~~~~~~~~

ai-platforms/annotateai/src/g3d-ai/G3DNeuralNetworkViz.ts:431:36 - error TS2551: Property 'createNeuronLabel' does not exist on type 'G3DNeuralNetworkViz'. Did you mean 'createNeuron'?

431                 const label = this.createNeuronLabel(neuron);
                                       ~~~~~~~~~~~~~~~~~

  ai-platforms/annotateai/src/g3d-ai/G3DNeuralNetworkViz.ts:371:13
    371     private createNeuron(layer: NeuralLayer, index: number): Neuron {
                    ~~~~~~~~~~~~
    'createNeuron' is declared here.

ai-platforms/annotateai/src/g3d-ai/G3DNeuralNetworkViz.ts:438:37 - error TS2339: Property 'createLayerLabel' does not exist on type 'G3DNeuralNetworkViz'.

438             const layerLabel = this.createLayerLabel(layer);
                                        ~~~~~~~~~~~~~~~~

ai-platforms/annotateai/src/g3d-ai/G3DNeuralNetworkViz.ts:442:20 - error TS2339: Property 'add' does not exist on type 'G3DSceneManager'.

442         this.scene.add(layerGroup);
                       ~~~

ai-platforms/annotateai/src/g3d-ai/G3DNeuralNetworkViz.ts:446:53 - error TS2345: Argument of type '{ radius: number; segments: number; }' is not assignable to parameter of type 'number'.

446         const geometry = this.geometry.createSphere({
                                                        ~
447             radius: neuron.visualState.size,
    ~~~~~~~~~~~~~~~~~~~~~~~~~~~~~~~~~~~~~~~~~~~~
448             segments: 16
    ~~~~~~~~~~~~~~~~~~~~~~~~
449         });
    ~~~~~~~~~

ai-platforms/annotateai/src/g3d-ai/G3DNeuralNetworkViz.ts:451:41 - error TS2551: Property 'createMaterial' does not exist on type 'G3DMaterialSystem'. Did you mean 'createPBRMaterial'?

451         const material = this.materials.createMaterial({
                                            ~~~~~~~~~~~~~~

  ai-platforms/annotateai/src/g3d-integration/G3DMaterialSystem.ts:516:5
    516     createPBRMaterial(name: string, params?: Partial<G3DPBRMaterial>): G3DPBRMaterial {
            ~~~~~~~~~~~~~~~~~
    'createPBRMaterial' is declared here.

ai-platforms/annotateai/src/g3d-ai/G3DNeuralNetworkViz.ts:460:33 - error TS2339: Property 'createMesh' does not exist on type 'G3DSceneManager'.

460         const mesh = this.scene.createMesh(
                                    ~~~~~~~~~~

ai-platforms/annotateai/src/g3d-ai/G3DNeuralNetworkViz.ts:476:44 - error TS2551: Property 'createGroup' does not exist on type 'G3DSceneManager'. Did you mean 'createLODGroup'?

476         const connectionGroup = this.scene.createGroup('connections');
                                               ~~~~~~~~~~~

  ai-platforms/annotateai/src/g3d-integration/G3DSceneManager.ts:447:5
    447     createLODGroup(name: string, config: G3DLODConfig): G3DSceneNode {
            ~~~~~~~~~~~~~~
    'createLODGroup' is declared here.

ai-platforms/annotateai/src/g3d-ai/G3DNeuralNetworkViz.ts:485:32 - error TS2551: Property 'createConnectionCurve' does not exist on type 'G3DNeuralNetworkViz'. Did you mean 'createConnection'?

485             const curve = this.createConnectionCurve(source.position, target.position);
                                   ~~~~~~~~~~~~~~~~~~~~~

  ai-platforms/annotateai/src/g3d-ai/G3DNeuralNetworkViz.ts:396:13
    396     private createConnection(source: Neuron, target: Neuron): WeightConnection {
                    ~~~~~~~~~~~~~~~~
    'createConnection' is declared here.

ai-platforms/annotateai/src/g3d-ai/G3DNeuralNetworkViz.ts:486:44 - error TS2339: Property 'createTubeFromCurve' does not exist on type 'G3DGeometryProcessor'.

486             const geometry = this.geometry.createTubeFromCurve(curve, {
                                               ~~~~~~~~~~~~~~~~~~~

ai-platforms/annotateai/src/g3d-ai/G3DNeuralNetworkViz.ts:491:45 - error TS2551: Property 'createMaterial' does not exist on type 'G3DMaterialSystem'. Did you mean 'createPBRMaterial'?

491             const material = this.materials.createMaterial({
                                                ~~~~~~~~~~~~~~

  ai-platforms/annotateai/src/g3d-integration/G3DMaterialSystem.ts:516:5
    516     createPBRMaterial(name: string, params?: Partial<G3DPBRMaterial>): G3DPBRMaterial {
            ~~~~~~~~~~~~~~~~~
    'createPBRMaterial' is declared here.

ai-platforms/annotateai/src/g3d-ai/G3DNeuralNetworkViz.ts:498:37 - error TS2339: Property 'createMesh' does not exist on type 'G3DSceneManager'.

498             const mesh = this.scene.createMesh(
                                        ~~~~~~~~~~

ai-platforms/annotateai/src/g3d-ai/G3DNeuralNetworkViz.ts:507:20 - error TS2339: Property 'add' does not exist on type 'G3DSceneManager'.

507         this.scene.add(connectionGroup);
                       ~~~

ai-platforms/annotateai/src/g3d-ai/G3DNeuralNetworkViz.ts:516:22 - error TS2339: Property 'highlightConnection' does not exist on type 'G3DNeuralNetworkViz'.

516                 this.highlightConnection(object.name.replace('connection_', ''));
                         ~~~~~~~~~~~~~~~~~~~

ai-platforms/annotateai/src/g3d-ai/G3DNeuralNetworkViz.ts:522:22 - error TS2339: Property 'showNeuronDetails' does not exist on type 'G3DNeuralNetworkViz'.

522                 this.showNeuronDetails(object.name.replace('neuron_', ''));
                         ~~~~~~~~~~~~~~~~~

ai-platforms/annotateai/src/g3d-ai/G3DNeuralNetworkViz.ts:524:22 - error TS2339: Property 'showLayerDetails' does not exist on type 'G3DNeuralNetworkViz'.

524                 this.showLayerDetails(object.name.replace('layer_', ''));
                         ~~~~~~~~~~~~~~~~

ai-platforms/annotateai/src/g3d-ai/G3DNeuralNetworkViz.ts:534:33 - error TS2339: Property 'getObject' does not exist on type 'G3DSceneManager'.

534         const mesh = this.scene.getObject(`neuron_${neuronId}`);
                                    ~~~~~~~~~

ai-platforms/annotateai/src/g3d-ai/G3DNeuralNetworkViz.ts:536:28 - error TS2339: Property 'updateMaterial' does not exist on type 'G3DMaterialSystem'.

536             this.materials.updateMaterial(mesh.material, {
                               ~~~~~~~~~~~~~~

ai-platforms/annotateai/src/g3d-ai/G3DNeuralNetworkViz.ts:543:47 - error TS2339: Property 'getObject' does not exist on type 'G3DSceneManager'.

543             const connectionMesh = this.scene.getObject(`connection_${conn.id}`);
                                                  ~~~~~~~~~

ai-platforms/annotateai/src/g3d-ai/G3DNeuralNetworkViz.ts:545:32 - error TS2339: Property 'updateMaterial' does not exist on type 'G3DMaterialSystem'.

545                 this.materials.updateMaterial(connectionMesh.material, {
                                   ~~~~~~~~~~~~~~

ai-platforms/annotateai/src/g3d-ai/G3DNeuralNetworkViz.ts:547:31 - error TS2304: Cannot find name 'connection'.

547                     emissive: connection.visualState.color,
                                  ~~~~~~~~~~

ai-platforms/annotateai/src/g3d-ai/G3DNeuralNetworkViz.ts:561:28 - error TS2339: Property 'enableInstancing' does not exist on type 'G3DPerformanceOptimizer'.

561             this.optimizer.enableInstancing('neurons');
                               ~~~~~~~~~~~~~~~~

ai-platforms/annotateai/src/g3d-ai/G3DNeuralNetworkViz.ts:570:28 - error TS2339: Property 'enableLOD' does not exist on type 'G3DPerformanceOptimizer'.

570             this.optimizer.enableLOD('connections', {
                               ~~~~~~~~~

ai-platforms/annotateai/src/g3d-ai/G3DNeuralNetworkViz.ts:579:28 - error TS2339: Property 'enableBatching' does not exist on type 'G3DPerformanceOptimizer'.

579             this.optimizer.enableBatching('connections');
                               ~~~~~~~~~~~~~~

ai-platforms/annotateai/src/g3d-ai/G3DNeuralNetworkViz.ts:587:38 - error TS2339: Property 'captureScreenshot' does not exist on type 'G3DNativeRenderer'.

587                 return this.renderer.captureScreenshot();
                                         ~~~~~~~~~~~~~~~~~

ai-platforms/annotateai/src/g3d-ai/G3DNeuralNetworkViz.ts:591:29 - error TS2339: Property 'exportNetworkData' does not exist on type 'G3DNeuralNetworkViz'.

591                 return this.exportNetworkData();
                                ~~~~~~~~~~~~~~~~~

ai-platforms/annotateai/src/g3d-ai/G3DNeuralNetworkViz.ts:606:39 - error TS2339: Property 'captureScreenshot' does not exist on type 'G3DNativeRenderer'.

606             frames.push(this.renderer.captureScreenshot());
                                          ~~~~~~~~~~~~~~~~~

ai-platforms/annotateai/src/g3d-ai/G3DNeuralNetworkViz.ts:610:21 - error TS2339: Property 'encodeVideo' does not exist on type 'G3DNeuralNetworkViz'.

610         return this.encodeVideo(frames, fps);
                        ~~~~~~~~~~~

ai-platforms/annotateai/src/g3d-ai/G3DNeuralNetworkViz.ts:619:29 - error TS2339: Property 'cleanup' does not exist on type 'ParticleSystem'.

619         this.particleSystem.cleanup();
                                ~~~~~~~

ai-platforms/annotateai/src/g3d-ai/G3DNeuralNetworkViz.ts:620:33 - error TS2339: Property 'cleanup' does not exist on type 'InteractionHandler'.

620         this.interactionHandler.cleanup();
                                    ~~~~~~~

ai-platforms/annotateai/src/g3d-ai/G3DNeuralNetworkViz.ts:621:24 - error TS2339: Property 'cleanup' does not exist on type 'G3DMaterialSystem'.

621         this.materials.cleanup();
                           ~~~~~~~

ai-platforms/annotateai/src/g3d-ai/G3DNeuralNetworkViz.ts:797:10 - error TS1205: Re-exporting a type when 'isolatedModules' is enabled requires using 'export type'.

797 export { NeuralLayer, Neuron, WeightConnection, TrainingMetrics, VisualizationConfig };
             ~~~~~~~~~~~

ai-platforms/annotateai/src/g3d-ai/G3DNeuralNetworkViz.ts:797:23 - error TS1205: Re-exporting a type when 'isolatedModules' is enabled requires using 'export type'.

797 export { NeuralLayer, Neuron, WeightConnection, TrainingMetrics, VisualizationConfig };
                          ~~~~~~

ai-platforms/annotateai/src/g3d-ai/G3DNeuralNetworkViz.ts:797:31 - error TS1205: Re-exporting a type when 'isolatedModules' is enabled requires using 'export type'.

797 export { NeuralLayer, Neuron, WeightConnection, TrainingMetrics, VisualizationConfig };
                                  ~~~~~~~~~~~~~~~~

ai-platforms/annotateai/src/g3d-ai/G3DNeuralNetworkViz.ts:797:49 - error TS1205: Re-exporting a type when 'isolatedModules' is enabled requires using 'export type'.

797 export { NeuralLayer, Neuron, WeightConnection, TrainingMetrics, VisualizationConfig };
                                                    ~~~~~~~~~~~~~~~

ai-platforms/annotateai/src/g3d-ai/G3DNeuralNetworkViz.ts:797:66 - error TS1205: Re-exporting a type when 'isolatedModules' is enabled requires using 'export type'.

797 export { NeuralLayer, Neuron, WeightConnection, TrainingMetrics, VisualizationConfig };
                                                                     ~~~~~~~~~~~~~~~~~~~

ai-platforms/annotateai/src/g3d-ai/G3DPredictiveOptimization.ts:204:14 - error TS2339: Property 'init' does not exist on type 'G3DPredictiveOptimization'.

204         this.init();
                 ~~~~

ai-platforms/annotateai/src/g3d-ai/G3DPredictiveOptimization.ts:235:32 - error TS2339: Property 'preparePredictionInput' does not exist on type 'G3DPredictiveOptimization'.

235             const input = this.preparePredictionInput(metric, currentMetrics, timeframe);
                                   ~~~~~~~~~~~~~~~~~~~~~~

ai-platforms/annotateai/src/g3d-ai/G3DPredictiveOptimization.ts:241:40 - error TS2339: Property 'analyzeFactors' does not exist on type 'G3DPredictiveOptimization'.

241             const factors = await this.analyzeFactors(metric, prediction);
                                           ~~~~~~~~~~~~~~

ai-platforms/annotateai/src/g3d-ai/G3DPredictiveOptimization.ts:244:48 - error TS2339: Property 'generateRecommendations' does not exist on type 'G3DPredictiveOptimization'.

244             const recommendations = await this.generateRecommendations(
                                                   ~~~~~~~~~~~~~~~~~~~~~~~

ai-platforms/annotateai/src/g3d-ai/G3DPredictiveOptimization.ts:281:39 - error TS2339: Property 'validatePlan' does not exist on type 'G3DPredictiveOptimization'.

281         const validation = await this.validatePlan(plan, optimProfile);
                                          ~~~~~~~~~~~~

ai-platforms/annotateai/src/g3d-ai/G3DPredictiveOptimization.ts:292:24 - error TS2339: Property 'createBackup' does not exist on type 'G3DPredictiveOptimization'.

292             await this.createBackup(optimizationId);
                           ~~~~~~~~~~~~

ai-platforms/annotateai/src/g3d-ai/G3DPredictiveOptimization.ts:296:28 - error TS2339: Property 'executeOptimizationStep' does not exist on type 'G3DPredictiveOptimization'.

296                 await this.executeOptimizationStep(step, execution);
                               ~~~~~~~~~~~~~~~~~~~~~~~

ai-platforms/annotateai/src/g3d-ai/G3DPredictiveOptimization.ts:303:27 - error TS2339: Property 'shouldContinue' does not exist on type 'G3DPredictiveOptimization'.

303                 if (!this.shouldContinue(execution, optimProfile)) {
                              ~~~~~~~~~~~~~~

ai-platforms/annotateai/src/g3d-ai/G3DPredictiveOptimization.ts:309:45 - error TS2339: Property 'validateResults' does not exist on type 'G3DPredictiveOptimization'.

309             const finalResults = await this.validateResults(execution, optimProfile);
                                                ~~~~~~~~~~~~~~~

ai-platforms/annotateai/src/g3d-ai/G3DPredictiveOptimization.ts:320:24 - error TS2339: Property 'rollback' does not exist on type 'G3DPredictiveOptimization'.

320             await this.rollback(optimizationId);
                           ~~~~~~~~

ai-platforms/annotateai/src/g3d-ai/G3DPredictiveOptimization.ts:348:26 - error TS2339: Property 'isDegraded' does not exist on type 'G3DPredictiveOptimization'.

348                     this.isDegraded(p, threshold)
                             ~~~~~~~~~~

ai-platforms/annotateai/src/g3d-ai/G3DPredictiveOptimization.ts:376:48 - error TS2339: Property 'findResourceBottlenecks' does not exist on type 'G3DPredictiveOptimization'.

376         const resourceBottlenecks = await this.findResourceBottlenecks(metrics);
                                                   ~~~~~~~~~~~~~~~~~~~~~~~

ai-platforms/annotateai/src/g3d-ai/G3DPredictiveOptimization.ts:379:51 - error TS2339: Property 'findAlgorithmicBottlenecks' does not exist on type 'G3DPredictiveOptimization'.

379         const algorithmicBottlenecks = await this.findAlgorithmicBottlenecks(metrics);
                                                      ~~~~~~~~~~~~~~~~~~~~~~~~~~

ai-platforms/annotateai/src/g3d-ai/G3DPredictiveOptimization.ts:382:48 - error TS2339: Property 'findWorkflowBottlenecks' does not exist on type 'G3DPredictiveOptimization'.

382         const workflowBottlenecks = await this.findWorkflowBottlenecks(metrics);
                                                   ~~~~~~~~~~~~~~~~~~~~~~~

ai-platforms/annotateai/src/g3d-ai/G3DPredictiveOptimization.ts:385:41 - error TS2339: Property 'correlateBottlenecks' does not exist on type 'G3DPredictiveOptimization'.

385         const correlations = await this.correlateBottlenecks(
                                            ~~~~~~~~~~~~~~~~~~~~

ai-platforms/annotateai/src/g3d-ai/G3DPredictiveOptimization.ts:396:41 - error TS2339: Property 'generateBottleneckRecommendations' does not exist on type 'G3DPredictiveOptimization'.

396             recommendations: await this.generateBottleneckRecommendations(correlations)
                                            ~~~~~~~~~~~~~~~~~~~~~~~~~~~~~~~~~

ai-platforms/annotateai/src/g3d-ai/G3DPredictiveOptimization.ts:403:47 - error TS2551: Property 'loadModels' does not exist on type 'G3DModelRunner'. Did you mean 'loadModel'?

403         const models = await this.modelRunner.loadModels('prediction');
                                                  ~~~~~~~~~~

  ai-platforms/annotateai/src/g3d-ai/G3DModelRunner.ts:167:11
    167     async loadModel(config: G3DModelConfig): Promise<void> {
                  ~~~~~~~~~
    'loadModel' is declared here.

ai-platforms/annotateai/src/g3d-ai/G3DPredictiveOptimization.ts:455:39 - error TS2551: Property 'generateCandidateOptimizations' does not exist on type 'G3DPredictiveOptimization'. Did you mean 'generateMicroOptimizations'?

455         const candidates = await this.generateCandidateOptimizations(
                                          ~~~~~~~~~~~~~~~~~~~~~~~~~~~~~~

  ai-platforms/annotateai/src/g3d-ai/G3DPredictiveOptimization.ts:514:19
    514     private async generateMicroOptimizations(
                          ~~~~~~~~~~~~~~~~~~~~~~~~~~
    'generateMicroOptimizations' is declared here.

ai-platforms/annotateai/src/g3d-ai/G3DPredictiveOptimization.ts:462:29 - error TS2339: Property 'rankOptimizations' does not exist on type 'G3DPredictiveOptimization'.

462         const ranked = this.rankOptimizations(candidates, profile);
                                ~~~~~~~~~~~~~~~~~

ai-platforms/annotateai/src/g3d-ai/G3DPredictiveOptimization.ts:465:31 - error TS2339: Property 'selectOptimizations' does not exist on type 'G3DPredictiveOptimization'.

465         const selected = this.selectOptimizations(ranked, profile.constraints);
                                  ~~~~~~~~~~~~~~~~~~~

ai-platforms/annotateai/src/g3d-ai/G3DPredictiveOptimization.ts:468:30 - error TS2339: Property 'orderOptimizations' does not exist on type 'G3DPredictiveOptimization'.

468         const ordered = this.orderOptimizations(selected);
                                 ~~~~~~~~~~~~~~~~~~

ai-platforms/annotateai/src/g3d-ai/G3DPredictiveOptimization.ts:474:35 - error TS2339: Property 'estimateImpact' does not exist on type 'G3DPredictiveOptimization'.

474             estimatedImpact: this.estimateImpact(ordered, profile),
                                      ~~~~~~~~~~~~~~

ai-platforms/annotateai/src/g3d-ai/G3DPredictiveOptimization.ts:475:37 - error TS2339: Property 'estimateDuration' does not exist on type 'G3DPredictiveOptimization'.

475             estimatedDuration: this.estimateDuration(ordered),
                                        ~~~~~~~~~~~~~~~~

ai-platforms/annotateai/src/g3d-ai/G3DPredictiveOptimization.ts:476:25 - error TS2339: Property 'assessRisks' does not exist on type 'G3DPredictiveOptimization'.

476             risks: this.assessRisks(ordered)
                            ~~~~~~~~~~~

ai-platforms/annotateai/src/g3d-ai/G3DPredictiveOptimization.ts:497:26 - error TS2339: Property 'isImprovement' does not exist on type 'G3DPredictiveOptimization'.

497                 if (this.isImprovement(metric, change)) {
                             ~~~~~~~~~~~~~

ai-platforms/annotateai/src/g3d-ai/G3DPredictiveOptimization.ts:509:32 - error TS2339: Property 'calculateImpactScore' does not exist on type 'G3DPredictiveOptimization'.

509             overallScore: this.calculateImpactScore(improvements, degradations)
                                   ~~~~~~~~~~~~~~~~~~~~

ai-platforms/annotateai/src/g3d-ai/G3DPredictiveOptimization.ts:521:42 - error TS2339: Property 'analyzeRootCause' does not exist on type 'G3DPredictiveOptimization'.

521             const rootCause = await this.analyzeRootCause(degradation);
                                             ~~~~~~~~~~~~~~~~

ai-platforms/annotateai/src/g3d-ai/G3DPredictiveOptimization.ts:524:38 - error TS2339: Property 'generateTargetedFixes' does not exist on type 'G3DPredictiveOptimization'.

524             const fixes = await this.generateTargetedFixes(rootCause);
                                         ~~~~~~~~~~~~~~~~~~~~~

ai-platforms/annotateai/src/g3d-ai/G3DPredictiveOptimization.ts:545:41 - error TS2339: Property 'createSnapshot' does not exist on type 'G3DPredictiveOptimization'.

545             const snapshot = await this.createSnapshot(opt.target);
                                            ~~~~~~~~~~~~~~

ai-platforms/annotateai/src/g3d-ai/G3DPredictiveOptimization.ts:551:41 - error TS2339: Property 'verifyImprovement' does not exist on type 'G3DPredictiveOptimization'.

551             const improved = await this.verifyImprovement(opt, snapshot);
                                            ~~~~~~~~~~~~~~~~~

ai-platforms/annotateai/src/g3d-ai/G3DPredictiveOptimization.ts:555:28 - error TS2551: Property 'revertMicroOptimization' does not exist on type 'G3DPredictiveOptimization'. Did you mean 'generateMicroOptimizations'?

555                 await this.revertMicroOptimization(opt, snapshot);
                               ~~~~~~~~~~~~~~~~~~~~~~~

  ai-platforms/annotateai/src/g3d-ai/G3DPredictiveOptimization.ts:514:19
    514     private async generateMicroOptimizations(
                          ~~~~~~~~~~~~~~~~~~~~~~~~~~
    'generateMicroOptimizations' is declared here.

ai-platforms/annotateai/src/g3d-ai/G3DPredictiveOptimization.ts:656:23 - error TS2339: Property 'cleanup' does not exist on type 'OptimizationExecutor'.

656         this.executor.cleanup();
                          ~~~~~~~

ai-platforms/annotateai/src/g3d-ai/G3DPredictiveOptimization.ts:889:5 - error TS1205: Re-exporting a type when 'isolatedModules' is enabled requires using 'export type'.

889     PerformancePrediction,
        ~~~~~~~~~~~~~~~~~~~~~

ai-platforms/annotateai/src/g3d-ai/G3DPredictiveOptimization.ts:890:5 - error TS1205: Re-exporting a type when 'isolatedModules' is enabled requires using 'export type'.

890     OptimizationRecommendation,
        ~~~~~~~~~~~~~~~~~~~~~~~~~~

ai-platforms/annotateai/src/g3d-ai/G3DPredictiveOptimization.ts:891:5 - error TS1205: Re-exporting a type when 'isolatedModules' is enabled requires using 'export type'.

891     OptimizationProfile,
        ~~~~~~~~~~~~~~~~~~~

ai-platforms/annotateai/src/g3d-ai/G3DPredictiveOptimization.ts:892:5 - error TS1205: Re-exporting a type when 'isolatedModules' is enabled requires using 'export type'.

892     SystemMetrics
        ~~~~~~~~~~~~~

ai-platforms/annotateai/src/g3d-integration/G3DCameraController.ts:339:47 - error TS2341: Property 'position' is private and only accessible within class 'G3DCamera'.

339         mat4.lookAt(cameraMatrix, this.camera.position, this.target, [0, 1, 0]);
                                                  ~~~~~~~~

ai-platforms/annotateai/src/g3d-integration/G3DCameraController.ts:373:47 - error TS2341: Property 'position' is private and only accessible within class 'G3DCamera'.

373         mat4.lookAt(cameraMatrix, this.camera.position, this.target, [0, 1, 0]);
                                                  ~~~~~~~~

ai-platforms/annotateai/src/g3d-integration/G3DCameraController.ts:452:30 - error TS2341: Property 'position' is private and only accessible within class 'G3DCamera'.

452         vec3.add(this.camera.position, this.target, this.offset);
                                 ~~~~~~~~

ai-platforms/annotateai/src/g3d-integration/G3DCameraController.ts:477:43 - error TS2341: Property 'position' is private and only accessible within class 'G3DCamera'.

477         vec3.add(this.target, this.camera.position, forward);
                                              ~~~~~~~~

ai-platforms/annotateai/src/g3d-integration/G3DCameraController.ts:481:30 - error TS2341: Property 'position' is private and only accessible within class 'G3DCamera'.

481         vec3.add(this.camera.position, this.camera.position, this.velocity);
                                 ~~~~~~~~

ai-platforms/annotateai/src/g3d-integration/G3DCameraController.ts:481:52 - error TS2341: Property 'position' is private and only accessible within class 'G3DCamera'.

481         vec3.add(this.camera.position, this.camera.position, this.velocity);
                                                       ~~~~~~~~

ai-platforms/annotateai/src/g3d-integration/G3DCameraController.ts:528:55 - error TS2341: Property 'position' is private and only accessible within class 'G3DCamera'.

528                 startPosition: vec3.clone(this.camera.position),
                                                          ~~~~~~~~

ai-platforms/annotateai/src/g3d-integration/G3DCameraController.ts:550:31 - error TS2341: Property 'position' is private and only accessible within class 'G3DCamera'.

550         vec3.lerp(this.camera.position,
                                  ~~~~~~~~

ai-platforms/annotateai/src/g3d-integration/G3DCameraController.ts:560:45 - error TS2341: Property 'position' is private and only accessible within class 'G3DCamera'.

560         this.camera.setPosition(this.camera.position[0],
                                                ~~~~~~~~

ai-platforms/annotateai/src/g3d-integration/G3DCameraController.ts:561:25 - error TS2341: Property 'position' is private and only accessible within class 'G3DCamera'.

561             this.camera.position[1],
                            ~~~~~~~~

ai-platforms/annotateai/src/g3d-integration/G3DCameraController.ts:562:25 - error TS2341: Property 'position' is private and only accessible within class 'G3DCamera'.

562             this.camera.position[2]);
                            ~~~~~~~~

ai-platforms/annotateai/src/g3d-integration/G3DCameraController.ts:599:48 - error TS2341: Property 'position' is private and only accessible within class 'G3DCamera'.

599         vec3.subtract(this.offset, this.camera.position, this.target);
                                                   ~~~~~~~~

ai-platforms/annotateai/src/g3d-integration/G3DLightingSystem.ts:512:20 - error TS2339: Property 'left' does not exist on type '{}'.

512             camera.left || -50,
                       ~~~~

ai-platforms/annotateai/src/g3d-integration/G3DLightingSystem.ts:513:20 - error TS2339: Property 'right' does not exist on type '{}'.

513             camera.right || 50,
                       ~~~~~

ai-platforms/annotateai/src/g3d-integration/G3DLightingSystem.ts:514:20 - error TS2339: Property 'bottom' does not exist on type '{}'.

514             camera.bottom || -50,
                       ~~~~~~

ai-platforms/annotateai/src/g3d-integration/G3DLightingSystem.ts:515:20 - error TS2339: Property 'top' does not exist on type '{}'.

515             camera.top || 50,
                       ~~~

ai-platforms/annotateai/src/g3d-integration/G3DLightingSystem.ts:516:20 - error TS2339: Property 'near' does not exist on type '{}'.

516             camera.near || 0.1,
                       ~~~~

ai-platforms/annotateai/src/g3d-integration/G3DLightingSystem.ts:517:20 - error TS2339: Property 'far' does not exist on type '{}'.

517             camera.far || 100);
                       ~~~

ai-platforms/annotateai/src/g3d-integration/G3DLightingSystem.ts:545:20 - error TS2339: Property 'fov' does not exist on type '{}'.

545             camera.fov || light.angle * 2,
                       ~~~

ai-platforms/annotateai/src/g3d-integration/G3DLightingSystem.ts:547:20 - error TS2339: Property 'near' does not exist on type '{}'.

547             camera.near || 0.1,
                       ~~~~

ai-platforms/annotateai/src/g3d-integration/G3DLightingSystem.ts:548:20 - error TS2339: Property 'far' does not exist on type '{}'.

548             camera.far || light.range);
                       ~~~

ai-platforms/annotateai/src/g3d-integration/G3DLightingSystem.ts:570:20 - error TS2339: Property 'near' does not exist on type '{}'.

570             camera.near || 0.1,
                       ~~~~

ai-platforms/annotateai/src/g3d-integration/G3DLightingSystem.ts:571:20 - error TS2339: Property 'far' does not exist on type '{}'.

571             camera.far || light.range);
                       ~~~

ai-platforms/annotateai/src/g3d-integration/G3DNativeRenderer.ts:156:9 - error TS2739: Type 'Promise<G3DRenderContext>' is missing the following properties from type 'G3DRenderContext': canvas, context, isWebGPU

156         this.context = this.initializeContext(canvas);
            ~~~~~~~~~~~~

ai-platforms/annotateai/src/g3d-integration/G3DNativeRenderer.ts:733:42 - error TS2554: Expected 1 arguments, but got 2.

733     return new G3DNativeRenderer(canvas, { antialias: true, alpha: true });
                                             ~~~~~~~~~~~~~~~~~~~~~~~~~~~~~~~~

ai-platforms/annotateai/src/g3d-integration/G3DSceneManager.ts:562:40 - error TS2556: A spread argument must either have a tuple type or be passed to a rest parameter.

562             node.transform.setPosition(...nodeData.transform.position);
                                           ~~~~~~~~~~~~~~~~~~~~~~~~~~~~~~

ai-platforms/annotateai/src/g3d-integration/G3DSceneManager.ts:563:40 - error TS2556: A spread argument must either have a tuple type or be passed to a rest parameter.

563             node.transform.setRotation(...nodeData.transform.rotation);
                                           ~~~~~~~~~~~~~~~~~~~~~~~~~~~~~~

ai-platforms/annotateai/src/g3d-integration/G3DSceneManager.ts:564:37 - error TS2556: A spread argument must either have a tuple type or be passed to a rest parameter.

564             node.transform.setScale(...nodeData.transform.scale);
                                        ~~~~~~~~~~~~~~~~~~~~~~~~~~~

ai-platforms/annotateai/src/g3d-integration/ThreeJSMigrationLayer.ts:266:14 - error TS2341: Property '_g3dNode' is private and only accessible within class 'Object3D'.

266         this._g3dNode = sceneManager.createNode('mesh', 'mesh');
                 ~~~~~~~~

ai-platforms/annotateai/src/g3d-integration/ThreeJSMigrationLayer.ts:270:26 - error TS2341: Property '_g3dNode' is private and only accessible within class 'Object3D'.

270                 id: this._g3dNode.id,
                             ~~~~~~~~

ai-platforms/annotateai/src/g3d-integration/ThreeJSMigrationLayer.ts:279:18 - error TS2341: Property '_g3dNode' is private and only accessible within class 'Object3D'.

279             this._g3dNode.userData.renderObject = renderObject;
                     ~~~~~~~~

ai-platforms/annotateai/src/g3d-integration/ThreeJSMigrationLayer.ts:280:18 - error TS2341: Property '_g3dNode' is private and only accessible within class 'Object3D'.

280             this._g3dNode.userData.geometry = this.geometry._g3dGeometry;
                     ~~~~~~~~

ai-platforms/annotateai/src/g3d-integration/ThreeJSMigrationLayer.ts:281:18 - error TS2341: Property '_g3dNode' is private and only accessible within class 'Object3D'.

281             this._g3dNode.userData.material = Array.isArray(this.material)
                     ~~~~~~~~

ai-platforms/annotateai/src/g3d-integration/ThreeJSMigrationLayer.ts:496:18 - error TS2341: Property '_g3dNode' is private and only accessible within class 'Object3D'.

496             this._g3dNode = sceneManager.getRoot();
                     ~~~~~~~~

ai-platforms/annotateai/src/g3d-integration/ThreeJSMigrationLayer.ts:546:68 - error TS2554: Expected 1 arguments, but got 2.

546         this._g3dRenderer = new G3DNativeRenderer(this.domElement, { antialias: true, alpha: true });
                                                                       ~~~~~~~~~~~~~~~~~~~~~~~~~~~~~~~~

ai-platforms/annotateai/src/g3d-integration/ThreeJSMigrationLayer.ts:600:31 - error TS2339: Property 'cleanup' does not exist on type 'G3DNativeRenderer'.

600             this._g3dRenderer.cleanup();
                                  ~~~~~~~

ai-platforms/annotateai/src/g3d-performance/G3DCacheSystem.ts:576:43 - error TS2341: Property 'tail' is private and only accessible within class 'DoublyLinkedList<T>'.

576                 keyToEvict = this.lruList.tail();
                                              ~~~~

ai-platforms/annotateai/src/g3d-performance/G3DCacheSystem.ts:576:43 - error TS2349: This expression is not callable.
  Type 'ListNode<string>' has no call signatures.

576                 keyToEvict = this.lruList.tail();
                                              ~~~~

ai-platforms/annotateai/src/g3d-performance/G3DCacheSystem.ts:735:13 - error TS2322: Type 'number' is not assignable to type 'GPUBufferUsage'.

735             usage: buffer.usage,
                ~~~~~

  ai-platforms/annotateai/src/g3d-performance/G3DCacheSystem.ts:86:5
    86     usage: GPUBufferUsage;
           ~~~~~
    The expected type comes from property 'usage' which is declared here on type 'GPUCacheEntry'

ai-platforms/annotateai/src/g3d-performance/G3DCacheSystem.ts:910:13 - error TS2300: Duplicate identifier 'tail'.

910     private tail: ListNode<T> | null = null;
                ~~~~

ai-platforms/annotateai/src/g3d-performance/G3DCacheSystem.ts:932:5 - error TS2300: Duplicate identifier 'tail'.

932     tail(): T | null {
        ~~~~

ai-platforms/annotateai/src/g3d-performance/G3DGPUCompute.ts:418:68 - error TS2769: No overload matches this call.
  The last overload gave the following error.
    Argument of type 'ArrayBuffer | ArrayBufferView<ArrayBufferLike>' is not assignable to parameter of type 'ArrayBuffer | ArrayLike<number>'.
      Type 'ArrayBufferView<ArrayBufferLike>' is not assignable to type 'ArrayBuffer | ArrayLike<number>'.
        Type 'ArrayBufferView<ArrayBufferLike>' is missing the following properties from type 'ArrayBuffer': slice, [Symbol.toStringTag]

418                     new Uint8Array(mappedRange).set(new Uint8Array(resource.data));
                                                                       ~~~~~~~~~~~~~

  node_modules/typescript/lib/lib.es5.d.ts:2407:5
    2407     new (array: ArrayLike<number> | ArrayBuffer): Uint8Array<ArrayBuffer>;
             ~~~~~~~~~~~~~~~~~~~~~~~~~~~~~~~~~~~~~~~~~~~~~~~~~~~~~~~~~~~~~~~~~~~~~~
    The last overload is declared here.

ai-platforms/annotateai/src/g3d-performance/G3DLoadBalancer.ts:324:29 - error TS2339: Property 'region' does not exist on type 'JobConstraints'.

324         if (job.constraints.region && node.region !== job.constraints.region) {
                                ~~~~~~

ai-platforms/annotateai/src/g3d-performance/G3DLoadBalancer.ts:324:71 - error TS2339: Property 'region' does not exist on type 'JobConstraints'.

324         if (job.constraints.region && node.region !== job.constraints.region) {
                                                                          ~~~~~~

ai-platforms/annotateai/src/g3d-performance/G3DLoadBalancer.ts:328:29 - error TS2339: Property 'zone' does not exist on type 'JobConstraints'.

328         if (job.constraints.zone && node.zone !== job.constraints.zone) {
                                ~~~~

ai-platforms/annotateai/src/g3d-performance/G3DLoadBalancer.ts:328:67 - error TS2339: Property 'zone' does not exist on type 'JobConstraints'.

328         if (job.constraints.zone && node.zone !== job.constraints.zone) {
                                                                      ~~~~

ai-platforms/annotateai/src/g3d-performance/G3DMemoryManager.ts:345:46 - error TS2552: Cannot find name 'poolId'. Did you mean 'pool'?

345         this.emit('allocated', allocationId, poolId, size);
                                                 ~~~~~~

  ai-platforms/annotateai/src/g3d-performance/G3DMemoryManager.ts:290:9
    290         pool: MemoryPool,
                ~~~~~~~~~~~~~~~~
    'pool' is declared here.

ai-platforms/annotateai/src/g3d-performance/G3DMemoryManager.ts:760:27 - error TS2339: Property 'cleanup' does not exist on type 'LeakDetector'.

760         this.leakDetector.cleanup();
                              ~~~~~~~

ai-platforms/annotateai/src/g3d-performance/G3DMemoryManager.ts:761:29 - error TS2339: Property 'cleanup' does not exist on type 'MemoryProfiler'.

761         this.memoryProfiler.cleanup();
                                ~~~~~~~

ai-platforms/annotateai/src/g3d-performance/G3DMemoryManager.ts:762:31 - error TS2339: Property 'cleanup' does not exist on type 'GarbageCollector'.

762         this.garbageCollector.cleanup();
                                  ~~~~~~~

ai-platforms/annotateai/src/g3d-performance/G3DMemoryManager.ts:916:51 - error TS2341: Property 'pools' is private and only accessible within class 'G3DMemoryManager'.

916             for (const pool of this.memoryManager.pools.keys()) {
                                                      ~~~~~

ai-platforms/annotateai/src/g3d-performance/G3DMemoryManager.ts:922:28 - error TS2341: Property 'stats' is private and only accessible within class 'G3DMemoryManager'.

922         this.memoryManager.stats.gcCount++;
                               ~~~~~

ai-platforms/annotateai/src/g3d-performance/G3DMemoryManager.ts:943:41 - error TS2341: Property 'pools' is private and only accessible within class 'G3DMemoryManager'.

943         const pool = this.memoryManager.pools.get(poolId);
                                            ~~~~~

ai-platforms/annotateai/src/g3d-performance/G3DMemoryManager.ts:945:32 - error TS2341: Property 'mergeAllFreeChunks' is private and only accessible within class 'G3DMemoryManager'.

945             this.memoryManager.mergeAllFreeChunks(pool);
                                   ~~~~~~~~~~~~~~~~~~

ai-platforms/annotateai/src/g3d-performance/G3DProfiler.ts:857:13 - error TS2322: Type '() => void' is not assignable to type 'GCFunction'.
  Type 'void' is not assignable to type 'Promise<void>'.

857             global.gc = () => {
                ~~~~~~~~~

ai-platforms/annotateai/src/g3d-performance/G3DRenderPipeline.ts:275:14 - error TS2339: Property 'init' does not exist on type 'G3DRenderPipeline'.

275         this.init();
                 ~~~~

ai-platforms/annotateai/src/lib/utils.ts:1:39 - error TS2307: Cannot find module 'clsx' or its corresponding type declarations.

1 import { type ClassValue, clsx } from 'clsx';
                                        ~~~~~~

ai-platforms/annotateai/src/lib/utils.ts:2:25 - error TS2307: Cannot find module 'tailwind-merge' or its corresponding type declarations.

2 import { twMerge } from 'tailwind-merge';
                          ~~~~~~~~~~~~~~~~

ai-platforms/annotateai/src/pages/index.tsx:32:8 - error TS2307: Cannot find module '@heroicons/react/24/outline' or its corresponding type declarations.

32 } from '@heroicons/react/24/outline';
          ~~~~~~~~~~~~~~~~~~~~~~~~~~~~~

ai-platforms/annotateai/src/pages/index.tsx:114:33 - error TS2339: Property 'init' does not exist on type 'ImageAnnotationEngine'.

114                 await imgEngine.init();
                                    ~~~~

ai-platforms/annotateai/src/pages/index.tsx:118:33 - error TS2339: Property 'init' does not exist on type 'VideoAnnotationEngine'.

118                 await vidEngine.init();
                                    ~~~~

ai-platforms/annotateai/src/pages/index.tsx:122:33 - error TS2339: Property 'init' does not exist on type 'PreAnnotationEngine'.

122                 await preEngine.init();
                                    ~~~~

ai-platforms/annotateai/src/pages/index.tsx:140:26 - error TS2339: Property 'cleanup' does not exist on type 'ImageAnnotationEngine'.

140             imageEngine?.cleanup();
                             ~~~~~~~

ai-platforms/annotateai/src/pages/index.tsx:141:26 - error TS2339: Property 'cleanup' does not exist on type 'VideoAnnotationEngine'.

141             videoEngine?.cleanup();
                             ~~~~~~~

ai-platforms/annotateai/src/workbench/AnnotationWorkbench.tsx:17:28 - error TS2307: Cannot find module 'react-hotkeys-hook' or its corresponding type declarations.

17 import { useHotkeys } from 'react-hotkeys-hook';
                              ~~~~~~~~~~~~~~~~~~~~

ai-platforms/annotateai/src/workbench/AnnotationWorkbench.tsx:87:8 - error TS2307: Cannot find module '@heroicons/react/24/outline' or its corresponding type declarations.

87 } from '@heroicons/react/24/outline';
          ~~~~~~~~~~~~~~~~~~~~~~~~~~~~~

ai-platforms/annotateai/src/workbench/AnnotationWorkbench.tsx:263:50 - error TS2339: Property 'init' does not exist on type 'ImageAnnotationEngine'.

263                     await imageEngineRef.current.init();
                                                     ~~~~

ai-platforms/annotateai/src/workbench/AnnotationWorkbench.tsx:268:50 - error TS2339: Property 'init' does not exist on type 'VideoAnnotationEngine'.

268                     await videoEngineRef.current.init();
                                                     ~~~~

ai-platforms/annotateai/src/workbench/AnnotationWorkbench.tsx:294:37 - error TS2339: Property 'cleanup' does not exist on type 'ImageAnnotationEngine'.

294             imageEngineRef.current?.cleanup();
                                        ~~~~~~~

ai-platforms/annotateai/src/workbench/AnnotationWorkbench.tsx:295:37 - error TS2339: Property 'cleanup' does not exist on type 'VideoAnnotationEngine'.

295             videoEngineRef.current?.cleanup();
                                        ~~~~~~~

ai-platforms/annotateai/src/workbench/AnnotationWorkbench.tsx:559:62 - error TS2341: Property 'runAIPreAnnotation' is private and only accessible within class 'ImageAnnotationEngine'.

559             const suggestions = await imageEngineRef.current.runAIPreAnnotation?.(session.id);
                                                                 ~~~~~~~~~~~~~~~~~~

ai-platforms/annotateai/src/workbench/AnnotationWorkbench.tsx:560:30 - error TS1345: An expression of type 'void' cannot be tested for truthiness.

560             setAISuggestions(suggestions || []);
                                 ~~~~~~~~~~~

ai-platforms/annotateai/src/workbench/AnnotationWorkbench.tsx:760:21 - error TS2322: Type '{ children: Element[]; variant: string; size: string; onClick: () => void; className: string; }' is not assignable to type 'IntrinsicAttributes & ButtonProps & RefAttributes<HTMLButtonElement>'.
  Property 'variant' does not exist on type 'IntrinsicAttributes & ButtonProps & RefAttributes<HTMLButtonElement>'.

760                     variant="outline"
                        ~~~~~~~

ai-platforms/annotateai/src/workbench/AnnotationWorkbench.tsx:770:21 - error TS2322: Type '{ children: Element[]; variant: string; size: string; onClick: () => void; className: string; }' is not assignable to type 'IntrinsicAttributes & ButtonProps & RefAttributes<HTMLButtonElement>'.
  Property 'variant' does not exist on type 'IntrinsicAttributes & ButtonProps & RefAttributes<HTMLButtonElement>'.

770                     variant="outline"
                        ~~~~~~~

ai-platforms/annotateai/src/workbench/AnnotationWorkbench.tsx:780:21 - error TS2322: Type '{ children: Element; variant: string; size: string; className: string; }' is not assignable to type 'IntrinsicAttributes & ButtonProps & RefAttributes<HTMLButtonElement>'.
  Property 'variant' does not exist on type 'IntrinsicAttributes & ButtonProps & RefAttributes<HTMLButtonElement>'.

780                     variant="outline"
                        ~~~~~~~

ai-platforms/annotateai/src/workbench/AnnotationWorkbench.tsx:803:33 - error TS2322: Type '{ children: string; key: string; variant: string; onClick: () => void; className: string; }' is not assignable to type 'IntrinsicAttributes & ButtonProps & RefAttributes<HTMLButtonElement>'.
  Property 'variant' does not exist on type 'IntrinsicAttributes & ButtonProps & RefAttributes<HTMLButtonElement>'.

803                                 variant="outline"
                                    ~~~~~~~

ai-platforms/annotateai/src/workbench/AnnotationWorkbench.tsx:835:29 - error TS2322: Type '{ children: Element; variant: string; size: string; className: string; onClick: () => void; }' is not assignable to type 'IntrinsicAttributes & ButtonProps & RefAttributes<HTMLButtonElement>'.
  Property 'variant' does not exist on type 'IntrinsicAttributes & ButtonProps & RefAttributes<HTMLButtonElement>'.

835                             variant={tool.active ? "default" : "ghost"}
                                ~~~~~~~

ai-platforms/annotateai/src/workbench/AnnotationWorkbench.tsx:840:44 - error TS2322: Type '{ className: string; }' is not assignable to type 'IntrinsicAttributes'.
  Property 'className' does not exist on type 'IntrinsicAttributes'.

840                             <IconComponent className="w-5 h-5" />
                                               ~~~~~~~~~

ai-platforms/annotateai/src/workbench/AnnotationWorkbench.tsx:850:21 - error TS2322: Type '{ children: Element; variant: string; size: string; className: string; onClick: () => void; disabled: boolean; }' is not assignable to type 'IntrinsicAttributes & ButtonProps & RefAttributes<HTMLButtonElement>'.
  Property 'variant' does not exist on type 'IntrinsicAttributes & ButtonProps & RefAttributes<HTMLButtonElement>'.

850                     variant="outline"
                        ~~~~~~~

ai-platforms/annotateai/src/workbench/AnnotationWorkbench.tsx:897:29 - error TS2322: Type '{ children: Element; variant: string; size: string; className: string; onClick: () => void; }' is not assignable to type 'IntrinsicAttributes & ButtonProps & RefAttributes<HTMLButtonElement>'.
  Property 'variant' does not exist on type 'IntrinsicAttributes & ButtonProps & RefAttributes<HTMLButtonElement>'.

897                             variant="ghost"
                                ~~~~~~~

ai-platforms/annotateai/src/workbench/AnnotationWorkbench.tsx:913:29 - error TS2322: Type '{ children: Element; variant: string; size: string; className: string; onClick: () => void; }' is not assignable to type 'IntrinsicAttributes & ButtonProps & RefAttributes<HTMLButtonElement>'.
  Property 'variant' does not exist on type 'IntrinsicAttributes & ButtonProps & RefAttributes<HTMLButtonElement>'.

913                             variant="ghost"
                                ~~~~~~~

ai-platforms/annotateai/src/workbench/AnnotationWorkbench.tsx:928:29 - error TS2322: Type '{ children: Element; variant: string; size: string; className: string; onClick: () => void; }' is not assignable to type 'IntrinsicAttributes & ButtonProps & RefAttributes<HTMLButtonElement>'.
  Property 'variant' does not exist on type 'IntrinsicAttributes & ButtonProps & RefAttributes<HTMLButtonElement>'.

928                             variant={viewport.showGrid ? "default" : "ghost"}
                                ~~~~~~~

ai-platforms/annotateai/src/workbench/AnnotationWorkbench.tsx:940:29 - error TS2322: Type '{ children: Element; variant: string; size: string; className: string; onClick: () => void; }' is not assignable to type 'IntrinsicAttributes & ButtonProps & RefAttributes<HTMLButtonElement>'.
  Property 'variant' does not exist on type 'IntrinsicAttributes & ButtonProps & RefAttributes<HTMLButtonElement>'.

940                             variant={viewport.showAnnotations ? "default" : "ghost"}
                                ~~~~~~~

ai-platforms/annotateai/src/workbench/AnnotationWorkbench.tsx:958:33 - error TS2322: Type '{ children: Element; variant: string; size: string; className: string; onClick: () => void; }' is not assignable to type 'IntrinsicAttributes & ButtonProps & RefAttributes<HTMLButtonElement>'.
  Property 'variant' does not exist on type 'IntrinsicAttributes & ButtonProps & RefAttributes<HTMLButtonElement>'.

958                                 variant="ghost"
                                    ~~~~~~~

ai-platforms/annotateai/src/workbench/AnnotationWorkbench.tsx:967:33 - error TS2322: Type '{ children: Element; variant: string; size: string; className: string; onClick: () => void; }' is not assignable to type 'IntrinsicAttributes & ButtonProps & RefAttributes<HTMLButtonElement>'.
  Property 'variant' does not exist on type 'IntrinsicAttributes & ButtonProps & RefAttributes<HTMLButtonElement>'.

967                                 variant="ghost"
                                    ~~~~~~~

ai-platforms/annotateai/src/workbench/AnnotationWorkbench.tsx:980:33 - error TS2322: Type '{ children: Element; variant: string; size: string; className: string; onClick: () => void; }' is not assignable to type 'IntrinsicAttributes & ButtonProps & RefAttributes<HTMLButtonElement>'.
  Property 'variant' does not exist on type 'IntrinsicAttributes & ButtonProps & RefAttributes<HTMLButtonElement>'.

980                                 variant="ghost"
                                    ~~~~~~~

ai-platforms/annotateai/src/workbench/AnnotationWorkbench.tsx:1205:21 - error TS2322: Type '{ children: string; variant: string; size: string; onClick: () => void; }' is not assignable to type 'IntrinsicAttributes & ButtonProps & RefAttributes<HTMLButtonElement>'.
  Property 'variant' does not exist on type 'IntrinsicAttributes & ButtonProps & RefAttributes<HTMLButtonElement>'.

1205                     variant="outline"
                         ~~~~~~~

ai-platforms/annotateai/src/workbench/AnnotationWorkbench.tsx:1283:21 - error TS2322: Type '{ children: string; variant: string; size: string; onClick: () => void; disabled: boolean; }' is not assignable to type 'IntrinsicAttributes & ButtonProps & RefAttributes<HTMLButtonElement>'.
  Property 'variant' does not exist on type 'IntrinsicAttributes & ButtonProps & RefAttributes<HTMLButtonElement>'.

1283                     variant="outline"
                         ~~~~~~~

ai-platforms/bioai/src/components/BioAIDashboard.tsx:2:10 - error TS2440: Import declaration conflicts with local declaration of 'GlassCard'.

2 import { GlassCard } from '@shared/ui/components';
           ~~~~~~~~~

ai-platforms/climateai/src/components/ClimateAIDashboard.tsx:2:10 - error TS2440: Import declaration conflicts with local declaration of 'GlassCard'.

2 import { GlassCard } from '@shared/ui/components';
           ~~~~~~~~~

ai-platforms/medsight-pro/src/g3d-3d/G3DParticleSystem.ts:818:23 - error TS2339: Property 'cleanup' does not exist on type 'BufferGeometry<NormalBufferAttributes>'.

818         this.geometry.cleanup();
                          ~~~~~~~

ai-platforms/medsight-pro/src/g3d-3d/G3DParticleSystem.ts:819:23 - error TS2339: Property 'cleanup' does not exist on type 'PointsMaterial'.

819         this.material.cleanup();
                          ~~~~~~~

ai-platforms/medsight-pro/src/g3d-3d/G3DParticleSystem.ts:821:56 - error TS2339: Property 'cleanup' does not exist on type 'DataTexture'.

821         if (this.positionTexture) this.positionTexture.cleanup();
                                                           ~~~~~~~

ai-platforms/medsight-pro/src/g3d-3d/G3DParticleSystem.ts:822:56 - error TS2339: Property 'cleanup' does not exist on type 'DataTexture'.

822         if (this.velocityTexture) this.velocityTexture.cleanup();
                                                           ~~~~~~~

ai-platforms/medsight-pro/src/g3d-3d/G3DParticleSystem.ts:823:54 - error TS2339: Property 'cleanup' does not exist on type 'DataTexture'.

823         if (this.medicalTexture) this.medicalTexture.cleanup();
                                                         ~~~~~~~

ai-platforms/medsight-pro/src/g3d-3d/G3DPhysicsIntegration.ts:816:54 - error TS2339: Property 'cleanup' does not exist on type 'SoftBodyEngine'.

816         if (this.softBodyEngine) this.softBodyEngine.cleanup();
                                                         ~~~~~~~

ai-platforms/medsight-pro/src/g3d-3d/G3DPhysicsIntegration.ts:817:52 - error TS2339: Property 'cleanup' does not exist on type 'FluidDynamicsEngine'.

817         if (this.fluidDynamics) this.fluidDynamics.cleanup();
                                                       ~~~~~~~

ai-platforms/medsight-pro/src/g3d-3d/G3DPhysicsIntegration.ts:818:50 - error TS2339: Property 'cleanup' does not exist on type 'BiomechanicsEngine'.

818         if (this.biomechanics) this.biomechanics.cleanup();
                                                     ~~~~~~~

ai-platforms/medsight-pro/src/g3d-3d/G3DPhysicsIntegration.ts:819:54 - error TS2339: Property 'cleanup' does not exist on type 'MedicalDevicePhysics'.

819         if (this.medicalDevices) this.medicalDevices.cleanup();
                                                         ~~~~~~~

ai-platforms/medsight-pro/src/g3d-3d/G3DPhysicsIntegration.ts:820:62 - error TS2339: Property 'cleanup' does not exist on type 'TherapeuticPhysicsEngine'.

820         if (this.therapeuticPhysics) this.therapeuticPhysics.cleanup();
                                                                 ~~~~~~~

ai-platforms/medsight-pro/src/g3d-3d/G3DSceneGraph.ts:741:19 - error TS2339: Property 'cleanup' does not exist on type 'G3DSceneNode'.

741             child.cleanup();
                      ~~~~~~~

ai-platforms/medsight-pro/src/g3d-3d/G3DSceneGraph.ts:1161:23 - error TS2339: Property 'cleanup' does not exist on type 'G3DSceneNode'.

1161         this.rootNode.cleanup();
                           ~~~~~~~

ai-platforms/medsight-pro/src/g3d-ai/G3DAIInferenceEngine.ts:633:20 - error TS2339: Property 'normalize' does not exist on type '{}'.

633         if (config.normalize) {
                       ~~~~~~~~~

ai-platforms/medsight-pro/src/g3d-ai/G3DAIInferenceEngine.ts:644:20 - error TS2339: Property 'windowing' does not exist on type '{}'.

644         if (config.windowing) {
                       ~~~~~~~~~

ai-platforms/medsight-pro/src/g3d-ai/G3DAIInferenceEngine.ts:645:46 - error TS2339: Property 'windowing' does not exist on type '{}'.

645             const { center, width } = config.windowing;
                                                 ~~~~~~~~~

ai-platforms/medsight-pro/src/g3d-ai/G3DComputerVision.ts:548:13 - error TS2367: This comparison appears to be unintentional because the types '"gaussian" | "bilateral" | "wavelet" | "non_local_means" | "anisotropic_diffusion"' and '"none"' have no overlap.

548         if (config.noiseReduction.method !== 'none') {
                ~~~~~~~~~~~~~~~~~~~~~~~~~~~~~~~~~~~~~~~

ai-platforms/medsight-pro/src/g3d-enterprise/G3DEnterpriseManagement.ts:702:38 - error TS2339: Property 'init' does not exist on type 'G3DTenantManager'.

702             await this.tenantManager.init();
                                         ~~~~

ai-platforms/medsight-pro/src/g3d-enterprise/G3DEnterpriseManagement.ts:706:36 - error TS2339: Property 'init' does not exist on type 'G3DUserManager'.

706             await this.userManager.init();
                                       ~~~~

ai-platforms/medsight-pro/src/g3d-enterprise/G3DEnterpriseManagement.ts:711:43 - error TS2339: Property 'init' does not exist on type 'G3DLicenseManager'.

711                 await this.licenseManager.init();
                                              ~~~~

ai-platforms/medsight-pro/src/g3d-enterprise/G3DEnterpriseManagement.ts:717:46 - error TS2339: Property 'init' does not exist on type 'G3DEnterpriseComplianceManager'.

717                 await this.complianceManager.init();
                                                 ~~~~

ai-platforms/medsight-pro/src/g3d-enterprise/G3DEnterpriseManagement.ts:723:44 - error TS2339: Property 'init' does not exist on type 'G3DEnterpriseSecurityManager'.

723                 await this.securityManager.init();
                                               ~~~~

ai-platforms/medsight-pro/src/g3d-enterprise/G3DEnterpriseManagement.ts:1241:32 - error TS2339: Property 'cleanup' does not exist on type 'G3DTenantManager'.

1241             this.tenantManager.cleanup();
                                    ~~~~~~~

ai-platforms/medsight-pro/src/g3d-enterprise/G3DEnterpriseManagement.ts:1246:30 - error TS2339: Property 'cleanup' does not exist on type 'G3DUserManager'.

1246             this.userManager.cleanup();
                                  ~~~~~~~

ai-platforms/medsight-pro/src/g3d-enterprise/G3DEnterpriseManagement.ts:1251:33 - error TS2339: Property 'cleanup' does not exist on type 'G3DLicenseManager'.

1251             this.licenseManager.cleanup();
                                     ~~~~~~~

ai-platforms/medsight-pro/src/g3d-enterprise/G3DEnterpriseManagement.ts:1256:36 - error TS2339: Property 'cleanup' does not exist on type 'G3DEnterpriseComplianceManager'.

1256             this.complianceManager.cleanup();
                                        ~~~~~~~

ai-platforms/medsight-pro/src/g3d-enterprise/G3DEnterpriseManagement.ts:1261:34 - error TS2339: Property 'cleanup' does not exist on type 'G3DEnterpriseSecurityManager'.

1261             this.securityManager.cleanup();
                                      ~~~~~~~

ai-platforms/medsight-pro/src/g3d-enterprise/index.ts:109:57 - error TS2339: Property 'init' does not exist on type 'G3DEnterpriseManagement'.

109             initPromises.push(this.enterpriseManagement.init());
                                                            ~~~~

ai-platforms/medsight-pro/src/g3d-enterprise/index.ts:113:61 - error TS2339: Property 'init' does not exist on type 'G3DProductionInfrastructure'.

113             initPromises.push(this.productionInfrastructure.init());
                                                                ~~~~

ai-platforms/medsight-pro/src/g3d-enterprise/index.ts:117:51 - error TS2339: Property 'init' does not exist on type 'G3DEnterpriseSecurityCenter'.

117             initPromises.push(this.securityCenter.init());
                                                      ~~~~

ai-platforms/medsight-pro/src/g3d-enterprise/index.ts:121:50 - error TS2339: Property 'init' does not exist on type 'G3DGlobalScaling'.

121             initPromises.push(this.globalScaling.init());
                                                     ~~~~

ai-platforms/medsight-pro/src/g3d-enterprise/index.ts:125:56 - error TS2339: Property 'init' does not exist on type 'G3DEnterpriseReporting'.

125             initPromises.push(this.enterpriseReporting.init());
                                                           ~~~~

ai-platforms/medsight-pro/src/g3d-enterprise/index.ts:129:57 - error TS2339: Property 'init' does not exist on type 'G3DBusinessIntelligence'.

129             initPromises.push(this.businessIntelligence.init());
                                                            ~~~~

ai-platforms/medsight-pro/src/g3d-enterprise/index.ts:247:39 - error TS2339: Property 'cleanup' does not exist on type 'G3DEnterpriseManagement'.

247             this.enterpriseManagement.cleanup();
                                          ~~~~~~~

ai-platforms/medsight-pro/src/g3d-enterprise/index.ts:252:43 - error TS2339: Property 'cleanup' does not exist on type 'G3DProductionInfrastructure'.

252             this.productionInfrastructure.cleanup();
                                              ~~~~~~~

ai-platforms/medsight-pro/src/g3d-enterprise/index.ts:257:33 - error TS2339: Property 'cleanup' does not exist on type 'G3DEnterpriseSecurityCenter'.

257             this.securityCenter.cleanup();
                                    ~~~~~~~

ai-platforms/medsight-pro/src/g3d-enterprise/index.ts:262:32 - error TS2339: Property 'cleanup' does not exist on type 'G3DGlobalScaling'.

262             this.globalScaling.cleanup();
                                   ~~~~~~~

ai-platforms/medsight-pro/src/g3d-enterprise/index.ts:267:38 - error TS2339: Property 'cleanup' does not exist on type 'G3DEnterpriseReporting'.

267             this.enterpriseReporting.cleanup();
                                         ~~~~~~~

ai-platforms/medsight-pro/src/g3d-enterprise/index.ts:272:39 - error TS2339: Property 'cleanup' does not exist on type 'G3DBusinessIntelligence'.

272             this.businessIntelligence.cleanup();
                                          ~~~~~~~

ai-platforms/medsight-pro/src/g3d-enterprise/index.ts:317:5 - error TS1205: Re-exporting a type when 'isolatedModules' is enabled requires using 'export type'.

317     G3DEnterpriseConfig,
        ~~~~~~~~~~~~~~~~~~~

ai-platforms/medsight-pro/src/g3d-enterprise/index.ts:318:5 - error TS1205: Re-exporting a type when 'isolatedModules' is enabled requires using 'export type'.

318     G3DInfrastructureConfig,
        ~~~~~~~~~~~~~~~~~~~~~~~

ai-platforms/medsight-pro/src/g3d-enterprise/index.ts:319:5 - error TS1205: Re-exporting a type when 'isolatedModules' is enabled requires using 'export type'.

319     G3DSecurityConfig,
        ~~~~~~~~~~~~~~~~~

ai-platforms/medsight-pro/src/g3d-enterprise/index.ts:320:5 - error TS1205: Re-exporting a type when 'isolatedModules' is enabled requires using 'export type'.

320     G3DGlobalConfig,
        ~~~~~~~~~~~~~~~

ai-platforms/medsight-pro/src/g3d-enterprise/index.ts:321:5 - error TS1205: Re-exporting a type when 'isolatedModules' is enabled requires using 'export type'.

321     G3DReportingConfig,
        ~~~~~~~~~~~~~~~~~~

ai-platforms/medsight-pro/src/g3d-enterprise/index.ts:322:5 - error TS1205: Re-exporting a type when 'isolatedModules' is enabled requires using 'export type'.

322     G3DBIConfig,
        ~~~~~~~~~~~

ai-platforms/medsight-pro/src/g3d-enterprise/index.ts:325:5 - error TS1205: Re-exporting a type when 'isolatedModules' is enabled requires using 'export type'.

325     G3DTenant,
        ~~~~~~~~~

ai-platforms/medsight-pro/src/g3d-enterprise/index.ts:326:5 - error TS1205: Re-exporting a type when 'isolatedModules' is enabled requires using 'export type'.

326     G3DEnterpriseUser,
        ~~~~~~~~~~~~~~~~~

ai-platforms/medsight-pro/src/g3d-enterprise/index.ts:327:5 - error TS1205: Re-exporting a type when 'isolatedModules' is enabled requires using 'export type'.

327     G3DInfrastructureMetrics,
        ~~~~~~~~~~~~~~~~~~~~~~~~

ai-platforms/medsight-pro/src/g3d-enterprise/index.ts:328:5 - error TS1205: Re-exporting a type when 'isolatedModules' is enabled requires using 'export type'.

328     G3DThreatIntelligence,
        ~~~~~~~~~~~~~~~~~~~~~

ai-platforms/medsight-pro/src/g3d-enterprise/index.ts:329:5 - error TS1205: Re-exporting a type when 'isolatedModules' is enabled requires using 'export type'.

329     G3DSecurityIncident,
        ~~~~~~~~~~~~~~~~~~~

ai-platforms/medsight-pro/src/g3d-enterprise/index.ts:330:5 - error TS1205: Re-exporting a type when 'isolatedModules' is enabled requires using 'export type'.

330     G3DRegionStatus,
        ~~~~~~~~~~~~~~~

ai-platforms/medsight-pro/src/g3d-enterprise/index.ts:331:5 - error TS1205: Re-exporting a type when 'isolatedModules' is enabled requires using 'export type'.

331     G3DScalingMetrics,
        ~~~~~~~~~~~~~~~~~

ai-platforms/medsight-pro/src/g3d-enterprise/index.ts:332:5 - error TS1205: Re-exporting a type when 'isolatedModules' is enabled requires using 'export type'.

332     G3DReport,
        ~~~~~~~~~

ai-platforms/medsight-pro/src/g3d-enterprise/index.ts:333:5 - error TS1205: Re-exporting a type when 'isolatedModules' is enabled requires using 'export type'.

333     G3DDashboard,
        ~~~~~~~~~~~~

ai-platforms/medsight-pro/src/g3d-enterprise/index.ts:334:5 - error TS1205: Re-exporting a type when 'isolatedModules' is enabled requires using 'export type'.

334     G3DInsight,
        ~~~~~~~~~~

ai-platforms/medsight-pro/src/g3d-enterprise/index.ts:335:5 - error TS1205: Re-exporting a type when 'isolatedModules' is enabled requires using 'export type'.

335     G3DPrediction
        ~~~~~~~~~~~~~

ai-platforms/medsight-pro/src/g3d-medical-integration/G3DMedicalAnalytics.ts:326:41 - error TS2339: Property 'init' does not exist on type 'G3DMetricsCollector'.

326             await this.metricsCollector.init();
                                            ~~~~

ai-platforms/medsight-pro/src/g3d-medical-integration/G3DMedicalAnalytics.ts:331:42 - error TS2339: Property 'init' does not exist on type 'G3DMedicalInsightEngine'.

331                 await this.insightEngine.init();
                                             ~~~~

ai-platforms/medsight-pro/src/g3d-medical-integration/G3DMedicalAnalytics.ts:337:44 - error TS2339: Property 'init' does not exist on type 'G3DReportGenerator'.

337                 await this.reportGenerator.init();
                                               ~~~~

ai-platforms/medsight-pro/src/g3d-medical-integration/G3DMedicalAnalytics.ts:342:37 - error TS2339: Property 'init' does not exist on type 'G3DAlertManager'.

342             await this.alertManager.init();
                                        ~~~~

ai-platforms/medsight-pro/src/g3d-medical-integration/G3DMedicalAnalytics.ts:868:35 - error TS2339: Property 'cleanup' does not exist on type 'G3DMetricsCollector'.

868             this.metricsCollector.cleanup();
                                      ~~~~~~~

ai-platforms/medsight-pro/src/g3d-medical-integration/G3DMedicalAnalytics.ts:873:32 - error TS2339: Property 'cleanup' does not exist on type 'G3DMedicalInsightEngine'.

873             this.insightEngine.cleanup();
                                   ~~~~~~~

ai-platforms/medsight-pro/src/g3d-medical-integration/G3DMedicalAnalytics.ts:878:34 - error TS2339: Property 'cleanup' does not exist on type 'G3DReportGenerator'.

878             this.reportGenerator.cleanup();
                                     ~~~~~~~

ai-platforms/medsight-pro/src/g3d-medical-integration/G3DMedicalAnalytics.ts:883:31 - error TS2339: Property 'cleanup' does not exist on type 'G3DAlertManager'.

883             this.alertManager.cleanup();
                                  ~~~~~~~

ai-platforms/medsight-pro/src/g3d-medical-integration/G3DMedicalAPI.ts:183:46 - error TS2339: Property 'init' does not exist on type 'G3DAuthenticationManager'.

183             await this.authenticationManager.init();
                                                 ~~~~

ai-platforms/medsight-pro/src/g3d-medical-integration/G3DMedicalAPI.ts:187:42 - error TS2339: Property 'init' does not exist on type 'G3DValidationManager'.

187             await this.validationManager.init();
                                             ~~~~

ai-platforms/medsight-pro/src/g3d-medical-integration/G3DMedicalAPI.ts:191:37 - error TS2339: Property 'init' does not exist on type 'G3DAuditManager'.

191             await this.auditManager.init();
                                        ~~~~

ai-platforms/medsight-pro/src/g3d-medical-integration/G3DMedicalAPI.ts:196:46 - error TS2339: Property 'init' does not exist on type 'G3DEncryptionManager'.

196                 await this.encryptionManager.init();
                                                 ~~~~

ai-platforms/medsight-pro/src/g3d-medical-integration/G3DMedicalAPI.ts:1002:40 - error TS2339: Property 'cleanup' does not exist on type 'G3DAuthenticationManager'.

1002             this.authenticationManager.cleanup();
                                            ~~~~~~~

ai-platforms/medsight-pro/src/g3d-medical-integration/G3DMedicalAPI.ts:1007:36 - error TS2339: Property 'cleanup' does not exist on type 'G3DValidationManager'.

1007             this.validationManager.cleanup();
                                        ~~~~~~~

ai-platforms/medsight-pro/src/g3d-medical-integration/G3DMedicalAPI.ts:1012:31 - error TS2339: Property 'cleanup' does not exist on type 'G3DAuditManager'.

1012             this.auditManager.cleanup();
                                   ~~~~~~~

ai-platforms/medsight-pro/src/g3d-medical-integration/G3DMedicalAPI.ts:1017:36 - error TS2339: Property 'cleanup' does not exist on type 'G3DEncryptionManager'.

1017             this.encryptionManager.cleanup();
                                        ~~~~~~~

ai-platforms/medsight-pro/src/g3d-medical-integration/G3DMedicalDataPipeline.ts:215:41 - error TS2339: Property 'init' does not exist on type 'G3DExtractionEngine'.

215             await this.extractionEngine.init();
                                            ~~~~

ai-platforms/medsight-pro/src/g3d-medical-integration/G3DMedicalDataPipeline.ts:219:45 - error TS2339: Property 'init' does not exist on type 'G3DTransformationEngine'.

219             await this.transformationEngine.init();
                                                ~~~~

ai-platforms/medsight-pro/src/g3d-medical-integration/G3DMedicalDataPipeline.ts:223:38 - error TS2339: Property 'init' does not exist on type 'G3DLoadingEngine'.

223             await this.loadingEngine.init();
                                         ~~~~

ai-platforms/medsight-pro/src/g3d-medical-integration/G3DMedicalDataPipeline.ts:228:45 - error TS2339: Property 'init' does not exist on type 'G3DValidationEngine'.

228                 await this.validationEngine.init();
                                                ~~~~

ai-platforms/medsight-pro/src/g3d-medical-integration/G3DMedicalDataPipeline.ts:234:42 - error TS2339: Property 'init' does not exist on type 'G3DQualityEngine'.

234                 await this.qualityEngine.init();
                                             ~~~~

ai-platforms/medsight-pro/src/g3d-medical-integration/G3DMedicalDataPipeline.ts:669:35 - error TS2339: Property 'cleanup' does not exist on type 'G3DExtractionEngine'.

669             this.extractionEngine.cleanup();
                                      ~~~~~~~

ai-platforms/medsight-pro/src/g3d-medical-integration/G3DMedicalDataPipeline.ts:674:39 - error TS2339: Property 'cleanup' does not exist on type 'G3DTransformationEngine'.

674             this.transformationEngine.cleanup();
                                          ~~~~~~~

ai-platforms/medsight-pro/src/g3d-medical-integration/G3DMedicalDataPipeline.ts:679:32 - error TS2339: Property 'cleanup' does not exist on type 'G3DLoadingEngine'.

679             this.loadingEngine.cleanup();
                                   ~~~~~~~

ai-platforms/medsight-pro/src/g3d-medical-integration/G3DMedicalDataPipeline.ts:684:35 - error TS2339: Property 'cleanup' does not exist on type 'G3DValidationEngine'.

684             this.validationEngine.cleanup();
                                      ~~~~~~~

ai-platforms/medsight-pro/src/g3d-medical-integration/G3DMedicalDataPipeline.ts:689:32 - error TS2339: Property 'cleanup' does not exist on type 'G3DQualityEngine'.

689             this.qualityEngine.cleanup();
                                   ~~~~~~~

ai-platforms/medsight-pro/src/g3d-medical-integration/G3DMedicalDeployment.ts:281:46 - error TS2339: Property 'init' does not exist on type 'G3DInfrastructureManager'.

281             await this.infrastructureManager.init();
                                                 ~~~~

ai-platforms/medsight-pro/src/g3d-medical-integration/G3DMedicalDeployment.ts:285:42 - error TS2339: Property 'init' does not exist on type 'G3DComplianceManager'.

285             await this.complianceManager.init();
                                             ~~~~

ai-platforms/medsight-pro/src/g3d-medical-integration/G3DMedicalDeployment.ts:289:40 - error TS2339: Property 'init' does not exist on type 'G3DDeploymentSecurityManager'.

289             await this.securityManager.init();
                                           ~~~~

ai-platforms/medsight-pro/src/g3d-medical-integration/G3DMedicalDeployment.ts:293:42 - error TS2339: Property 'init' does not exist on type 'G3DDeploymentMonitoringManager'.

293             await this.monitoringManager.init();
                                             ~~~~

ai-platforms/medsight-pro/src/g3d-medical-integration/G3DMedicalDeployment.ts:878:40 - error TS2339: Property 'cleanup' does not exist on type 'G3DInfrastructureManager'.

878             this.infrastructureManager.cleanup();
                                           ~~~~~~~

ai-platforms/medsight-pro/src/g3d-medical-integration/G3DMedicalDeployment.ts:883:36 - error TS2339: Property 'cleanup' does not exist on type 'G3DComplianceManager'.

883             this.complianceManager.cleanup();
                                       ~~~~~~~

ai-platforms/medsight-pro/src/g3d-medical-integration/G3DMedicalDeployment.ts:888:34 - error TS2339: Property 'cleanup' does not exist on type 'G3DDeploymentSecurityManager'.

888             this.securityManager.cleanup();
                                     ~~~~~~~

ai-platforms/medsight-pro/src/g3d-medical-integration/G3DMedicalDeployment.ts:893:36 - error TS2339: Property 'cleanup' does not exist on type 'G3DDeploymentMonitoringManager'.

893             this.monitoringManager.cleanup();
                                       ~~~~~~~

ai-platforms/medsight-pro/src/g3d-medical-integration/G3DMedicalOrchestrator.ts:245:35 - error TS2339: Property 'init' does not exist on type 'G3DWorkflowEngine'.

245         await this.workflowEngine.init();
                                      ~~~~

ai-platforms/medsight-pro/src/g3d-medical-integration/G3DMedicalOrchestrator.ts:249:36 - error TS2339: Property 'init' does not exist on type 'G3DResourceManager'.

249         await this.resourceManager.init();
                                       ~~~~

ai-platforms/medsight-pro/src/g3d-medical-integration/G3DMedicalOrchestrator.ts:253:36 - error TS2339: Property 'init' does not exist on type 'G3DSecurityManager'.

253         await this.securityManager.init();
                                       ~~~~

ai-platforms/medsight-pro/src/g3d-medical-integration/G3DMedicalOrchestrator.ts:257:36 - error TS2339: Property 'init' does not exist on type 'G3DAnalyticsEngine'.

257         await this.analyticsEngine.init();
                                       ~~~~

ai-platforms/medsight-pro/src/g3d-medical-integration/G3DMedicalOrchestrator.ts:265:37 - error TS2554: Expected 1-2 arguments, but got 0.

265             const medicalRenderer = new G3DMedicalRenderer();
                                        ~~~~~~~~~~~~~~~~~~~~~~~~

  ai-platforms/medsight-pro/src/g3d-medical/G3DMedicalRenderer.ts:657:17
    657     constructor(canvas: HTMLCanvasElement, config: Partial<G3DMedicalRenderingConfig> = {}) {
                        ~~~~~~~~~~~~~~~~~~~~~~~~~
    An argument for 'canvas' was not provided.

ai-platforms/medsight-pro/src/g3d-medical-integration/G3DMedicalOrchestrator.ts:266:35 - error TS2339: Property 'init' does not exist on type 'G3DMedicalRenderer'.

266             await medicalRenderer.init();
                                      ~~~~

ai-platforms/medsight-pro/src/g3d-medical-integration/G3DMedicalOrchestrator.ts:271:36 - error TS2554: Expected 1-2 arguments, but got 0.

271             const volumeRenderer = new G3DVolumeRenderer();
                                       ~~~~~~~~~~~~~~~~~~~~~~~

  ai-platforms/medsight-pro/src/g3d-medical/G3DVolumeRenderer.ts:406:17
    406     constructor(gl: WebGL2RenderingContext, config: Partial<G3DVolumeRenderingConfig> = {}) {
                        ~~~~~~~~~~~~~~~~~~~~~~~~~~
    An argument for 'gl' was not provided.

ai-platforms/medsight-pro/src/g3d-medical-integration/G3DMedicalOrchestrator.ts:272:34 - error TS2339: Property 'init' does not exist on type 'G3DVolumeRenderer'.

272             await volumeRenderer.init();
                                     ~~~~

ai-platforms/medsight-pro/src/g3d-medical-integration/G3DMedicalOrchestrator.ts:278:34 - error TS2339: Property 'init' does not exist on type 'G3DDICOMParser'.

278             await dicomProcessor.init();
                                     ~~~~

ai-platforms/medsight-pro/src/g3d-medical-integration/G3DMedicalOrchestrator.ts:289:25 - error TS2339: Property 'init' does not exist on type 'G3DMedicalAI'.

289         await medicalAI.init();
                            ~~~~

ai-platforms/medsight-pro/src/g3d-medical-integration/G3DMedicalOrchestrator.ts:295:30 - error TS2339: Property 'init' does not exist on type 'G3DComputerVision'.

295         await computerVision.init();
                                 ~~~~

ai-platforms/medsight-pro/src/g3d-medical-integration/G3DMedicalOrchestrator.ts:301:30 - error TS2339: Property 'init' does not exist on type 'G3DNeuralNetworks'.

301         await neuralNetworks.init();
                                 ~~~~

ai-platforms/medsight-pro/src/g3d-medical-integration/G3DMedicalOrchestrator.ts:310:30 - error TS2554: Expected 1-2 arguments, but got 0.

310         const spatialIndex = new G3DSpatialIndex();
                                 ~~~~~~~~~~~~~~~~~~~~~

  ai-platforms/medsight-pro/src/g3d-3d/G3DSpatialIndex.ts:643:17
    643     constructor(bounds: G3DBoundingBox, config: Partial<G3DSpatialIndexConfig> = {}) {
                        ~~~~~~~~~~~~~~~~~~~~~~
    An argument for 'bounds' was not provided.

ai-platforms/medsight-pro/src/g3d-medical-integration/G3DMedicalOrchestrator.ts:311:28 - error TS2339: Property 'init' does not exist on type 'G3DSpatialIndex'.

311         await spatialIndex.init();
                               ~~~~

ai-platforms/medsight-pro/src/g3d-medical-integration/G3DMedicalOrchestrator.ts:317:29 - error TS2339: Property 'init' does not exist on type 'G3DGeometryUtils'.

317         await geometryUtils.init();
                                ~~~~

ai-platforms/medsight-pro/src/g3d-medical-integration/G3DMedicalOrchestrator.ts:323:26 - error TS2339: Property 'init' does not exist on type 'G3DSceneGraph'.

323         await sceneGraph.init();
                             ~~~~

ai-platforms/medsight-pro/src/g3d-medical-integration/G3DMedicalOrchestrator.ts:332:56 - error TS2353: Object literal may only specify known properties, and 'device' does not exist in type 'Partial<G3DComputeConfig>'.

332         const computeShaders = new G3DComputeShaders({ device: 'gpu', shaderVersion: 'webgl2' });
                                                           ~~~~~~

ai-platforms/medsight-pro/src/g3d-medical-integration/G3DMedicalOrchestrator.ts:333:30 - error TS2339: Property 'init' does not exist on type 'G3DComputeShaders'.

333         await computeShaders.init();
                                 ~~~~

ai-platforms/medsight-pro/src/g3d-medical-integration/G3DMedicalOrchestrator.ts:339:34 - error TS2339: Property 'init' does not exist on type 'G3DPerformanceMonitor'.

339         await performanceMonitor.init();
                                     ~~~~

ai-platforms/medsight-pro/src/g3d-medical-integration/G3DMedicalOrchestrator.ts:345:29 - error TS2339: Property 'init' does not exist on type 'G3DMemoryManager'.

345         await memoryManager.init();
                                ~~~~

ai-platforms/medsight-pro/src/g3d-medical-integration/G3DMedicalOrchestrator.ts:355:25 - error TS2339: Property 'init' does not exist on type 'G3DMedicalXRManager'.

355         await xrManager.init();
                            ~~~~

ai-platforms/medsight-pro/src/g3d-medical-integration/G3DMedicalOrchestrator.ts:679:33 - error TS2339: Property 'cleanup' does not exist on type 'G3DWorkflowEngine'.

679             this.workflowEngine.cleanup();
                                    ~~~~~~~

ai-platforms/medsight-pro/src/g3d-medical-integration/G3DMedicalOrchestrator.ts:684:34 - error TS2339: Property 'cleanup' does not exist on type 'G3DResourceManager'.

684             this.resourceManager.cleanup();
                                     ~~~~~~~

ai-platforms/medsight-pro/src/g3d-medical-integration/G3DMedicalOrchestrator.ts:689:34 - error TS2339: Property 'cleanup' does not exist on type 'G3DSecurityManager'.

689             this.securityManager.cleanup();
                                     ~~~~~~~

ai-platforms/medsight-pro/src/g3d-medical-integration/G3DMedicalOrchestrator.ts:694:34 - error TS2339: Property 'cleanup' does not exist on type 'G3DAnalyticsEngine'.

694             this.analyticsEngine.cleanup();
                                     ~~~~~~~

ai-platforms/medsight-pro/src/g3d-medical-integration/index.ts:279:37 - error TS2339: Property 'init' does not exist on type 'G3DMedicalOrchestrator'.

279             await this.orchestrator.init();
                                        ~~~~

ai-platforms/medsight-pro/src/g3d-medical-integration/index.ts:295:35 - error TS2339: Property 'init' does not exist on type 'G3DMedicalDeployment'.

295             await this.deployment.init();
                                      ~~~~

ai-platforms/medsight-pro/src/g3d-medical-integration/index.ts:315:28 - error TS2339: Property 'init' does not exist on type 'G3DMedicalAPI'.

315             await this.api.init();
                               ~~~~

ai-platforms/medsight-pro/src/g3d-medical-integration/index.ts:333:37 - error TS2339: Property 'init' does not exist on type 'G3DMedicalDataPipeline'.

333             await this.dataPipeline.init();
                                        ~~~~

ai-platforms/medsight-pro/src/g3d-medical-integration/index.ts:350:34 - error TS2339: Property 'init' does not exist on type 'G3DMedicalAnalytics'.

350             await this.analytics.init();
                                     ~~~~

ai-platforms/medsight-pro/src/g3d-medical-integration/index.ts:528:31 - error TS2339: Property 'cleanup' does not exist on type 'G3DMedicalOrchestrator'.

528             this.orchestrator.cleanup();
                                  ~~~~~~~

ai-platforms/medsight-pro/src/g3d-medical-integration/index.ts:533:29 - error TS2339: Property 'cleanup' does not exist on type 'G3DMedicalDeployment'.

533             this.deployment.cleanup();
                                ~~~~~~~

ai-platforms/medsight-pro/src/g3d-medical-integration/index.ts:538:22 - error TS2339: Property 'cleanup' does not exist on type 'G3DMedicalAPI'.

538             this.api.cleanup();
                         ~~~~~~~

ai-platforms/medsight-pro/src/g3d-medical-integration/index.ts:543:31 - error TS2339: Property 'cleanup' does not exist on type 'G3DMedicalDataPipeline'.

543             this.dataPipeline.cleanup();
                                  ~~~~~~~

ai-platforms/medsight-pro/src/g3d-medical-integration/index.ts:548:28 - error TS2339: Property 'cleanup' does not exist on type 'G3DMedicalAnalytics'.

548             this.analytics.cleanup();
                               ~~~~~~~

ai-platforms/medsight-pro/src/g3d-medical-production/G3DMedicalEnterprise.ts:623:40 - error TS2339: Property 'init' does not exist on type 'G3DFacilityManager'.

623             await this.facilityManager.init();
                                           ~~~~

ai-platforms/medsight-pro/src/g3d-medical-production/G3DMedicalEnterprise.ts:627:39 - error TS2339: Property 'init' does not exist on type 'G3DNetworkManager'.

627             await this.networkManager.init();
                                          ~~~~

ai-platforms/medsight-pro/src/g3d-medical-production/G3DMedicalEnterprise.ts:631:42 - error TS2339: Property 'init' does not exist on type 'G3DEnterpriseComplianceManager'.

631             await this.complianceManager.init();
                                             ~~~~

ai-platforms/medsight-pro/src/g3d-medical-production/G3DMedicalEnterprise.ts:635:40 - error TS2339: Property 'init' does not exist on type 'G3DEnterpriseResourceManager'.

635             await this.resourceManager.init();
                                           ~~~~

ai-platforms/medsight-pro/src/g3d-medical-production/G3DMedicalEnterprise.ts:639:41 - error TS2339: Property 'init' does not exist on type 'G3DEnterpriseAnalyticsManager'.

639             await this.analyticsManager.init();
                                            ~~~~

ai-platforms/medsight-pro/src/g3d-medical-production/G3DMedicalEnterprise.ts:1114:34 - error TS2339: Property 'cleanup' does not exist on type 'G3DFacilityManager'.

1114             this.facilityManager.cleanup();
                                      ~~~~~~~

ai-platforms/medsight-pro/src/g3d-medical-production/G3DMedicalEnterprise.ts:1119:33 - error TS2339: Property 'cleanup' does not exist on type 'G3DNetworkManager'.

1119             this.networkManager.cleanup();
                                     ~~~~~~~

ai-platforms/medsight-pro/src/g3d-medical-production/G3DMedicalEnterprise.ts:1124:36 - error TS2339: Property 'cleanup' does not exist on type 'G3DEnterpriseComplianceManager'.

1124             this.complianceManager.cleanup();
                                        ~~~~~~~

ai-platforms/medsight-pro/src/g3d-medical-production/G3DMedicalEnterprise.ts:1129:34 - error TS2339: Property 'cleanup' does not exist on type 'G3DEnterpriseResourceManager'.

1129             this.resourceManager.cleanup();
                                      ~~~~~~~

ai-platforms/medsight-pro/src/g3d-medical-production/G3DMedicalEnterprise.ts:1134:35 - error TS2339: Property 'cleanup' does not exist on type 'G3DEnterpriseAnalyticsManager'.

1134             this.analyticsManager.cleanup();
                                       ~~~~~~~

ai-platforms/medsight-pro/src/g3d-medical-xr/G3DCollaborativeReview.ts:214:45 - error TS2339: Property 'init' does not exist on type 'G3DCommunicationManager'.

214             await this.communicationManager.init();
                                                ~~~~

ai-platforms/medsight-pro/src/g3d-medical-xr/G3DCollaborativeReview.ts:218:47 - error TS2339: Property 'init' does not exist on type 'G3DSynchronizationManager'.

218             await this.synchronizationManager.init();
                                                  ~~~~

ai-platforms/medsight-pro/src/g3d-medical-xr/G3DCollaborativeReview.ts:222:39 - error TS2339: Property 'init' does not exist on type 'G3DPrivacyManager'.

222             await this.privacyManager.init();
                                          ~~~~

ai-platforms/medsight-pro/src/g3d-medical-xr/G3DCollaborativeReview.ts:673:39 - error TS2339: Property 'cleanup' does not exist on type 'G3DCommunicationManager'.

673             this.communicationManager.cleanup();
                                          ~~~~~~~

ai-platforms/medsight-pro/src/g3d-medical-xr/G3DCollaborativeReview.ts:678:41 - error TS2339: Property 'cleanup' does not exist on type 'G3DSynchronizationManager'.

678             this.synchronizationManager.cleanup();
                                            ~~~~~~~

ai-platforms/medsight-pro/src/g3d-medical-xr/G3DCollaborativeReview.ts:683:33 - error TS2339: Property 'cleanup' does not exist on type 'G3DPrivacyManager'.

683             this.privacyManager.cleanup();
                                    ~~~~~~~

ai-platforms/medsight-pro/src/g3d-medical-xr/G3DHolographicImaging.ts:133:44 - error TS2339: Property 'init' does not exist on type 'G3DHolographicRenderer'.

133             await this.holographicRenderer.init();
                                               ~~~~

ai-platforms/medsight-pro/src/g3d-medical-xr/G3DHolographicImaging.ts:137:40 - error TS2339: Property 'init' does not exist on type 'G3DVolumeProcessor'.

137             await this.volumeProcessor.init();
                                           ~~~~

ai-platforms/medsight-pro/src/g3d-medical-xr/G3DHolographicImaging.ts:141:45 - error TS2339: Property 'init' does not exist on type 'G3DHolographicCollaboration'.

141             await this.collaborationManager.init();
                                                ~~~~

ai-platforms/medsight-pro/src/g3d-medical-xr/G3DHolographicImaging.ts:271:38 - error TS2339: Property 'cleanup' does not exist on type 'G3DHolographicRenderer'.

271             this.holographicRenderer.cleanup();
                                         ~~~~~~~

ai-platforms/medsight-pro/src/g3d-medical-xr/G3DHolographicImaging.ts:276:34 - error TS2339: Property 'cleanup' does not exist on type 'G3DVolumeProcessor'.

276             this.volumeProcessor.cleanup();
                                     ~~~~~~~

ai-platforms/medsight-pro/src/g3d-medical-xr/G3DHolographicImaging.ts:281:39 - error TS2339: Property 'cleanup' does not exist on type 'G3DHolographicCollaboration'.

281             this.collaborationManager.cleanup();
                                          ~~~~~~~

ai-platforms/medsight-pro/src/g3d-medical-xr/G3DMedicalAR.ts:282:40 - error TS2339: Property 'init' does not exist on type 'G3DMedicalARRenderer'.

282             await this.medicalRenderer.init();
                                           ~~~~

ai-platforms/medsight-pro/src/g3d-medical-xr/G3DMedicalAR.ts:286:40 - error TS2339: Property 'init' does not exist on type 'G3DARTrackingManager'.

286             await this.trackingManager.init();
                                           ~~~~

ai-platforms/medsight-pro/src/g3d-medical-xr/G3DMedicalAR.ts:989:34 - error TS2339: Property 'cleanup' does not exist on type 'G3DMedicalARRenderer'.

989             this.medicalRenderer.cleanup();
                                     ~~~~~~~

ai-platforms/medsight-pro/src/g3d-medical-xr/G3DMedicalAR.ts:994:34 - error TS2339: Property 'cleanup' does not exist on type 'G3DARTrackingManager'.

994             this.trackingManager.cleanup();
                                     ~~~~~~~

ai-platforms/medsight-pro/src/g3d-medical-xr/G3DMedicalHaptics.ts:256:42 - error TS2339: Property 'init' does not exist on type 'G3DForceRenderer'.

256                 await this.forceRenderer.init();
                                             ~~~~

ai-platforms/medsight-pro/src/g3d-medical-xr/G3DMedicalHaptics.ts:261:44 - error TS2339: Property 'init' does not exist on type 'G3DTactileRenderer'.

261                 await this.tactileRenderer.init();
                                               ~~~~

ai-platforms/medsight-pro/src/g3d-medical-xr/G3DMedicalHaptics.ts:266:44 - error TS2339: Property 'init' does not exist on type 'G3DThermalRenderer'.

266                 await this.thermalRenderer.init();
                                               ~~~~

ai-platforms/medsight-pro/src/g3d-medical-xr/G3DMedicalHaptics.ts:271:38 - error TS2339: Property 'init' does not exist on type 'G3DHapticSafetyMonitor'.

271             await this.safetyMonitor.init();
                                         ~~~~

ai-platforms/medsight-pro/src/g3d-medical-xr/G3DMedicalHaptics.ts:789:32 - error TS2339: Property 'cleanup' does not exist on type 'G3DForceRenderer'.

789             this.forceRenderer.cleanup();
                                   ~~~~~~~

ai-platforms/medsight-pro/src/g3d-medical-xr/G3DMedicalHaptics.ts:794:34 - error TS2339: Property 'cleanup' does not exist on type 'G3DTactileRenderer'.

794             this.tactileRenderer.cleanup();
                                     ~~~~~~~

ai-platforms/medsight-pro/src/g3d-medical-xr/G3DMedicalHaptics.ts:799:34 - error TS2339: Property 'cleanup' does not exist on type 'G3DThermalRenderer'.

799             this.thermalRenderer.cleanup();
                                     ~~~~~~~

ai-platforms/medsight-pro/src/g3d-medical-xr/G3DMedicalHaptics.ts:804:32 - error TS2339: Property 'cleanup' does not exist on type 'G3DHapticSafetyMonitor'.

804             this.safetyMonitor.cleanup();
                                   ~~~~~~~

ai-platforms/medsight-pro/src/g3d-medical-xr/G3DMedicalVR.ts:228:37 - error TS2339: Property 'init' does not exist on type 'G3DMedicalVRTools'.

228             await this.medicalTools.init();
                                        ~~~~

ai-platforms/medsight-pro/src/g3d-medical-xr/G3DMedicalVR.ts:233:49 - error TS2339: Property 'init' does not exist on type 'G3DVRCollaborationManager'.

233                 await this.collaborationManager.init();
                                                    ~~~~

ai-platforms/medsight-pro/src/g3d-medical-xr/G3DMedicalVR.ts:238:40 - error TS2339: Property 'init' does not exist on type 'G3DVRSessionRecorder'.

238             await this.sessionRecorder.init();
                                           ~~~~

ai-platforms/medsight-pro/src/g3d-medical-xr/G3DMedicalVR.ts:845:34 - error TS2339: Property 'cleanup' does not exist on type 'G3DVRSessionRecorder'.

845             this.sessionRecorder.cleanup();
                                     ~~~~~~~

ai-platforms/medsight-pro/src/g3d-medical-xr/G3DMedicalVR.ts:850:39 - error TS2339: Property 'cleanup' does not exist on type 'G3DVRCollaborationManager'.

850             this.collaborationManager.cleanup();
                                          ~~~~~~~

ai-platforms/medsight-pro/src/g3d-medical-xr/G3DMedicalVR.ts:855:31 - error TS2339: Property 'cleanup' does not exist on type 'G3DMedicalVRTools'.

855             this.medicalTools.cleanup();
                                  ~~~~~~~

ai-platforms/medsight-pro/src/g3d-medical-xr/index.ts:148:33 - error TS2339: Property 'init' does not exist on type 'G3DMedicalVR'.

148             await this.vrSystem.init();
                                    ~~~~

ai-platforms/medsight-pro/src/g3d-medical-xr/index.ts:152:33 - error TS2339: Property 'init' does not exist on type 'G3DMedicalAR'.

152             await this.arSystem.init();
                                    ~~~~

ai-platforms/medsight-pro/src/g3d-medical-xr/index.ts:156:42 - error TS2339: Property 'init' does not exist on type 'G3DHolographicImaging'.

156             await this.holographicSystem.init();
                                             ~~~~

ai-platforms/medsight-pro/src/g3d-medical-xr/index.ts:160:44 - error TS2339: Property 'init' does not exist on type 'G3DCollaborativeReview'.

160             await this.collaborativeSystem.init();
                                               ~~~~

ai-platforms/medsight-pro/src/g3d-medical-xr/index.ts:164:38 - error TS2339: Property 'init' does not exist on type 'G3DMedicalHaptics'.

164             await this.hapticsSystem.init();
                                         ~~~~

ai-platforms/medsight-pro/src/g3d-medical-xr/index.ts:202:27 - error TS2339: Property 'cleanup' does not exist on type 'G3DMedicalVR'.

202             this.vrSystem.cleanup();
                              ~~~~~~~

ai-platforms/medsight-pro/src/g3d-medical-xr/index.ts:207:27 - error TS2339: Property 'cleanup' does not exist on type 'G3DMedicalAR'.

207             this.arSystem.cleanup();
                              ~~~~~~~

ai-platforms/medsight-pro/src/g3d-medical-xr/index.ts:212:36 - error TS2339: Property 'cleanup' does not exist on type 'G3DHolographicImaging'.

212             this.holographicSystem.cleanup();
                                       ~~~~~~~

ai-platforms/medsight-pro/src/g3d-medical-xr/index.ts:217:38 - error TS2339: Property 'cleanup' does not exist on type 'G3DCollaborativeReview'.

217             this.collaborativeSystem.cleanup();
                                         ~~~~~~~

ai-platforms/medsight-pro/src/g3d-medical-xr/index.ts:222:32 - error TS2339: Property 'cleanup' does not exist on type 'G3DMedicalHaptics'.

222             this.hapticsSystem.cleanup();
                                   ~~~~~~~

ai-platforms/medsight-pro/src/g3d-medical/G3DClinicalWorkflow.ts:571:43 - error TS2339: Property 'modality' does not exist on type 'object'.

571                 return trigger.conditions.modality === modality &&
                                              ~~~~~~~~

ai-platforms/medsight-pro/src/g3d-medical/G3DClinicalWorkflow.ts:572:40 - error TS2339: Property 'bodyPart' does not exist on type 'object'.

572                     trigger.conditions.bodyPart?.toLowerCase() === bodyPart?.toLowerCase();
                                           ~~~~~~~~

ai-platforms/medsight-pro/src/g3d-medical/G3DClinicalWorkflow.ts:743:51 - error TS2341: Property 'parsedStudies' is private and only accessible within class 'G3DDICOMProcessor'.

743             studiesProcessed: this.dicomProcessor.parsedStudies.size,
                                                      ~~~~~~~~~~~~~

ai-platforms/medsight-pro/src/g3d-medical/G3DDICOMProcessor.ts:282:50 - error TS2345: Argument of type '{ data: { result: string; id: any; }; }' is not assignable to parameter of type 'MessageEvent<any>'.
  Type '{ data: { result: string; id: any; }; }' is missing the following properties from type 'MessageEvent<any>': lastEventId, origin, ports, source, and 23 more.

282                         this.handleWorkerMessage({ data: { result: 'processed', id: data.id } });
                                                     ~~~~~~~~~~~~~~~~~~~~~~~~~~~~~~~~~~~~~~~~~~~~~~

ai-platforms/medsight-pro/src/g3d-medical/G3DMedicalRenderer.ts:524:51 - error TS2345: Argument of type '"custom" | "bone" | "grayscale" | "hot" | "cool"' is not assignable to parameter of type '"bone" | "grayscale" | "hot" | "cool"'.
  Type '"custom"' is not assignable to type '"bone" | "grayscale" | "hot" | "cool"'.

524             colors = this.generateMedicalColorMap(colorMap, resolution, windowLevel, windowWidth);
                                                      ~~~~~~~~

ai-platforms/medsight-pro/src/g3d-medical/index.ts:24:5 - error TS2614: Module '"./G3DMedicalRenderer"' has no exported member 'G3DMedicalScene'. Did you mean to use 'import G3DMedicalScene from "./G3DMedicalRenderer"' instead?

24     G3DMedicalScene,
       ~~~~~~~~~~~~~~~

ai-platforms/medsight-pro/src/g3d-medical/index.ts:25:5 - error TS2614: Module '"./G3DMedicalRenderer"' has no exported member 'G3DMedicalObject'. Did you mean to use 'import G3DMedicalObject from "./G3DMedicalRenderer"' instead?

25     G3DMedicalObject,
       ~~~~~~~~~~~~~~~~

ai-platforms/medsight-pro/src/g3d-medical/index.ts:26:5 - error TS2614: Module '"./G3DMedicalRenderer"' has no exported member 'G3DMedicalLighting'. Did you mean to use 'import G3DMedicalLighting from "./G3DMedicalRenderer"' instead?

26     G3DMedicalLighting,
       ~~~~~~~~~~~~~~~~~~

ai-platforms/medsight-pro/src/g3d-medical/index.ts:27:5 - error TS2614: Module '"./G3DMedicalRenderer"' has no exported member 'G3DMedicalCamera'. Did you mean to use 'import G3DMedicalCamera from "./G3DMedicalRenderer"' instead?

27     G3DMedicalCamera,
       ~~~~~~~~~~~~~~~~

ai-platforms/medsight-pro/src/g3d-medical/index.ts:28:5 - error TS2614: Module '"./G3DMedicalRenderer"' has no exported member 'G3DMedicalPerformanceMetrics'. Did you mean to use 'import G3DMedicalPerformanceMetrics from "./G3DMedicalRenderer"' instead?

28     G3DMedicalPerformanceMetrics
       ~~~~~~~~~~~~~~~~~~~~~~~~~~~~

ai-platforms/medsight-pro/src/g3d-medical/index.ts:35:5 - error TS2614: Module '"./G3DVolumeRenderer"' has no exported member 'G3DRayMarchingSettings'. Did you mean to use 'import G3DRayMarchingSettings from "./G3DVolumeRenderer"' instead?

35     G3DRayMarchingSettings,
       ~~~~~~~~~~~~~~~~~~~~~~

ai-platforms/medsight-pro/src/g3d-medical/index.ts:36:5 - error TS2614: Module '"./G3DVolumeRenderer"' has no exported member 'G3DVolumeClipping'. Did you mean to use 'import G3DVolumeClipping from "./G3DVolumeRenderer"' instead?

36     G3DVolumeClipping,
       ~~~~~~~~~~~~~~~~~

ai-platforms/medsight-pro/src/g3d-medical/index.ts:37:5 - error TS2614: Module '"./G3DVolumeRenderer"' has no exported member 'G3DIsosurface'. Did you mean to use 'import G3DIsosurface from "./G3DVolumeRenderer"' instead?

37     G3DIsosurface,
       ~~~~~~~~~~~~~

ai-platforms/medsight-pro/src/g3d-medical/index.ts:38:5 - error TS2614: Module '"./G3DVolumeRenderer"' has no exported member 'G3DVolumeMetrics'. Did you mean to use 'import G3DVolumeMetrics from "./G3DVolumeRenderer"' instead?

38     G3DVolumeMetrics
       ~~~~~~~~~~~~~~~~

ai-platforms/medsight-pro/src/g3d-medical/index.ts:195:59 - error TS2345: Argument of type 'WebGL2RenderingContext' is not assignable to parameter of type 'HTMLCanvasElement'.
  Type 'WebGL2RenderingContext' is missing the following properties from type 'HTMLCanvasElement': height, width, captureStream, getContext, and 311 more.

195             this.medicalRenderer = new G3DMedicalRenderer(this.gl, {
                                                              ~~~~~~~

ai-platforms/medsight-pro/src/g3d-medical/index.ts:205:40 - error TS2339: Property 'init' does not exist on type 'G3DMedicalRenderer'.

205             await this.medicalRenderer.init();
                                           ~~~~

ai-platforms/medsight-pro/src/g3d-medical/index.ts:210:21 - error TS2353: Object literal may only specify known properties, and 'enableGPUCompute' does not exist in type 'Partial<G3DVolumeRenderingConfig>'.

210                     enableGPUCompute: this.config.performance.enableGPUCompute,
                        ~~~~~~~~~~~~~~~~

ai-platforms/medsight-pro/src/g3d-medical/index.ts:217:43 - error TS2339: Property 'init' does not exist on type 'G3DVolumeRenderer'.

217                 await this.volumeRenderer.init();
                                              ~~~~

ai-platforms/medsight-pro/src/g3d-medical/index.ts:229:21 - error TS2322: Type '"diagnostic" | "educational" | "research" | "interventional"' is not assignable to type '"research" | "surgery" | "diagnosis" | "education"'.
  Type '"diagnostic"' is not assignable to type '"research" | "surgery" | "diagnosis" | "education"'. Did you mean '"diagnosis"'?

229                     clinicalContext: this.config.clinical.workflowType
                        ~~~~~~~~~~~~~~~

  ai-platforms/medsight-pro/src/g3d-medical/G3DAnatomyVisualization.ts:21:5
    21     clinicalContext: 'education' | 'diagnosis' | 'surgery' | 'research';
           ~~~~~~~~~~~~~~~
    The expected type comes from property 'clinicalContext' which is declared here on type 'Partial<G3DAnatomyConfig>'

ai-platforms/medsight-pro/src/g3d-medical/index.ts:231:49 - error TS2339: Property 'init' does not exist on type 'G3DAnatomyVisualization'.

231                 await this.anatomyVisualization.init();
                                                    ~~~~

ai-platforms/medsight-pro/src/g3d-medical/index.ts:307:41 - error TS2339: Property 'setRenderingMode' does not exist on type 'G3DVolumeRenderer'.

307                     this.volumeRenderer.setRenderingMode('volume');
                                            ~~~~~~~~~~~~~~~~

ai-platforms/medsight-pro/src/g3d-medical/index.ts:313:41 - error TS2339: Property 'setRenderingMode' does not exist on type 'G3DVolumeRenderer'.

313                     this.volumeRenderer.setRenderingMode('isosurface');
                                            ~~~~~~~~~~~~~~~~

ai-platforms/medsight-pro/src/g3d-medical/index.ts:336:33 - error TS2339: Property 'setWindowLevel' does not exist on type 'G3DVolumeRenderer'.

336             this.volumeRenderer.setWindowLevel(center, width);
                                    ~~~~~~~~~~~~~~

ai-platforms/medsight-pro/src/g3d-medical/index.ts:358:60 - error TS2551: Property 'hasVolumeData' does not exist on type 'G3DVolumeRenderer'. Did you mean 'loadVolumeData'?

358             if (this.volumeRenderer && this.volumeRenderer.hasVolumeData()) {
                                                               ~~~~~~~~~~~~~

  ai-platforms/medsight-pro/src/g3d-medical/G3DVolumeRenderer.ts:521:11
    521     async loadVolumeData(volumeData: G3DVolumeData): Promise<string> {
                  ~~~~~~~~~~~~~~
    'loadVolumeData' is declared here.

ai-platforms/medsight-pro/src/g3d-medical/index.ts:359:37 - error TS2554: Expected 2-3 arguments, but got 0.

359                 this.volumeRenderer.render();
                                        ~~~~~~

  ai-platforms/medsight-pro/src/g3d-medical/G3DVolumeRenderer.ts:764:9
    764         volumeId: string,
                ~~~~~~~~~~~~~~~~
    An argument for 'volumeId' was not provided.

ai-platforms/medsight-pro/src/g3d-medical/index.ts:381:34 - error TS2339: Property 'resize' does not exist on type 'G3DMedicalRenderer'.

381             this.medicalRenderer.resize(width, height);
                                     ~~~~~~

ai-platforms/medsight-pro/src/g3d-medical/index.ts:385:33 - error TS2339: Property 'resize' does not exist on type 'G3DVolumeRenderer'.

385             this.volumeRenderer.resize(width, height);
                                    ~~~~~~

ai-platforms/medsight-pro/src/g3d-medical/index.ts:394:52 - error TS2339: Property 'getMetrics' does not exist on type 'G3DMedicalRenderer'.

394             medicalRenderer: this.medicalRenderer?.getMetrics(),
                                                       ~~~~~~~~~~

ai-platforms/medsight-pro/src/g3d-medical/index.ts:395:50 - error TS2339: Property 'getMetrics' does not exist on type 'G3DVolumeRenderer'.

395             volumeRenderer: this.volumeRenderer?.getMetrics(),
                                                     ~~~~~~~~~~

ai-platforms/medsight-pro/src/g3d-medical/index.ts:411:34 - error TS2339: Property 'cleanup' does not exist on type 'G3DMedicalRenderer'.

411             this.medicalRenderer.cleanup();
                                     ~~~~~~~

ai-platforms/medsight-pro/src/g3d-medical/index.ts:415:33 - error TS2339: Property 'cleanup' does not exist on type 'G3DVolumeRenderer'.

415             this.volumeRenderer.cleanup();
                                    ~~~~~~~

ai-platforms/medsight-pro/src/g3d-medical/index.ts:419:34 - error TS2339: Property 'cleanup' does not exist on type 'G3DMedicalMaterialManager'.

419             this.materialManager.cleanup();
                                     ~~~~~~~

ai-platforms/medsight-pro/src/g3d-medical/index.ts:423:39 - error TS2339: Property 'cleanup' does not exist on type 'G3DAnatomyVisualization'.

423             this.anatomyVisualization.cleanup();
                                          ~~~~~~~

ai-platforms/medsight-pro/src/g3d-medical/index.ts:427:35 - error TS2339: Property 'cleanup' does not exist on type 'G3DClinicalWorkflowManager'.

427             this.clinicalWorkflow.cleanup();
                                      ~~~~~~~

ai-platforms/mesh3d/src/components/Mesh3DGenerationDashboard.tsx:7:35 - error TS2307: Cannot find module 'styled-components' or its corresponding type declarations.

7 import styled, { keyframes } from 'styled-components';
                                    ~~~~~~~~~~~~~~~~~~~

ai-platforms/mesh3d/src/components/Mesh3DGenerationDashboard.tsx:8:10 - error TS2440: Import declaration conflicts with local declaration of 'GlassCard'.

8 import { GlassCard, GlassButton } from '@shared/ui/components';
           ~~~~~~~~~

ai-platforms/mesh3d/src/components/Mesh3DGenerationDashboard.tsx:8:21 - error TS2440: Import declaration conflicts with local declaration of 'GlassButton'.

8 import { GlassCard, GlassButton } from '@shared/ui/components';
                      ~~~~~~~~~~~

ai-platforms/metaverseai/src/components/MetaverseAIDashboard.tsx:2:10 - error TS2440: Import declaration conflicts with local declaration of 'GlassCard'.

2 import { GlassCard } from '@shared/ui/components';
           ~~~~~~~~~

ai-platforms/neuroai/src/components/NeuroAIDashboard.tsx:2:10 - error TS2440: Import declaration conflicts with local declaration of 'GlassCard'.

2 import { GlassCard } from '@shared/ui/components';
           ~~~~~~~~~

ai-platforms/quantumai/src/components/QuantumAIDashboard.tsx:2:10 - error TS2440: Import declaration conflicts with local declaration of 'GlassCard'.

2 import { GlassCard } from '@shared/ui/components';
           ~~~~~~~~~

ai-platforms/renderai/src/services/ThreeDGenerationEngine.ts:8:8 - error TS2307: Cannot find module '@/types/render.types' or its corresponding type declarations.

8 } from '@/types/render.types';
         ~~~~~~~~~~~~~~~~~~~~~~

ai-platforms/retailai/src/components/RetailAIDashboard.tsx:2:128 - error TS2307: Cannot find module 'recharts' or its corresponding type declarations.

2 import { LineChart, Line, BarChart, Bar, PieChart, Pie, Cell, XAxis, YAxis, CartesianGrid, Tooltip, ResponsiveContainer } from 'recharts';
                                                                                                                                 ~~~~~~~~~~

ai-platforms/retailai/src/components/RetailAIDashboard.tsx:3:10 - error TS2440: Import declaration conflicts with local declaration of 'GlassCard'.

3 import { GlassCard } from '@shared/ui/components';
           ~~~~~~~~~

ai-platforms/spaceai/src/components/SpaceAIDashboard.tsx:2:10 - error TS2440: Import declaration conflicts with local declaration of 'GlassCard'.

2 import { GlassCard } from '@shared/ui/components';
           ~~~~~~~~~

backend/api-gateway/src/server.ts:270:19 - error TS2769: No overload matches this call.
  Overload 1 of 8, '(path: string, options: RedisOptions): Redis', gave the following error.
    Object literal may only specify known properties, and 'retryDelayOnFailover' does not exist in type 'RedisOptions'.
  Overload 2 of 8, '(port: number, options: RedisOptions): Redis', gave the following error.
    Argument of type 'string' is not assignable to parameter of type 'number'.
  Overload 3 of 8, '(port: number, host: string): Redis', gave the following error.
    Argument of type 'string' is not assignable to parameter of type 'number'.

270 const redis = new Redis(config.redisUrl, {
                      ~~~~~


backend/api-gateway/src/server.ts:579:30 - error TS2345: Argument of type '(req: AuthenticatedRequest, res: Response, next: NextFunction) => Promise<express.Response<any, Record<string, any>>>' is not assignable to parameter of type 'RateLimitRequestHandler'.
  Type '(req: AuthenticatedRequest, res: Response, next: NextFunction) => Promise<express.Response<any, Record<string, any>>>' is not assignable to type '{ resetKey: (key: string) => void; getKey: (key: string) => ClientRateLimitInfo | Promise<ClientRateLimitInfo>; }'.

579         middlewareChain.push(authenticateToken);
                                 ~~~~~~~~~~~~~~~~~

backend/api-gateway/src/server.ts:580:30 - error TS2345: Argument of type '(req: AuthenticatedRequest, res: Response, next: NextFunction) => express.Response<any, Record<string, any>>' is not assignable to parameter of type 'RateLimitRequestHandler'.
  Type '(req: AuthenticatedRequest, res: Response, next: NextFunction) => express.Response<any, Record<string, any>>' is not assignable to type '{ resetKey: (key: string) => void; getKey: (key: string) => ClientRateLimitInfo | Promise<ClientRateLimitInfo>; }'.

580         middlewareChain.push(authorizeAccess(service.auth.roles, service.auth.scopes));
                                 ~~~~~~~~~~~~~~~~~~~~~~~~~~~~~~~~~~~~~~~~~~~~~~~~~~~~~~~~

backend/api-gateway/src/server.ts:583:26 - error TS2345: Argument of type 'RequestHandler' is not assignable to parameter of type 'RateLimitRequestHandler'.
  Type 'RequestHandler' is missing the following properties from type '{ resetKey: (key: string) => void; getKey: (key: string) => ClientRateLimitInfo | Promise<ClientRateLimitInfo>; }': resetKey, getKey

583     middlewareChain.push(createProxyMiddleware(proxyOptions));
                             ~~~~~~~~~~~~~~~~~~~~~~~~~~~~~~~~~~~

backend/api-gateway/src/server.ts:618:17 - error TS2769: No overload matches this call.
  Overload 1 of 2, '(input: string | URL | Request, init?: RequestInit): Promise<Response>', gave the following error.
    Object literal may only specify known properties, and 'timeout' does not exist in type 'RequestInit'.
  Overload 2 of 2, '(input: URL | RequestInfo, init?: RequestInit): Promise<Response>', gave the following error.
    Object literal may only specify known properties, and 'timeout' does not exist in type 'RequestInit'.

618                 timeout: 5000
                    ~~~~~~~


backend/auth-service/src/controllers/AuthController.ts:7:34 - error TS2307: Cannot find module 'express-validator' or its corresponding type declarations.

7 import { validationResult } from 'express-validator';
                                   ~~~~~~~~~~~~~~~~~~~

backend/auth-service/src/controllers/AuthController.ts:9:23 - error TS2307: Cannot find module 'speakeasy' or its corresponding type declarations.

9 import speakeasy from 'speakeasy';
                        ~~~~~~~~~~~

backend/auth-service/src/controllers/AuthController.ts:10:20 - error TS2307: Cannot find module 'qrcode' or its corresponding type declarations.

10 import QRCode from 'qrcode';
                      ~~~~~~~~

backend/auth-service/src/controllers/AuthController.ts:13:20 - error TS2307: Cannot find module 'bcryptjs' or its corresponding type declarations.

13 import bcrypt from 'bcryptjs';
                      ~~~~~~~~~~

backend/auth-service/src/controllers/AuthController.ts:14:16 - error TS2305: Module '"../models/User"' has no exported member 'Organization'.

14 import { User, Organization } from '../models/User';
                  ~~~~~~~~~~~~

backend/auth-service/src/controllers/AuthController.ts:15:30 - error TS2307: Cannot find module '../services/EmailService' or its corresponding type declarations.

15 import { EmailService } from '../services/EmailService';
                                ~~~~~~~~~~~~~~~~~~~~~~~~~~

backend/auth-service/src/controllers/AuthController.ts:16:29 - error TS2307: Cannot find module '../services/AuditLogger' or its corresponding type declarations.

16 import { AuditLogger } from '../services/AuditLogger';
                               ~~~~~~~~~~~~~~~~~~~~~~~~~

backend/auth-service/src/controllers/AuthController.ts:17:33 - error TS2307: Cannot find module '../services/SecurityService' or its corresponding type declarations.

17 import { SecurityService } from '../services/SecurityService';
                                   ~~~~~~~~~~~~~~~~~~~~~~~~~~~~~

backend/auth-service/src/models/User.ts:1:44 - error TS2307: Cannot find module 'mongoose' or its corresponding type declarations.

1 import mongoose, { Schema, Document } from 'mongoose';
                                             ~~~~~~~~~~

backend/auth-service/src/models/User.ts:2:20 - error TS2307: Cannot find module 'bcryptjs' or its corresponding type declarations.

2 import bcrypt from 'bcryptjs';
                     ~~~~~~~~~~

backend/auth-service/src/models/User.ts:351:16 - error TS2769: No overload matches this call.
  Overload 1 of 5, '(payload: string | object | Buffer<ArrayBufferLike>, secretOrPrivateKey: null, options?: SignOptions & { algorithm: "none"; }): string', gave the following error.
    Argument of type 'string' is not assignable to parameter of type 'null'.
  Overload 2 of 5, '(payload: string | object | Buffer<ArrayBufferLike>, secretOrPrivateKey: Buffer<ArrayBufferLike> | Secret | JsonWebKeyInput | PrivateKeyInput, options?: SignOptions): string', gave the following error.
    Type 'string' is not assignable to type 'number | StringValue'.
  Overload 3 of 5, '(payload: string | object | Buffer<ArrayBufferLike>, secretOrPrivateKey: Buffer<ArrayBufferLike> | Secret | JsonWebKeyInput | PrivateKeyInput, callback: SignCallback): void', gave the following error.
    Object literal may only specify known properties, and 'expiresIn' does not exist in type 'SignCallback'.

351     return jwt.sign(
                   ~~~~

  node_modules/@types/jsonwebtoken/index.d.ts:43:5
    43     expiresIn?: StringValue | number;
           ~~~~~~~~~
    The expected type comes from property 'expiresIn' which is declared here on type 'SignOptions'

backend/billing-service/src/services/StripeService.ts:1:20 - error TS2307: Cannot find module 'stripe' or its corresponding type declarations.

1 import Stripe from 'stripe';
                     ~~~~~~~~

backend/billing-service/src/services/StripeService.ts:2:29 - error TS2307: Cannot find module '../../auth-service/src/models/User' or its corresponding type declarations.

2 import { User, IUser } from '../../auth-service/src/models/User';
                              ~~~~~~~~~~~~~~~~~~~~~~~~~~~~~~~~~~~~

backend/database/src/models/User.ts:6:48 - error TS2307: Cannot find module 'mongoose' or its corresponding type declarations.

6 import { Schema, model, Document, Types } from 'mongoose';
                                                 ~~~~~~~~~~

backend/database/src/models/User.ts:7:20 - error TS2307: Cannot find module 'bcryptjs' or its corresponding type declarations.

7 import bcrypt from 'bcryptjs';
                     ~~~~~~~~~~

shared/admin/src/components/AdminDashboard.tsx:5:8 - error TS2307: Cannot find module 'recharts' or its corresponding type declarations.

5 } from 'recharts';
         ~~~~~~~~~~

shared/api-gateway/src/gateway.ts:13:29 - error TS2307: Cannot find module '../auth/src/services/AuthService' or its corresponding type declarations.

13 import { AuthService } from '../auth/src/services/AuthService';
                               ~~~~~~~~~~~~~~~~~~~~~~~~~~~~~~~~~~

shared/api-gateway/src/gateway.ts:370:25 - error TS2339: Property 'user' does not exist on type 'Request'.

370                 if (req.user) {
                            ~~~~

shared/api-gateway/src/gateway.ts:371:57 - error TS2339: Property 'user' does not exist on type 'Request'.

371                     proxyReq.setHeader('X-User-ID', req.user.id);
                                                            ~~~~

shared/api-gateway/src/gateway.ts:372:59 - error TS2339: Property 'user' does not exist on type 'Request'.

372                     proxyReq.setHeader('X-User-Role', req.user.role);
                                                              ~~~~

shared/api-gateway/src/gateway.ts:373:65 - error TS2339: Property 'user' does not exist on type 'Request'.

373                     proxyReq.setHeader('X-Organization-ID', req.user.organizationId || '');
                                                                    ~~~~

shared/api-gateway/src/gateway.ts:460:21 - error TS2339: Property 'user' does not exist on type 'Request<ParamsDictionary, any, any, ParsedQs, Record<string, any>>'.

460                 req.user = decoded;
                        ~~~~

shared/api-gateway/src/gateway.ts:589:46 - error TS2339: Property 'startTime' does not exist on type 'Request<ParamsDictionary, any, any, ParsedQs, Record<string, any>>'.

589             const latency = Date.now() - req.startTime;
                                                 ~~~~~~~~~

shared/api-gateway/src/gateway.ts:611:25 - error TS2769: No overload matches this call.
  Overload 1 of 2, '(input: string | URL | Request, init?: RequestInit): Promise<Response>', gave the following error.
    Object literal may only specify known properties, and 'timeout' does not exist in type 'RequestInit'.
  Overload 2 of 2, '(input: URL | RequestInfo, init?: RequestInit): Promise<Response>', gave the following error.
    Object literal may only specify known properties, and 'timeout' does not exist in type 'RequestInit'.

611                         timeout: 5000
                            ~~~~~~~


shared/api-gateway/src/gateway.ts:635:28 - error TS2339: Property 'id' does not exist on type 'Request<ParamsDictionary, any, any, ParsedQs, Record<string, any>>'.

635             requestId: req.id || 'unknown'
                               ~~

shared/ui/src/components/GlassCard.tsx:7:40 - error TS2307: Cannot find module 'styled-components' or its corresponding type declarations.

7 import styled, { css, keyframes } from 'styled-components';
                                         ~~~~~~~~~~~~~~~~~~~

shared/ui/src/components/GlassCard.tsx:64:16 - error TS2448: Block-scoped variable 'baseGlassmorphismTheme' used before its declaration.

64             ...baseGlassmorphismTheme.colors,
                  ~~~~~~~~~~~~~~~~~~~~~~

  shared/ui/src/components/GlassCard.tsx:122:14
    122 export const baseGlassmorphismTheme: GlassmorphismTheme = {
                     ~~~~~~~~~~~~~~~~~~~~~~
    'baseGlassmorphismTheme' is declared here.

shared/ui/src/components/GlassCard.tsx:78:16 - error TS2448: Block-scoped variable 'baseGlassmorphismTheme' used before its declaration.

78             ...baseGlassmorphismTheme.colors,
                  ~~~~~~~~~~~~~~~~~~~~~~

  shared/ui/src/components/GlassCard.tsx:122:14
    122 export const baseGlassmorphismTheme: GlassmorphismTheme = {
                     ~~~~~~~~~~~~~~~~~~~~~~
    'baseGlassmorphismTheme' is declared here.

shared/ui/src/components/GlassCard.tsx:92:16 - error TS2448: Block-scoped variable 'baseGlassmorphismTheme' used before its declaration.

92             ...baseGlassmorphismTheme.colors,
                  ~~~~~~~~~~~~~~~~~~~~~~

  shared/ui/src/components/GlassCard.tsx:122:14
    122 export const baseGlassmorphismTheme: GlassmorphismTheme = {
                     ~~~~~~~~~~~~~~~~~~~~~~
    'baseGlassmorphismTheme' is declared here.

shared/ui/src/components/GlassCard.tsx:106:16 - error TS2448: Block-scoped variable 'baseGlassmorphismTheme' used before its declaration.

106             ...baseGlassmorphismTheme.colors,
                   ~~~~~~~~~~~~~~~~~~~~~~

  shared/ui/src/components/GlassCard.tsx:122:14
    122 export const baseGlassmorphismTheme: GlassmorphismTheme = {
                     ~~~~~~~~~~~~~~~~~~~~~~
    'baseGlassmorphismTheme' is declared here.

shared/ui/src/components/index.tsx:7:20 - error TS2307: Cannot find module 'styled-components' or its corresponding type declarations.

7 import styled from 'styled-components';
                     ~~~~~~~~~~~~~~~~~~~

shared/ui/src/components/index.tsx:10:14 - error TS2323: Cannot redeclare exported variable 'baseGlassmorphismTheme'.

10 export const baseGlassmorphismTheme = {
                ~~~~~~~~~~~~~~~~~~~~~~

shared/ui/src/components/index.tsx:38:14 - error TS2323: Cannot redeclare exported variable 'serviceThemeOverrides'.

38 export const serviceThemeOverrides = {
                ~~~~~~~~~~~~~~~~~~~~~

shared/ui/src/components/index.tsx:95:14 - error TS2323: Cannot redeclare exported variable 'GlassCard'.

95 export const GlassCard: React.FC<GlassCardProps> = ({ children, className, onClick }) => (
                ~~~~~~~~~

shared/ui/src/components/index.tsx:135:14 - error TS2323: Cannot redeclare exported variable 'GlassButton'.

135 export const GlassButton: React.FC<GlassButtonProps> = ({
                 ~~~~~~~~~~~

shared/ui/src/components/index.tsx:191:14 - error TS2323: Cannot redeclare exported variable 'GlassInput'.

191 export const GlassInput: React.FC<GlassInputProps> = ({
                 ~~~~~~~~~~

shared/ui/src/components/index.tsx:272:14 - error TS2323: Cannot redeclare exported variable 'GlassModal'.

272 export const GlassModal: React.FC<GlassModalProps> = ({
                 ~~~~~~~~~~

shared/ui/src/components/index.tsx:293:5 - error TS2323: Cannot redeclare exported variable 'baseGlassmorphismTheme'.

293     baseGlassmorphismTheme,
        ~~~~~~~~~~~~~~~~~~~~~~

shared/ui/src/components/index.tsx:293:5 - error TS2484: Export declaration conflicts with exported declaration of 'baseGlassmorphismTheme'.

293     baseGlassmorphismTheme,
        ~~~~~~~~~~~~~~~~~~~~~~

shared/ui/src/components/index.tsx:294:5 - error TS2323: Cannot redeclare exported variable 'serviceThemeOverrides'.

294     serviceThemeOverrides,
        ~~~~~~~~~~~~~~~~~~~~~

shared/ui/src/components/index.tsx:294:5 - error TS2484: Export declaration conflicts with exported declaration of 'serviceThemeOverrides'.

294     serviceThemeOverrides,
        ~~~~~~~~~~~~~~~~~~~~~

shared/ui/src/components/index.tsx:295:5 - error TS2323: Cannot redeclare exported variable 'GlassCard'.

295     GlassCard,
        ~~~~~~~~~

shared/ui/src/components/index.tsx:295:5 - error TS2484: Export declaration conflicts with exported declaration of 'GlassCard'.

295     GlassCard,
        ~~~~~~~~~

shared/ui/src/components/index.tsx:296:5 - error TS2323: Cannot redeclare exported variable 'GlassButton'.

296     GlassButton,
        ~~~~~~~~~~~

shared/ui/src/components/index.tsx:296:5 - error TS2484: Export declaration conflicts with exported declaration of 'GlassButton'.

296     GlassButton,
        ~~~~~~~~~~~

shared/ui/src/components/index.tsx:297:5 - error TS2323: Cannot redeclare exported variable 'GlassInput'.

297     GlassInput,
        ~~~~~~~~~~

shared/ui/src/components/index.tsx:297:5 - error TS2484: Export declaration conflicts with exported declaration of 'GlassInput'.

297     GlassInput,
        ~~~~~~~~~~

shared/ui/src/components/index.tsx:298:5 - error TS2323: Cannot redeclare exported variable 'GlassModal'.

298     GlassModal
        ~~~~~~~~~~

shared/ui/src/components/index.tsx:298:5 - error TS2484: Export declaration conflicts with exported declaration of 'GlassModal'.

298     GlassModal
        ~~~~~~~~~~


Found 1258 errors in 123 files.

Errors  Files
    62  ai-platforms/annotateai/src/components/annotation/G3D3DObjectAnnotation.tsx:414
    53  ai-platforms/annotateai/src/g3d-ai/G3DNeuralNetworkViz.ts:149
    50  ai-platforms/annotateai/src/components/annotation/G3DBoundingBoxTool.tsx:173
    45  ai-platforms/annotateai/src/components/annotation/G3DMedicalImaging.tsx:342
    41  ai-platforms/annotateai/src/components/annotation/G3DKeypointTool.tsx:311
    41  ai-platforms/annotateai/src/components/annotation/G3DPolygonTool.tsx:190
    40  ai-platforms/annotateai/src/g3d-ai/G3DAIAssistedCoding.ts:170
    36  ai-platforms/annotateai/src/components/ui/index.ts:10
    36  ai-platforms/annotateai/src/g3d-ai/G3DPredictiveOptimization.ts:204
    30  ai-platforms/annotateai/src/ai/synthetic/G3DDiffusionGenerator.ts:122
    29  ai-platforms/annotateai/src/components/annotation/G3DPointCloudAnnotation.tsx:313
    29  ai-platforms/annotateai/src/components/annotation/G3DSemanticSegmentation.tsx:192
    29  ai-platforms/medsight-pro/src/g3d-enterprise/index.ts:109
    29  ai-platforms/medsight-pro/src/g3d-medical/index.ts:24
    27  ai-platforms/annotateai/src/ai/synthetic/G3DPhysicsSimulator.ts:155
    25  ai-platforms/annotateai/src/components/annotation/G3DCollaborativeEditor.tsx:287
    25  ai-platforms/medsight-pro/src/g3d-medical-integration/G3DMedicalOrchestrator.ts:245
    24  ai-platforms/annotateai/src/workbench/AnnotationWorkbench.tsx:17
    22  ai-platforms/annotateai/src/components/annotation/G3DVideoTracking.tsx:196
    19  shared/ui/src/components/index.tsx:7
    18  ai-platforms/annotateai/src/components/annotation/G3DQualityControl.tsx:280
    15  ai-platforms/annotateai/src/ai/synthetic/G3DGANGenerator.ts:100
    15  ai-platforms/annotateai/src/ai/synthetic/G3DParticleDataGen.ts:86
    15  ai-platforms/annotateai/src/components/ai-models/G3DObjectDetectionModel.tsx:386
    15  ai-platforms/annotateai/src/g3d-3d/G3DXRAnnotation.ts:296
    13  ai-platforms/annotateai/src/components/ai-models/G3DAnomalyDetection.tsx:241
    12  ai-platforms/annotateai/src/components/ai-models/G3DFaceRecognition.tsx:353
    12  ai-platforms/annotateai/src/components/enterprise/G3DCollaborationEngine.tsx:218
    12  ai-platforms/annotateai/src/g3d-integration/G3DCameraController.ts:339
    11  ai-platforms/annotateai/src/ai/synthetic/G3DPrivacyPreservation.ts:145
    11  ai-platforms/annotateai/src/components/ai-models/G3DPointCloudAI.tsx:252
    11  ai-platforms/annotateai/src/g3d-integration/G3DLightingSystem.ts:512
    10  ai-platforms/annotateai/src/ai/synthetic/G3DDomainAdaptation.ts:114
    10  ai-platforms/annotateai/src/components/ai-models/G3DTimeSeriesAnalysis.tsx:310
    10  ai-platforms/medsight-pro/src/g3d-enterprise/G3DEnterpriseManagement.ts:702
    10  ai-platforms/medsight-pro/src/g3d-medical-integration/G3DMedicalDataPipeline.ts:215
    10  ai-platforms/medsight-pro/src/g3d-medical-integration/index.ts:279
    10  ai-platforms/medsight-pro/src/g3d-medical-production/G3DMedicalEnterprise.ts:623
    10  ai-platforms/medsight-pro/src/g3d-medical-xr/index.ts:148
     9  ai-platforms/annotateai/src/collaboration/G3DXRCollaboration.tsx:125
     9  ai-platforms/annotateai/src/components/synthetic/G3DGANGenerator.ts:495
     9  ai-platforms/annotateai/src/enterprise/G3DAPIGateway.ts:478
     9  shared/api-gateway/src/gateway.ts:13
     8  ai-platforms/annotateai/src/ai/synthetic/G3DQualityMetrics.ts:75
     8  ai-platforms/annotateai/src/components/ai-models/G3DTextDetection.tsx:280
     8  ai-platforms/annotateai/src/enterprise/G3DAuditSystem.ts:366
     8  ai-platforms/annotateai/src/g3d-integration/ThreeJSMigrationLayer.ts:266
     8  ai-platforms/annotateai/src/g3d-performance/G3DMemoryManager.ts:345
     8  ai-platforms/medsight-pro/src/g3d-medical-integration/G3DMedicalAnalytics.ts:326
     8  ai-platforms/medsight-pro/src/g3d-medical-integration/G3DMedicalAPI.ts:183
     8  ai-platforms/medsight-pro/src/g3d-medical-integration/G3DMedicalDeployment.ts:281
     8  ai-platforms/medsight-pro/src/g3d-medical-xr/G3DMedicalHaptics.ts:256
     8  backend/auth-service/src/controllers/AuthController.ts:7
     7  ai-platforms/annotateai/src/components/ai-models/G3DClassificationModel.tsx:250
     7  ai-platforms/annotateai/src/components/ai-models/G3DInstanceSegmentation.tsx:234
     6  ai-platforms/annotateai/src/components/ai-models/G3DKeypointDetectionModel.tsx:309
     6  ai-platforms/annotateai/src/components/ai-models/G3DPoseEstimation.tsx:360
     6  ai-platforms/annotateai/src/enterprise/G3DWorkflowEngine.ts:408
     6  ai-platforms/annotateai/src/pages/index.tsx:32
     6  ai-platforms/medsight-pro/src/g3d-medical-xr/G3DCollaborativeReview.ts:214
     6  ai-platforms/medsight-pro/src/g3d-medical-xr/G3DHolographicImaging.ts:133
     6  ai-platforms/medsight-pro/src/g3d-medical-xr/G3DMedicalVR.ts:228
     5  ai-platforms/annotateai/src/ai/synthetic/G3DBiasDetection.ts:141
     5  ai-platforms/annotateai/src/annotation/ImageAnnotationEngine.ts:202
     5  ai-platforms/annotateai/src/components/ai-models/G3DImageClassificationModel.tsx:162
     5  ai-platforms/annotateai/src/components/ai/annotation/G3DObjectDetectionModel.ts:415
     5  ai-platforms/annotateai/src/enterprise/G3DCloudIntegration.ts:656
     5  ai-platforms/annotateai/src/enterprise/G3DEnterpriseSSO.ts:264
     5  ai-platforms/annotateai/src/g3d-3d/G3DPhysicsIntegration.ts:160
     5  ai-platforms/annotateai/src/g3d-performance/G3DCacheSystem.ts:576
     5  ai-platforms/medsight-pro/src/g3d-3d/G3DParticleSystem.ts:818
     5  ai-platforms/medsight-pro/src/g3d-3d/G3DPhysicsIntegration.ts:816
     5  backend/api-gateway/src/server.ts:270
     5  shared/ui/src/components/GlassCard.tsx:7
     4  ai-platforms/annotateai/src/components/ai-models/G3DOpticalFlow.tsx:322
     4  ai-platforms/annotateai/src/components/synthetic-data/G3DDiffusionGenerator.tsx:228
     4  ai-platforms/annotateai/src/g3d-3d/G3DPhysicsEngine.ts:340
     4  ai-platforms/annotateai/src/g3d-3d/G3DSceneGraph.ts:282
     4  ai-platforms/annotateai/src/g3d-3d/G3DSplineSystem.ts:82
     4  ai-platforms/annotateai/src/g3d-ai/G3DComputeShaders.ts:216
     4  ai-platforms/annotateai/src/g3d-performance/G3DLoadBalancer.ts:324
     4  ai-platforms/medsight-pro/src/g3d-medical-xr/G3DMedicalAR.ts:282
     3  ai-platforms/annotateai/src/components/ai-models/G3DVideoTrackingModel.tsx:170
     3  ai-platforms/annotateai/src/components/synthetic-data/G3DGANGenerator.tsx:209
     3  ai-platforms/annotateai/src/components/ui/Button.tsx:2
     3  ai-platforms/annotateai/src/g3d-ai/G3DActiveLearning.ts:200
     3  ai-platforms/annotateai/src/g3d-integration/G3DSceneManager.ts:562
     3  ai-platforms/medsight-pro/src/g3d-ai/G3DAIInferenceEngine.ts:633
     3  ai-platforms/medsight-pro/src/g3d-medical/G3DClinicalWorkflow.ts:571
     3  ai-platforms/mesh3d/src/components/Mesh3DGenerationDashboard.tsx:7
     3  backend/auth-service/src/models/User.ts:1
     2  ai-platforms/annotateai/src/annotation/VideoAnnotationEngine.ts:199
     2  ai-platforms/annotateai/src/components/collaboration/G3DCollaborationEngine.ts:662
     2  ai-platforms/annotateai/src/enterprise/G3DEnterpriseAnalytics.ts:766
     2  ai-platforms/annotateai/src/g3d-3d/G3DCollisionDetection.ts:241
     2  ai-platforms/annotateai/src/g3d-3d/G3DTextureManager.ts:138
     2  ai-platforms/annotateai/src/g3d-3d/G3DVolumeRenderer.ts:525
     2  ai-platforms/annotateai/src/g3d-ai/G3DModelEnsemble.ts:482
     2  ai-platforms/annotateai/src/g3d-integration/G3DNativeRenderer.ts:156
     2  ai-platforms/annotateai/src/lib/utils.ts:1
     2  ai-platforms/medsight-pro/src/g3d-3d/G3DSceneGraph.ts:741
     2  ai-platforms/retailai/src/components/RetailAIDashboard.tsx:2
     2  backend/billing-service/src/services/StripeService.ts:1
     2  backend/database/src/models/User.ts:6
     1  ai-platforms/annotateai/src/components/ui/Modal.tsx:3
     1  ai-platforms/annotateai/src/enterprise/G3DComplianceManager.ts:372
     1  ai-platforms/annotateai/src/g3d-3d/G3DLightingSystem.ts:163
     1  ai-platforms/annotateai/src/g3d-3d/G3DParticleSystem.ts:982
     1  ai-platforms/annotateai/src/g3d-ai/G3DAIWorkflowEngine.ts:672
     1  ai-platforms/annotateai/src/g3d-performance/G3DGPUCompute.ts:418
     1  ai-platforms/annotateai/src/g3d-performance/G3DProfiler.ts:857
     1  ai-platforms/annotateai/src/g3d-performance/G3DRenderPipeline.ts:275
     1  ai-platforms/bioai/src/components/BioAIDashboard.tsx:2
     1  ai-platforms/climateai/src/components/ClimateAIDashboard.tsx:2
     1  ai-platforms/medsight-pro/src/g3d-ai/G3DComputerVision.ts:548
     1  ai-platforms/medsight-pro/src/g3d-medical/G3DDICOMProcessor.ts:282
     1  ai-platforms/medsight-pro/src/g3d-medical/G3DMedicalRenderer.ts:524
     1  ai-platforms/metaverseai/src/components/MetaverseAIDashboard.tsx:2
     1  ai-platforms/neuroai/src/components/NeuroAIDashboard.tsx:2
     1  ai-platforms/quantumai/src/components/QuantumAIDashboard.tsx:2
     1  ai-platforms/renderai/src/services/ThreeDGenerationEngine.ts:8
     1  ai-platforms/spaceai/src/components/SpaceAIDashboard.tsx:2
     1  shared/admin/src/components/AdminDashboard.tsx:5